Copyright 1986-2022 Xilinx, Inc. All Rights Reserved. Copyright 2022-2024 Advanced Micro Devices, Inc. All Rights Reserved.
---------------------------------------------------------------------------------------------------------------------------------------------
| Tool Version : Vivado v.2024.1 (lin64) Build 5076996 Wed May 22 18:36:09 MDT 2024
| Date         : Fri Feb 27 11:31:41 2026
| Host         : sc017 running 64-bit unknown
| Command      : report_timing -max_paths 10 -file ./report/matrix_mult_timing_paths_synth.rpt
| Design       : bd_0_wrapper
| Device       : 7z020-clg400
| Speed File   : -1  PRODUCTION 1.12 2019-11-22
| Design State : Synthesized
---------------------------------------------------------------------------------------------------------------------------------------------

Timing Report

Slack (MET) :             3.406ns  (required time - arrival time)
  Source:                 bd_0_i/hls_inst/inst/mul_8ns_8ns_16_1_1_U2/tmp_product/CLK
                            (rising edge-triggered cell DSP48E1 clocked by ap_clk  {rise@0.000ns fall@5.000ns period=10.000ns})
  Destination:            bd_0_i/hls_inst/inst/mac_muladd_8ns_8ns_16ns_17_4_1_U10/matrix_mult_mac_muladd_8ns_8ns_16ns_17_4_1_DSP48_0_U/p_reg_reg/C[0]
                            (rising edge-triggered cell DSP48E1 clocked by ap_clk  {rise@0.000ns fall@5.000ns period=10.000ns})
  Path Group:             ap_clk
  Path Type:              Setup (Max at Slow Process Corner)
  Requirement:            10.000ns  (ap_clk rise@10.000ns - ap_clk rise@0.000ns)
  Data Path Delay:        4.809ns  (logic 4.009ns (83.369%)  route 0.800ns (16.631%))
  Logic Levels:           0  
  Clock Path Skew:        -0.049ns (DCD - SCD + CPR)
    Destination Clock Delay (DCD):    0.924ns = ( 10.924 - 10.000 ) 
    Source Clock Delay      (SCD):    0.973ns
    Clock Pessimism Removal (CPR):    0.000ns
  Clock Uncertainty:      0.035ns  ((TSJ^2 + TIJ^2)^1/2 + DJ) / 2 + PE
    Total System Jitter     (TSJ):    0.071ns
    Total Input Jitter      (TIJ):    0.000ns
    Discrete Jitter          (DJ):    0.000ns
    Phase Error              (PE):    0.000ns

    Location             Delay type                Incr(ns)  Path(ns)    Netlist Resource(s)
  -------------------------------------------------------------------    -------------------
                         (clock ap_clk rise edge)     0.000     0.000 r  
                                                      0.000     0.000 r  ap_clk (IN)
                         net (fo=229, unset)          0.973     0.973    bd_0_i/hls_inst/inst/mul_8ns_8ns_16_1_1_U2/ap_clk
                         DSP48E1                                      r  bd_0_i/hls_inst/inst/mul_8ns_8ns_16_1_1_U2/tmp_product/CLK
  -------------------------------------------------------------------    -------------------
                         DSP48E1 (Prop_dsp48e1_CLK_P[0])
                                                      4.009     4.982 r  bd_0_i/hls_inst/inst/mul_8ns_8ns_16_1_1_U2/tmp_product/P[0]
                         net (fo=1, unplaced)         0.800     5.782    bd_0_i/hls_inst/inst/mac_muladd_8ns_8ns_16ns_17_4_1_U10/matrix_mult_mac_muladd_8ns_8ns_16ns_17_4_1_DSP48_0_U/P[0]
                         DSP48E1                                      r  bd_0_i/hls_inst/inst/mac_muladd_8ns_8ns_16ns_17_4_1_U10/matrix_mult_mac_muladd_8ns_8ns_16ns_17_4_1_DSP48_0_U/p_reg_reg/C[0]
  -------------------------------------------------------------------    -------------------

                         (clock ap_clk rise edge)    10.000    10.000 r  
                                                      0.000    10.000 r  ap_clk (IN)
                         net (fo=229, unset)          0.924    10.924    bd_0_i/hls_inst/inst/mac_muladd_8ns_8ns_16ns_17_4_1_U10/matrix_mult_mac_muladd_8ns_8ns_16ns_17_4_1_DSP48_0_U/ap_clk
                         DSP48E1                                      r  bd_0_i/hls_inst/inst/mac_muladd_8ns_8ns_16ns_17_4_1_U10/matrix_mult_mac_muladd_8ns_8ns_16ns_17_4_1_DSP48_0_U/p_reg_reg/CLK
                         clock pessimism              0.000    10.924    
                         clock uncertainty           -0.035    10.889    
                         DSP48E1 (Setup_dsp48e1_CLK_C[0])
                                                     -1.701     9.188    bd_0_i/hls_inst/inst/mac_muladd_8ns_8ns_16ns_17_4_1_U10/matrix_mult_mac_muladd_8ns_8ns_16ns_17_4_1_DSP48_0_U/p_reg_reg
  -------------------------------------------------------------------
                         required time                          9.188    
                         arrival time                          -5.782    
  -------------------------------------------------------------------
                         slack                                  3.406    

Slack (MET) :             3.406ns  (required time - arrival time)
  Source:                 bd_0_i/hls_inst/inst/mul_8ns_8ns_16_1_1_U2/tmp_product/CLK
                            (rising edge-triggered cell DSP48E1 clocked by ap_clk  {rise@0.000ns fall@5.000ns period=10.000ns})
  Destination:            bd_0_i/hls_inst/inst/mac_muladd_8ns_8ns_16ns_17_4_1_U10/matrix_mult_mac_muladd_8ns_8ns_16ns_17_4_1_DSP48_0_U/p_reg_reg/C[10]
                            (rising edge-triggered cell DSP48E1 clocked by ap_clk  {rise@0.000ns fall@5.000ns period=10.000ns})
  Path Group:             ap_clk
  Path Type:              Setup (Max at Slow Process Corner)
  Requirement:            10.000ns  (ap_clk rise@10.000ns - ap_clk rise@0.000ns)
  Data Path Delay:        4.809ns  (logic 4.009ns (83.369%)  route 0.800ns (16.631%))
  Logic Levels:           0  
  Clock Path Skew:        -0.049ns (DCD - SCD + CPR)
    Destination Clock Delay (DCD):    0.924ns = ( 10.924 - 10.000 ) 
    Source Clock Delay      (SCD):    0.973ns
    Clock Pessimism Removal (CPR):    0.000ns
  Clock Uncertainty:      0.035ns  ((TSJ^2 + TIJ^2)^1/2 + DJ) / 2 + PE
    Total System Jitter     (TSJ):    0.071ns
    Total Input Jitter      (TIJ):    0.000ns
    Discrete Jitter          (DJ):    0.000ns
    Phase Error              (PE):    0.000ns

    Location             Delay type                Incr(ns)  Path(ns)    Netlist Resource(s)
  -------------------------------------------------------------------    -------------------
                         (clock ap_clk rise edge)     0.000     0.000 r  
                                                      0.000     0.000 r  ap_clk (IN)
                         net (fo=229, unset)          0.973     0.973    bd_0_i/hls_inst/inst/mul_8ns_8ns_16_1_1_U2/ap_clk
                         DSP48E1                                      r  bd_0_i/hls_inst/inst/mul_8ns_8ns_16_1_1_U2/tmp_product/CLK
  -------------------------------------------------------------------    -------------------
                         DSP48E1 (Prop_dsp48e1_CLK_P[10])
                                                      4.009     4.982 r  bd_0_i/hls_inst/inst/mul_8ns_8ns_16_1_1_U2/tmp_product/P[10]
                         net (fo=1, unplaced)         0.800     5.782    bd_0_i/hls_inst/inst/mac_muladd_8ns_8ns_16ns_17_4_1_U10/matrix_mult_mac_muladd_8ns_8ns_16ns_17_4_1_DSP48_0_U/P[10]
                         DSP48E1                                      r  bd_0_i/hls_inst/inst/mac_muladd_8ns_8ns_16ns_17_4_1_U10/matrix_mult_mac_muladd_8ns_8ns_16ns_17_4_1_DSP48_0_U/p_reg_reg/C[10]
  -------------------------------------------------------------------    -------------------

                         (clock ap_clk rise edge)    10.000    10.000 r  
                                                      0.000    10.000 r  ap_clk (IN)
                         net (fo=229, unset)          0.924    10.924    bd_0_i/hls_inst/inst/mac_muladd_8ns_8ns_16ns_17_4_1_U10/matrix_mult_mac_muladd_8ns_8ns_16ns_17_4_1_DSP48_0_U/ap_clk
                         DSP48E1                                      r  bd_0_i/hls_inst/inst/mac_muladd_8ns_8ns_16ns_17_4_1_U10/matrix_mult_mac_muladd_8ns_8ns_16ns_17_4_1_DSP48_0_U/p_reg_reg/CLK
                         clock pessimism              0.000    10.924    
                         clock uncertainty           -0.035    10.889    
                         DSP48E1 (Setup_dsp48e1_CLK_C[10])
                                                     -1.701     9.188    bd_0_i/hls_inst/inst/mac_muladd_8ns_8ns_16ns_17_4_1_U10/matrix_mult_mac_muladd_8ns_8ns_16ns_17_4_1_DSP48_0_U/p_reg_reg
  -------------------------------------------------------------------
                         required time                          9.188    
                         arrival time                          -5.782    
  -------------------------------------------------------------------
                         slack                                  3.406    

Slack (MET) :             3.406ns  (required time - arrival time)
  Source:                 bd_0_i/hls_inst/inst/mul_8ns_8ns_16_1_1_U2/tmp_product/CLK
                            (rising edge-triggered cell DSP48E1 clocked by ap_clk  {rise@0.000ns fall@5.000ns period=10.000ns})
  Destination:            bd_0_i/hls_inst/inst/mac_muladd_8ns_8ns_16ns_17_4_1_U10/matrix_mult_mac_muladd_8ns_8ns_16ns_17_4_1_DSP48_0_U/p_reg_reg/C[11]
                            (rising edge-triggered cell DSP48E1 clocked by ap_clk  {rise@0.000ns fall@5.000ns period=10.000ns})
  Path Group:             ap_clk
  Path Type:              Setup (Max at Slow Process Corner)
  Requirement:            10.000ns  (ap_clk rise@10.000ns - ap_clk rise@0.000ns)
  Data Path Delay:        4.809ns  (logic 4.009ns (83.369%)  route 0.800ns (16.631%))
  Logic Levels:           0  
  Clock Path Skew:        -0.049ns (DCD - SCD + CPR)
    Destination Clock Delay (DCD):    0.924ns = ( 10.924 - 10.000 ) 
    Source Clock Delay      (SCD):    0.973ns
    Clock Pessimism Removal (CPR):    0.000ns
  Clock Uncertainty:      0.035ns  ((TSJ^2 + TIJ^2)^1/2 + DJ) / 2 + PE
    Total System Jitter     (TSJ):    0.071ns
    Total Input Jitter      (TIJ):    0.000ns
    Discrete Jitter          (DJ):    0.000ns
    Phase Error              (PE):    0.000ns

    Location             Delay type                Incr(ns)  Path(ns)    Netlist Resource(s)
  -------------------------------------------------------------------    -------------------
                         (clock ap_clk rise edge)     0.000     0.000 r  
                                                      0.000     0.000 r  ap_clk (IN)
                         net (fo=229, unset)          0.973     0.973    bd_0_i/hls_inst/inst/mul_8ns_8ns_16_1_1_U2/ap_clk
                         DSP48E1                                      r  bd_0_i/hls_inst/inst/mul_8ns_8ns_16_1_1_U2/tmp_product/CLK
  -------------------------------------------------------------------    -------------------
                         DSP48E1 (Prop_dsp48e1_CLK_P[11])
                                                      4.009     4.982 r  bd_0_i/hls_inst/inst/mul_8ns_8ns_16_1_1_U2/tmp_product/P[11]
                         net (fo=1, unplaced)         0.800     5.782    bd_0_i/hls_inst/inst/mac_muladd_8ns_8ns_16ns_17_4_1_U10/matrix_mult_mac_muladd_8ns_8ns_16ns_17_4_1_DSP48_0_U/P[11]
                         DSP48E1                                      r  bd_0_i/hls_inst/inst/mac_muladd_8ns_8ns_16ns_17_4_1_U10/matrix_mult_mac_muladd_8ns_8ns_16ns_17_4_1_DSP48_0_U/p_reg_reg/C[11]
  -------------------------------------------------------------------    -------------------

                         (clock ap_clk rise edge)    10.000    10.000 r  
                                                      0.000    10.000 r  ap_clk (IN)
                         net (fo=229, unset)          0.924    10.924    bd_0_i/hls_inst/inst/mac_muladd_8ns_8ns_16ns_17_4_1_U10/matrix_mult_mac_muladd_8ns_8ns_16ns_17_4_1_DSP48_0_U/ap_clk
                         DSP48E1                                      r  bd_0_i/hls_inst/inst/mac_muladd_8ns_8ns_16ns_17_4_1_U10/matrix_mult_mac_muladd_8ns_8ns_16ns_17_4_1_DSP48_0_U/p_reg_reg/CLK
                         clock pessimism              0.000    10.924    
                         clock uncertainty           -0.035    10.889    
                         DSP48E1 (Setup_dsp48e1_CLK_C[11])
                                                     -1.701     9.188    bd_0_i/hls_inst/inst/mac_muladd_8ns_8ns_16ns_17_4_1_U10/matrix_mult_mac_muladd_8ns_8ns_16ns_17_4_1_DSP48_0_U/p_reg_reg
  -------------------------------------------------------------------
                         required time                          9.188    
                         arrival time                          -5.782    
  -------------------------------------------------------------------
                         slack                                  3.406    

Slack (MET) :             3.406ns  (required time - arrival time)
  Source:                 bd_0_i/hls_inst/inst/mul_8ns_8ns_16_1_1_U2/tmp_product/CLK
                            (rising edge-triggered cell DSP48E1 clocked by ap_clk  {rise@0.000ns fall@5.000ns period=10.000ns})
  Destination:            bd_0_i/hls_inst/inst/mac_muladd_8ns_8ns_16ns_17_4_1_U10/matrix_mult_mac_muladd_8ns_8ns_16ns_17_4_1_DSP48_0_U/p_reg_reg/C[12]
                            (rising edge-triggered cell DSP48E1 clocked by ap_clk  {rise@0.000ns fall@5.000ns period=10.000ns})
  Path Group:             ap_clk
  Path Type:              Setup (Max at Slow Process Corner)
  Requirement:            10.000ns  (ap_clk rise@10.000ns - ap_clk rise@0.000ns)
  Data Path Delay:        4.809ns  (logic 4.009ns (83.369%)  route 0.800ns (16.631%))
  Logic Levels:           0  
  Clock Path Skew:        -0.049ns (DCD - SCD + CPR)
    Destination Clock Delay (DCD):    0.924ns = ( 10.924 - 10.000 ) 
    Source Clock Delay      (SCD):    0.973ns
    Clock Pessimism Removal (CPR):    0.000ns
  Clock Uncertainty:      0.035ns  ((TSJ^2 + TIJ^2)^1/2 + DJ) / 2 + PE
    Total System Jitter     (TSJ):    0.071ns
    Total Input Jitter      (TIJ):    0.000ns
    Discrete Jitter          (DJ):    0.000ns
    Phase Error              (PE):    0.000ns

    Location             Delay type                Incr(ns)  Path(ns)    Netlist Resource(s)
  -------------------------------------------------------------------    -------------------
                         (clock ap_clk rise edge)     0.000     0.000 r  
                                                      0.000     0.000 r  ap_clk (IN)
                         net (fo=229, unset)          0.973     0.973    bd_0_i/hls_inst/inst/mul_8ns_8ns_16_1_1_U2/ap_clk
                         DSP48E1                                      r  bd_0_i/hls_inst/inst/mul_8ns_8ns_16_1_1_U2/tmp_product/CLK
  -------------------------------------------------------------------    -------------------
                         DSP48E1 (Prop_dsp48e1_CLK_P[12])
                                                      4.009     4.982 r  bd_0_i/hls_inst/inst/mul_8ns_8ns_16_1_1_U2/tmp_product/P[12]
                         net (fo=1, unplaced)         0.800     5.782    bd_0_i/hls_inst/inst/mac_muladd_8ns_8ns_16ns_17_4_1_U10/matrix_mult_mac_muladd_8ns_8ns_16ns_17_4_1_DSP48_0_U/P[12]
                         DSP48E1                                      r  bd_0_i/hls_inst/inst/mac_muladd_8ns_8ns_16ns_17_4_1_U10/matrix_mult_mac_muladd_8ns_8ns_16ns_17_4_1_DSP48_0_U/p_reg_reg/C[12]
  -------------------------------------------------------------------    -------------------

                         (clock ap_clk rise edge)    10.000    10.000 r  
                                                      0.000    10.000 r  ap_clk (IN)
                         net (fo=229, unset)          0.924    10.924    bd_0_i/hls_inst/inst/mac_muladd_8ns_8ns_16ns_17_4_1_U10/matrix_mult_mac_muladd_8ns_8ns_16ns_17_4_1_DSP48_0_U/ap_clk
                         DSP48E1                                      r  bd_0_i/hls_inst/inst/mac_muladd_8ns_8ns_16ns_17_4_1_U10/matrix_mult_mac_muladd_8ns_8ns_16ns_17_4_1_DSP48_0_U/p_reg_reg/CLK
                         clock pessimism              0.000    10.924    
                         clock uncertainty           -0.035    10.889    
                         DSP48E1 (Setup_dsp48e1_CLK_C[12])
                                                     -1.701     9.188    bd_0_i/hls_inst/inst/mac_muladd_8ns_8ns_16ns_17_4_1_U10/matrix_mult_mac_muladd_8ns_8ns_16ns_17_4_1_DSP48_0_U/p_reg_reg
  -------------------------------------------------------------------
                         required time                          9.188    
                         arrival time                          -5.782    
  -------------------------------------------------------------------
                         slack                                  3.406    

Slack (MET) :             3.406ns  (required time - arrival time)
  Source:                 bd_0_i/hls_inst/inst/mul_8ns_8ns_16_1_1_U2/tmp_product/CLK
                            (rising edge-triggered cell DSP48E1 clocked by ap_clk  {rise@0.000ns fall@5.000ns period=10.000ns})
  Destination:            bd_0_i/hls_inst/inst/mac_muladd_8ns_8ns_16ns_17_4_1_U10/matrix_mult_mac_muladd_8ns_8ns_16ns_17_4_1_DSP48_0_U/p_reg_reg/C[13]
                            (rising edge-triggered cell DSP48E1 clocked by ap_clk  {rise@0.000ns fall@5.000ns period=10.000ns})
  Path Group:             ap_clk
  Path Type:              Setup (Max at Slow Process Corner)
  Requirement:            10.000ns  (ap_clk rise@10.000ns - ap_clk rise@0.000ns)
  Data Path Delay:        4.809ns  (logic 4.009ns (83.369%)  route 0.800ns (16.631%))
  Logic Levels:           0  
  Clock Path Skew:        -0.049ns (DCD - SCD + CPR)
    Destination Clock Delay (DCD):    0.924ns = ( 10.924 - 10.000 ) 
    Source Clock Delay      (SCD):    0.973ns
    Clock Pessimism Removal (CPR):    0.000ns
  Clock Uncertainty:      0.035ns  ((TSJ^2 + TIJ^2)^1/2 + DJ) / 2 + PE
    Total System Jitter     (TSJ):    0.071ns
    Total Input Jitter      (TIJ):    0.000ns
    Discrete Jitter          (DJ):    0.000ns
    Phase Error              (PE):    0.000ns

    Location             Delay type                Incr(ns)  Path(ns)    Netlist Resource(s)
  -------------------------------------------------------------------    -------------------
                         (clock ap_clk rise edge)     0.000     0.000 r  
                                                      0.000     0.000 r  ap_clk (IN)
                         net (fo=229, unset)          0.973     0.973    bd_0_i/hls_inst/inst/mul_8ns_8ns_16_1_1_U2/ap_clk
                         DSP48E1                                      r  bd_0_i/hls_inst/inst/mul_8ns_8ns_16_1_1_U2/tmp_product/CLK
  -------------------------------------------------------------------    -------------------
                         DSP48E1 (Prop_dsp48e1_CLK_P[13])
                                                      4.009     4.982 r  bd_0_i/hls_inst/inst/mul_8ns_8ns_16_1_1_U2/tmp_product/P[13]
                         net (fo=1, unplaced)         0.800     5.782    bd_0_i/hls_inst/inst/mac_muladd_8ns_8ns_16ns_17_4_1_U10/matrix_mult_mac_muladd_8ns_8ns_16ns_17_4_1_DSP48_0_U/P[13]
                         DSP48E1                                      r  bd_0_i/hls_inst/inst/mac_muladd_8ns_8ns_16ns_17_4_1_U10/matrix_mult_mac_muladd_8ns_8ns_16ns_17_4_1_DSP48_0_U/p_reg_reg/C[13]
  -------------------------------------------------------------------    -------------------

                         (clock ap_clk rise edge)    10.000    10.000 r  
                                                      0.000    10.000 r  ap_clk (IN)
                         net (fo=229, unset)          0.924    10.924    bd_0_i/hls_inst/inst/mac_muladd_8ns_8ns_16ns_17_4_1_U10/matrix_mult_mac_muladd_8ns_8ns_16ns_17_4_1_DSP48_0_U/ap_clk
                         DSP48E1                                      r  bd_0_i/hls_inst/inst/mac_muladd_8ns_8ns_16ns_17_4_1_U10/matrix_mult_mac_muladd_8ns_8ns_16ns_17_4_1_DSP48_0_U/p_reg_reg/CLK
                         clock pessimism              0.000    10.924    
                         clock uncertainty           -0.035    10.889    
                         DSP48E1 (Setup_dsp48e1_CLK_C[13])
                                                     -1.701     9.188    bd_0_i/hls_inst/inst/mac_muladd_8ns_8ns_16ns_17_4_1_U10/matrix_mult_mac_muladd_8ns_8ns_16ns_17_4_1_DSP48_0_U/p_reg_reg
  -------------------------------------------------------------------
                         required time                          9.188    
                         arrival time                          -5.782    
  -------------------------------------------------------------------
                         slack                                  3.406    

Slack (MET) :             3.406ns  (required time - arrival time)
  Source:                 bd_0_i/hls_inst/inst/mul_8ns_8ns_16_1_1_U2/tmp_product/CLK
                            (rising edge-triggered cell DSP48E1 clocked by ap_clk  {rise@0.000ns fall@5.000ns period=10.000ns})
  Destination:            bd_0_i/hls_inst/inst/mac_muladd_8ns_8ns_16ns_17_4_1_U10/matrix_mult_mac_muladd_8ns_8ns_16ns_17_4_1_DSP48_0_U/p_reg_reg/C[14]
                            (rising edge-triggered cell DSP48E1 clocked by ap_clk  {rise@0.000ns fall@5.000ns period=10.000ns})
  Path Group:             ap_clk
  Path Type:              Setup (Max at Slow Process Corner)
  Requirement:            10.000ns  (ap_clk rise@10.000ns - ap_clk rise@0.000ns)
  Data Path Delay:        4.809ns  (logic 4.009ns (83.369%)  route 0.800ns (16.631%))
  Logic Levels:           0  
  Clock Path Skew:        -0.049ns (DCD - SCD + CPR)
    Destination Clock Delay (DCD):    0.924ns = ( 10.924 - 10.000 ) 
    Source Clock Delay      (SCD):    0.973ns
    Clock Pessimism Removal (CPR):    0.000ns
  Clock Uncertainty:      0.035ns  ((TSJ^2 + TIJ^2)^1/2 + DJ) / 2 + PE
    Total System Jitter     (TSJ):    0.071ns
    Total Input Jitter      (TIJ):    0.000ns
    Discrete Jitter          (DJ):    0.000ns
    Phase Error              (PE):    0.000ns

    Location             Delay type                Incr(ns)  Path(ns)    Netlist Resource(s)
  -------------------------------------------------------------------    -------------------
                         (clock ap_clk rise edge)     0.000     0.000 r  
                                                      0.000     0.000 r  ap_clk (IN)
                         net (fo=229, unset)          0.973     0.973    bd_0_i/hls_inst/inst/mul_8ns_8ns_16_1_1_U2/ap_clk
                         DSP48E1                                      r  bd_0_i/hls_inst/inst/mul_8ns_8ns_16_1_1_U2/tmp_product/CLK
  -------------------------------------------------------------------    -------------------
                         DSP48E1 (Prop_dsp48e1_CLK_P[14])
                                                      4.009     4.982 r  bd_0_i/hls_inst/inst/mul_8ns_8ns_16_1_1_U2/tmp_product/P[14]
                         net (fo=1, unplaced)         0.800     5.782    bd_0_i/hls_inst/inst/mac_muladd_8ns_8ns_16ns_17_4_1_U10/matrix_mult_mac_muladd_8ns_8ns_16ns_17_4_1_DSP48_0_U/P[14]
                         DSP48E1                                      r  bd_0_i/hls_inst/inst/mac_muladd_8ns_8ns_16ns_17_4_1_U10/matrix_mult_mac_muladd_8ns_8ns_16ns_17_4_1_DSP48_0_U/p_reg_reg/C[14]
  -------------------------------------------------------------------    -------------------

                         (clock ap_clk rise edge)    10.000    10.000 r  
                                                      0.000    10.000 r  ap_clk (IN)
                         net (fo=229, unset)          0.924    10.924    bd_0_i/hls_inst/inst/mac_muladd_8ns_8ns_16ns_17_4_1_U10/matrix_mult_mac_muladd_8ns_8ns_16ns_17_4_1_DSP48_0_U/ap_clk
                         DSP48E1                                      r  bd_0_i/hls_inst/inst/mac_muladd_8ns_8ns_16ns_17_4_1_U10/matrix_mult_mac_muladd_8ns_8ns_16ns_17_4_1_DSP48_0_U/p_reg_reg/CLK
                         clock pessimism              0.000    10.924    
                         clock uncertainty           -0.035    10.889    
                         DSP48E1 (Setup_dsp48e1_CLK_C[14])
                                                     -1.701     9.188    bd_0_i/hls_inst/inst/mac_muladd_8ns_8ns_16ns_17_4_1_U10/matrix_mult_mac_muladd_8ns_8ns_16ns_17_4_1_DSP48_0_U/p_reg_reg
  -------------------------------------------------------------------
                         required time                          9.188    
                         arrival time                          -5.782    
  -------------------------------------------------------------------
                         slack                                  3.406    

Slack (MET) :             3.406ns  (required time - arrival time)
  Source:                 bd_0_i/hls_inst/inst/mul_8ns_8ns_16_1_1_U2/tmp_product/CLK
                            (rising edge-triggered cell DSP48E1 clocked by ap_clk  {rise@0.000ns fall@5.000ns period=10.000ns})
  Destination:            bd_0_i/hls_inst/inst/mac_muladd_8ns_8ns_16ns_17_4_1_U10/matrix_mult_mac_muladd_8ns_8ns_16ns_17_4_1_DSP48_0_U/p_reg_reg/C[15]
                            (rising edge-triggered cell DSP48E1 clocked by ap_clk  {rise@0.000ns fall@5.000ns period=10.000ns})
  Path Group:             ap_clk
  Path Type:              Setup (Max at Slow Process Corner)
  Requirement:            10.000ns  (ap_clk rise@10.000ns - ap_clk rise@0.000ns)
  Data Path Delay:        4.809ns  (logic 4.009ns (83.369%)  route 0.800ns (16.631%))
  Logic Levels:           0  
  Clock Path Skew:        -0.049ns (DCD - SCD + CPR)
    Destination Clock Delay (DCD):    0.924ns = ( 10.924 - 10.000 ) 
    Source Clock Delay      (SCD):    0.973ns
    Clock Pessimism Removal (CPR):    0.000ns
  Clock Uncertainty:      0.035ns  ((TSJ^2 + TIJ^2)^1/2 + DJ) / 2 + PE
    Total System Jitter     (TSJ):    0.071ns
    Total Input Jitter      (TIJ):    0.000ns
    Discrete Jitter          (DJ):    0.000ns
    Phase Error              (PE):    0.000ns

    Location             Delay type                Incr(ns)  Path(ns)    Netlist Resource(s)
  -------------------------------------------------------------------    -------------------
                         (clock ap_clk rise edge)     0.000     0.000 r  
                                                      0.000     0.000 r  ap_clk (IN)
                         net (fo=229, unset)          0.973     0.973    bd_0_i/hls_inst/inst/mul_8ns_8ns_16_1_1_U2/ap_clk
                         DSP48E1                                      r  bd_0_i/hls_inst/inst/mul_8ns_8ns_16_1_1_U2/tmp_product/CLK
  -------------------------------------------------------------------    -------------------
                         DSP48E1 (Prop_dsp48e1_CLK_P[15])
                                                      4.009     4.982 r  bd_0_i/hls_inst/inst/mul_8ns_8ns_16_1_1_U2/tmp_product/P[15]
                         net (fo=1, unplaced)         0.800     5.782    bd_0_i/hls_inst/inst/mac_muladd_8ns_8ns_16ns_17_4_1_U10/matrix_mult_mac_muladd_8ns_8ns_16ns_17_4_1_DSP48_0_U/P[15]
                         DSP48E1                                      r  bd_0_i/hls_inst/inst/mac_muladd_8ns_8ns_16ns_17_4_1_U10/matrix_mult_mac_muladd_8ns_8ns_16ns_17_4_1_DSP48_0_U/p_reg_reg/C[15]
  -------------------------------------------------------------------    -------------------

                         (clock ap_clk rise edge)    10.000    10.000 r  
                                                      0.000    10.000 r  ap_clk (IN)
                         net (fo=229, unset)          0.924    10.924    bd_0_i/hls_inst/inst/mac_muladd_8ns_8ns_16ns_17_4_1_U10/matrix_mult_mac_muladd_8ns_8ns_16ns_17_4_1_DSP48_0_U/ap_clk
                         DSP48E1                                      r  bd_0_i/hls_inst/inst/mac_muladd_8ns_8ns_16ns_17_4_1_U10/matrix_mult_mac_muladd_8ns_8ns_16ns_17_4_1_DSP48_0_U/p_reg_reg/CLK
                         clock pessimism              0.000    10.924    
                         clock uncertainty           -0.035    10.889    
                         DSP48E1 (Setup_dsp48e1_CLK_C[15])
                                                     -1.701     9.188    bd_0_i/hls_inst/inst/mac_muladd_8ns_8ns_16ns_17_4_1_U10/matrix_mult_mac_muladd_8ns_8ns_16ns_17_4_1_DSP48_0_U/p_reg_reg
  -------------------------------------------------------------------
                         required time                          9.188    
                         arrival time                          -5.782    
  -------------------------------------------------------------------
                         slack                                  3.406    

Slack (MET) :             3.406ns  (required time - arrival time)
  Source:                 bd_0_i/hls_inst/inst/mul_8ns_8ns_16_1_1_U2/tmp_product/CLK
                            (rising edge-triggered cell DSP48E1 clocked by ap_clk  {rise@0.000ns fall@5.000ns period=10.000ns})
  Destination:            bd_0_i/hls_inst/inst/mac_muladd_8ns_8ns_16ns_17_4_1_U10/matrix_mult_mac_muladd_8ns_8ns_16ns_17_4_1_DSP48_0_U/p_reg_reg/C[1]
                            (rising edge-triggered cell DSP48E1 clocked by ap_clk  {rise@0.000ns fall@5.000ns period=10.000ns})
  Path Group:             ap_clk
  Path Type:              Setup (Max at Slow Process Corner)
  Requirement:            10.000ns  (ap_clk rise@10.000ns - ap_clk rise@0.000ns)
  Data Path Delay:        4.809ns  (logic 4.009ns (83.369%)  route 0.800ns (16.631%))
  Logic Levels:           0  
  Clock Path Skew:        -0.049ns (DCD - SCD + CPR)
    Destination Clock Delay (DCD):    0.924ns = ( 10.924 - 10.000 ) 
    Source Clock Delay      (SCD):    0.973ns
    Clock Pessimism Removal (CPR):    0.000ns
  Clock Uncertainty:      0.035ns  ((TSJ^2 + TIJ^2)^1/2 + DJ) / 2 + PE
    Total System Jitter     (TSJ):    0.071ns
    Total Input Jitter      (TIJ):    0.000ns
    Discrete Jitter          (DJ):    0.000ns
    Phase Error              (PE):    0.000ns

    Location             Delay type                Incr(ns)  Path(ns)    Netlist Resource(s)
  -------------------------------------------------------------------    -------------------
                         (clock ap_clk rise edge)     0.000     0.000 r  
                                                      0.000     0.000 r  ap_clk (IN)
                         net (fo=229, unset)          0.973     0.973    bd_0_i/hls_inst/inst/mul_8ns_8ns_16_1_1_U2/ap_clk
                         DSP48E1                                      r  bd_0_i/hls_inst/inst/mul_8ns_8ns_16_1_1_U2/tmp_product/CLK
  -------------------------------------------------------------------    -------------------
                         DSP48E1 (Prop_dsp48e1_CLK_P[1])
                                                      4.009     4.982 r  bd_0_i/hls_inst/inst/mul_8ns_8ns_16_1_1_U2/tmp_product/P[1]
                         net (fo=1, unplaced)         0.800     5.782    bd_0_i/hls_inst/inst/mac_muladd_8ns_8ns_16ns_17_4_1_U10/matrix_mult_mac_muladd_8ns_8ns_16ns_17_4_1_DSP48_0_U/P[1]
                         DSP48E1                                      r  bd_0_i/hls_inst/inst/mac_muladd_8ns_8ns_16ns_17_4_1_U10/matrix_mult_mac_muladd_8ns_8ns_16ns_17_4_1_DSP48_0_U/p_reg_reg/C[1]
  -------------------------------------------------------------------    -------------------

                         (clock ap_clk rise edge)    10.000    10.000 r  
                                                      0.000    10.000 r  ap_clk (IN)
                         net (fo=229, unset)          0.924    10.924    bd_0_i/hls_inst/inst/mac_muladd_8ns_8ns_16ns_17_4_1_U10/matrix_mult_mac_muladd_8ns_8ns_16ns_17_4_1_DSP48_0_U/ap_clk
                         DSP48E1                                      r  bd_0_i/hls_inst/inst/mac_muladd_8ns_8ns_16ns_17_4_1_U10/matrix_mult_mac_muladd_8ns_8ns_16ns_17_4_1_DSP48_0_U/p_reg_reg/CLK
                         clock pessimism              0.000    10.924    
                         clock uncertainty           -0.035    10.889    
                         DSP48E1 (Setup_dsp48e1_CLK_C[1])
                                                     -1.701     9.188    bd_0_i/hls_inst/inst/mac_muladd_8ns_8ns_16ns_17_4_1_U10/matrix_mult_mac_muladd_8ns_8ns_16ns_17_4_1_DSP48_0_U/p_reg_reg
  -------------------------------------------------------------------
                         required time                          9.188    
                         arrival time                          -5.782    
  -------------------------------------------------------------------
                         slack                                  3.406    

Slack (MET) :             3.406ns  (required time - arrival time)
  Source:                 bd_0_i/hls_inst/inst/mul_8ns_8ns_16_1_1_U2/tmp_product/CLK
                            (rising edge-triggered cell DSP48E1 clocked by ap_clk  {rise@0.000ns fall@5.000ns period=10.000ns})
  Destination:            bd_0_i/hls_inst/inst/mac_muladd_8ns_8ns_16ns_17_4_1_U10/matrix_mult_mac_muladd_8ns_8ns_16ns_17_4_1_DSP48_0_U/p_reg_reg/C[2]
                            (rising edge-triggered cell DSP48E1 clocked by ap_clk  {rise@0.000ns fall@5.000ns period=10.000ns})
  Path Group:             ap_clk
  Path Type:              Setup (Max at Slow Process Corner)
  Requirement:            10.000ns  (ap_clk rise@10.000ns - ap_clk rise@0.000ns)
  Data Path Delay:        4.809ns  (logic 4.009ns (83.369%)  route 0.800ns (16.631%))
  Logic Levels:           0  
  Clock Path Skew:        -0.049ns (DCD - SCD + CPR)
    Destination Clock Delay (DCD):    0.924ns = ( 10.924 - 10.000 ) 
    Source Clock Delay      (SCD):    0.973ns
    Clock Pessimism Removal (CPR):    0.000ns
  Clock Uncertainty:      0.035ns  ((TSJ^2 + TIJ^2)^1/2 + DJ) / 2 + PE
    Total System Jitter     (TSJ):    0.071ns
    Total Input Jitter      (TIJ):    0.000ns
    Discrete Jitter          (DJ):    0.000ns
    Phase Error              (PE):    0.000ns

    Location             Delay type                Incr(ns)  Path(ns)    Netlist Resource(s)
  -------------------------------------------------------------------    -------------------
                         (clock ap_clk rise edge)     0.000     0.000 r  
                                                      0.000     0.000 r  ap_clk (IN)
                         net (fo=229, unset)          0.973     0.973    bd_0_i/hls_inst/inst/mul_8ns_8ns_16_1_1_U2/ap_clk
                         DSP48E1                                      r  bd_0_i/hls_inst/inst/mul_8ns_8ns_16_1_1_U2/tmp_product/CLK
  -------------------------------------------------------------------    -------------------
                         DSP48E1 (Prop_dsp48e1_CLK_P[2])
                                                      4.009     4.982 r  bd_0_i/hls_inst/inst/mul_8ns_8ns_16_1_1_U2/tmp_product/P[2]
                         net (fo=1, unplaced)         0.800     5.782    bd_0_i/hls_inst/inst/mac_muladd_8ns_8ns_16ns_17_4_1_U10/matrix_mult_mac_muladd_8ns_8ns_16ns_17_4_1_DSP48_0_U/P[2]
                         DSP48E1                                      r  bd_0_i/hls_inst/inst/mac_muladd_8ns_8ns_16ns_17_4_1_U10/matrix_mult_mac_muladd_8ns_8ns_16ns_17_4_1_DSP48_0_U/p_reg_reg/C[2]
  -------------------------------------------------------------------    -------------------

                         (clock ap_clk rise edge)    10.000    10.000 r  
                                                      0.000    10.000 r  ap_clk (IN)
                         net (fo=229, unset)          0.924    10.924    bd_0_i/hls_inst/inst/mac_muladd_8ns_8ns_16ns_17_4_1_U10/matrix_mult_mac_muladd_8ns_8ns_16ns_17_4_1_DSP48_0_U/ap_clk
                         DSP48E1                                      r  bd_0_i/hls_inst/inst/mac_muladd_8ns_8ns_16ns_17_4_1_U10/matrix_mult_mac_muladd_8ns_8ns_16ns_17_4_1_DSP48_0_U/p_reg_reg/CLK
                         clock pessimism              0.000    10.924    
                         clock uncertainty           -0.035    10.889    
                         DSP48E1 (Setup_dsp48e1_CLK_C[2])
                                                     -1.701     9.188    bd_0_i/hls_inst/inst/mac_muladd_8ns_8ns_16ns_17_4_1_U10/matrix_mult_mac_muladd_8ns_8ns_16ns_17_4_1_DSP48_0_U/p_reg_reg
  -------------------------------------------------------------------
                         required time                          9.188    
                         arrival time                          -5.782    
  -------------------------------------------------------------------
                         slack                                  3.406    

Slack (MET) :             3.406ns  (required time - arrival time)
  Source:                 bd_0_i/hls_inst/inst/mul_8ns_8ns_16_1_1_U2/tmp_product/CLK
                            (rising edge-triggered cell DSP48E1 clocked by ap_clk  {rise@0.000ns fall@5.000ns period=10.000ns})
  Destination:            bd_0_i/hls_inst/inst/mac_muladd_8ns_8ns_16ns_17_4_1_U10/matrix_mult_mac_muladd_8ns_8ns_16ns_17_4_1_DSP48_0_U/p_reg_reg/C[3]
                            (rising edge-triggered cell DSP48E1 clocked by ap_clk  {rise@0.000ns fall@5.000ns period=10.000ns})
  Path Group:             ap_clk
  Path Type:              Setup (Max at Slow Process Corner)
  Requirement:            10.000ns  (ap_clk rise@10.000ns - ap_clk rise@0.000ns)
  Data Path Delay:        4.809ns  (logic 4.009ns (83.369%)  route 0.800ns (16.631%))
  Logic Levels:           0  
  Clock Path Skew:        -0.049ns (DCD - SCD + CPR)
    Destination Clock Delay (DCD):    0.924ns = ( 10.924 - 10.000 ) 
    Source Clock Delay      (SCD):    0.973ns
    Clock Pessimism Removal (CPR):    0.000ns
  Clock Uncertainty:      0.035ns  ((TSJ^2 + TIJ^2)^1/2 + DJ) / 2 + PE
    Total System Jitter     (TSJ):    0.071ns
    Total Input Jitter      (TIJ):    0.000ns
    Discrete Jitter          (DJ):    0.000ns
    Phase Error              (PE):    0.000ns

    Location             Delay type                Incr(ns)  Path(ns)    Netlist Resource(s)
  -------------------------------------------------------------------    -------------------
                         (clock ap_clk rise edge)     0.000     0.000 r  
                                                      0.000     0.000 r  ap_clk (IN)
                         net (fo=229, unset)          0.973     0.973    bd_0_i/hls_inst/inst/mul_8ns_8ns_16_1_1_U2/ap_clk
                         DSP48E1                                      r  bd_0_i/hls_inst/inst/mul_8ns_8ns_16_1_1_U2/tmp_product/CLK
  -------------------------------------------------------------------    -------------------
                         DSP48E1 (Prop_dsp48e1_CLK_P[3])
                                                      4.009     4.982 r  bd_0_i/hls_inst/inst/mul_8ns_8ns_16_1_1_U2/tmp_product/P[3]
                         net (fo=1, unplaced)         0.800     5.782    bd_0_i/hls_inst/inst/mac_muladd_8ns_8ns_16ns_17_4_1_U10/matrix_mult_mac_muladd_8ns_8ns_16ns_17_4_1_DSP48_0_U/P[3]
                         DSP48E1                                      r  bd_0_i/hls_inst/inst/mac_muladd_8ns_8ns_16ns_17_4_1_U10/matrix_mult_mac_muladd_8ns_8ns_16ns_17_4_1_DSP48_0_U/p_reg_reg/C[3]
  -------------------------------------------------------------------    -------------------

                         (clock ap_clk rise edge)    10.000    10.000 r  
                                                      0.000    10.000 r  ap_clk (IN)
                         net (fo=229, unset)          0.924    10.924    bd_0_i/hls_inst/inst/mac_muladd_8ns_8ns_16ns_17_4_1_U10/matrix_mult_mac_muladd_8ns_8ns_16ns_17_4_1_DSP48_0_U/ap_clk
                         DSP48E1                                      r  bd_0_i/hls_inst/inst/mac_muladd_8ns_8ns_16ns_17_4_1_U10/matrix_mult_mac_muladd_8ns_8ns_16ns_17_4_1_DSP48_0_U/p_reg_reg/CLK
                         clock pessimism              0.000    10.924    
                         clock uncertainty           -0.035    10.889    
                         DSP48E1 (Setup_dsp48e1_CLK_C[3])
                                                     -1.701     9.188    bd_0_i/hls_inst/inst/mac_muladd_8ns_8ns_16ns_17_4_1_U10/matrix_mult_mac_muladd_8ns_8ns_16ns_17_4_1_DSP48_0_U/p_reg_reg
  -------------------------------------------------------------------
                         required time                          9.188    
                         arrival time                          -5.782    
  -------------------------------------------------------------------
                         slack                                  3.406    




