Copyright 1986-2022 Xilinx, Inc. All Rights Reserved. Copyright 2022-2024 Advanced Micro Devices, Inc. All Rights Reserved.
---------------------------------------------------------------------------------------------------------------------------------------------
| Tool Version : Vivado v.2024.1 (lin64) Build 5076996 Wed May 22 18:36:09 MDT 2024
| Date         : Fri Feb 27 11:31:35 2026
| Host         : sc017 running 64-bit unknown
| Command      : report_utilization -hierarchical -hierarchical_depth 5 -file ./report/matrix_mult_utilization_hierarchical_synth.rpt
| Design       : bd_0_wrapper
| Device       : xc7z020clg400-1
| Speed File   : -1
| Design State : Synthesized
---------------------------------------------------------------------------------------------------------------------------------------------

Utilization Design Information

Table of Contents
-----------------
1. Utilization by Hierarchy

1. Utilization by Hierarchy
---------------------------

+----------------------------------------------------------------+-----------------------------------------------------------------------+------------+------------+---------+------+-----+--------+--------+------------+
|                            Instance                            |                                 Module                                | Total LUTs | Logic LUTs | LUTRAMs | SRLs | FFs | RAMB36 | RAMB18 | DSP Blocks |
+----------------------------------------------------------------+-----------------------------------------------------------------------+------------+------------+---------+------+-----+--------+--------+------------+
| bd_0_wrapper                                                   |                                                                 (top) |        223 |        223 |       0 |    0 | 214 |      0 |      0 |         16 |
|   bd_0_i                                                       |                                                                  bd_0 |        223 |        223 |       0 |    0 | 214 |      0 |      0 |         16 |
|     hls_inst                                                   |                                                       bd_0_hls_inst_0 |        223 |        223 |       0 |    0 | 214 |      0 |      0 |         16 |
|       (hls_inst)                                               |                                                       bd_0_hls_inst_0 |          0 |          0 |       0 |    0 |   0 |      0 |      0 |          0 |
|       inst                                                     |                                           bd_0_hls_inst_0_matrix_mult |        223 |        223 |       0 |    0 | 214 |      0 |      0 |         16 |
|         (inst)                                                 |                                           bd_0_hls_inst_0_matrix_mult |         82 |         82 |       0 |    0 | 213 |      0 |      0 |          0 |
|         flow_control_loop_pipe_U                               |                    bd_0_hls_inst_0_matrix_mult_flow_control_loop_pipe |         25 |         25 |       0 |    0 |   1 |      0 |      0 |          0 |
|         mac_muladd_8ns_8ns_16ns_17_4_1_U10                     |            bd_0_hls_inst_0_matrix_mult_mac_muladd_8ns_8ns_16ns_17_4_1 |          0 |          0 |       0 |    0 |   0 |      0 |      0 |          1 |
|           matrix_mult_mac_muladd_8ns_8ns_16ns_17_4_1_DSP48_0_U | bd_0_hls_inst_0_matrix_mult_mac_muladd_8ns_8ns_16ns_17_4_1_DSP48_0_20 |          0 |          0 |       0 |    0 |   0 |      0 |      0 |          1 |
|         mac_muladd_8ns_8ns_16ns_17_4_1_U11                     |          bd_0_hls_inst_0_matrix_mult_mac_muladd_8ns_8ns_16ns_17_4_1_0 |         19 |         19 |       0 |    0 |   0 |      0 |      0 |          1 |
|           matrix_mult_mac_muladd_8ns_8ns_16ns_17_4_1_DSP48_0_U | bd_0_hls_inst_0_matrix_mult_mac_muladd_8ns_8ns_16ns_17_4_1_DSP48_0_19 |         19 |         19 |       0 |    0 |   0 |      0 |      0 |          1 |
|         mac_muladd_8ns_8ns_16ns_17_4_1_U12                     |          bd_0_hls_inst_0_matrix_mult_mac_muladd_8ns_8ns_16ns_17_4_1_1 |         18 |         18 |       0 |    0 |   0 |      0 |      0 |          1 |
|           matrix_mult_mac_muladd_8ns_8ns_16ns_17_4_1_DSP48_0_U | bd_0_hls_inst_0_matrix_mult_mac_muladd_8ns_8ns_16ns_17_4_1_DSP48_0_18 |         18 |         18 |       0 |    0 |   0 |      0 |      0 |          1 |
|         mac_muladd_8ns_8ns_16ns_17_4_1_U13                     |          bd_0_hls_inst_0_matrix_mult_mac_muladd_8ns_8ns_16ns_17_4_1_2 |          1 |          1 |       0 |    0 |   0 |      0 |      0 |          1 |
|           matrix_mult_mac_muladd_8ns_8ns_16ns_17_4_1_DSP48_0_U | bd_0_hls_inst_0_matrix_mult_mac_muladd_8ns_8ns_16ns_17_4_1_DSP48_0_17 |          1 |          1 |       0 |    0 |   0 |      0 |      0 |          1 |
|         mac_muladd_8ns_8ns_16ns_17_4_1_U14                     |          bd_0_hls_inst_0_matrix_mult_mac_muladd_8ns_8ns_16ns_17_4_1_3 |         18 |         18 |       0 |    0 |   0 |      0 |      0 |          1 |
|           matrix_mult_mac_muladd_8ns_8ns_16ns_17_4_1_DSP48_0_U | bd_0_hls_inst_0_matrix_mult_mac_muladd_8ns_8ns_16ns_17_4_1_DSP48_0_16 |         18 |         18 |       0 |    0 |   0 |      0 |      0 |          1 |
|         mac_muladd_8ns_8ns_16ns_17_4_1_U15                     |          bd_0_hls_inst_0_matrix_mult_mac_muladd_8ns_8ns_16ns_17_4_1_4 |          0 |          0 |       0 |    0 |   0 |      0 |      0 |          1 |
|           matrix_mult_mac_muladd_8ns_8ns_16ns_17_4_1_DSP48_0_U | bd_0_hls_inst_0_matrix_mult_mac_muladd_8ns_8ns_16ns_17_4_1_DSP48_0_15 |          0 |          0 |       0 |    0 |   0 |      0 |      0 |          1 |
|         mac_muladd_8ns_8ns_16ns_17_4_1_U16                     |          bd_0_hls_inst_0_matrix_mult_mac_muladd_8ns_8ns_16ns_17_4_1_5 |         20 |         20 |       0 |    0 |   0 |      0 |      0 |          1 |
|           matrix_mult_mac_muladd_8ns_8ns_16ns_17_4_1_DSP48_0_U | bd_0_hls_inst_0_matrix_mult_mac_muladd_8ns_8ns_16ns_17_4_1_DSP48_0_14 |         20 |         20 |       0 |    0 |   0 |      0 |      0 |          1 |
|         mac_muladd_8ns_8ns_16ns_17_4_1_U9                      |          bd_0_hls_inst_0_matrix_mult_mac_muladd_8ns_8ns_16ns_17_4_1_6 |          9 |          9 |       0 |    0 |   0 |      0 |      0 |          1 |
|           matrix_mult_mac_muladd_8ns_8ns_16ns_17_4_1_DSP48_0_U |    bd_0_hls_inst_0_matrix_mult_mac_muladd_8ns_8ns_16ns_17_4_1_DSP48_0 |          9 |          9 |       0 |    0 |   0 |      0 |      0 |          1 |
|         mul_8ns_8ns_16_1_1_U1                                  |                        bd_0_hls_inst_0_matrix_mult_mul_8ns_8ns_16_1_1 |          0 |          0 |       0 |    0 |   0 |      0 |      0 |          1 |
|         mul_8ns_8ns_16_1_1_U2                                  |                      bd_0_hls_inst_0_matrix_mult_mul_8ns_8ns_16_1_1_7 |          0 |          0 |       0 |    0 |   0 |      0 |      0 |          1 |
|         mul_8ns_8ns_16_1_1_U3                                  |                      bd_0_hls_inst_0_matrix_mult_mul_8ns_8ns_16_1_1_8 |          0 |          0 |       0 |    0 |   0 |      0 |      0 |          1 |
|         mul_8ns_8ns_16_1_1_U4                                  |                      bd_0_hls_inst_0_matrix_mult_mul_8ns_8ns_16_1_1_9 |         19 |         19 |       0 |    0 |   0 |      0 |      0 |          1 |
|         mul_8ns_8ns_16_1_1_U5                                  |                     bd_0_hls_inst_0_matrix_mult_mul_8ns_8ns_16_1_1_10 |         10 |         10 |       0 |    0 |   0 |      0 |      0 |          1 |
|         mul_8ns_8ns_16_1_1_U6                                  |                     bd_0_hls_inst_0_matrix_mult_mul_8ns_8ns_16_1_1_11 |          0 |          0 |       0 |    0 |   0 |      0 |      0 |          1 |
|         mul_8ns_8ns_16_1_1_U7                                  |                     bd_0_hls_inst_0_matrix_mult_mul_8ns_8ns_16_1_1_12 |          0 |          0 |       0 |    0 |   0 |      0 |      0 |          1 |
|         mul_8ns_8ns_16_1_1_U8                                  |                     bd_0_hls_inst_0_matrix_mult_mul_8ns_8ns_16_1_1_13 |          2 |          2 |       0 |    0 |   0 |      0 |      0 |          1 |
+----------------------------------------------------------------+-----------------------------------------------------------------------+------------+------------+---------+------+-----+--------+--------+------------+


