Copyright 1986-2022 Xilinx, Inc. All Rights Reserved. Copyright 2022-2024 Advanced Micro Devices, Inc. All Rights Reserved.
---------------------------------------------------------------------------------------------------------------------------------------------
| Tool Version : Vivado v.2024.1 (lin64) Build 5076996 Wed May 22 18:36:09 MDT 2024
| Date         : Fri Feb 27 11:31:41 2026
| Host         : sc017 running 64-bit unknown
| Command      : report_design_analysis -file ./report/matrix_mult_design_analysis_synth.rpt
| Design       : bd_0_wrapper
| Device       : xc7z020
| Design State : Synthesized
---------------------------------------------------------------------------------------------------------------------------------------------

Report Design Analysis

Table of Contents
-----------------
1. Setup Path Characteristics 1-1
2. Logic Level Distribution
3. Placer Final Level Congestion Reporting
4. SLR Net Crossing Reporting

1. Setup Path Characteristics 1-1
---------------------------------

+---------------------------+------------------------------+
|      Characteristics      |            Path #1           |
+---------------------------+------------------------------+
| Requirement               | 10.000                       |
| Path Delay                | 4.809                        |
| Logic Delay               | 4.009(84%)                   |
| Net Delay                 | 0.800(16%)                   |
| Clock Skew                | -0.049                       |
| Slack                     | 3.406                        |
| Clock Uncertainty         | 0.035                        |
| Clock Relationship        | Safely Timed                 |
| Clock Delay Group         | Same Clock                   |
| Logic Levels              | 0                            |
| Routes                    | NA                           |
| Logical Path              | DSP48E1/CLK-(1)-DSP48E1/C[0] |
| Start Point Clock         | ap_clk                       |
| End Point Clock           | ap_clk                       |
| DSP Block                 | Seq                          |
| RAM Registers             | None-None                    |
| IO Crossings              | 0                            |
| Config Crossings          | 0                            |
| SLR Crossings             | 0                            |
| PBlocks                   | 0                            |
| High Fanout               | 1                            |
| Dont Touch                | 0                            |
| Mark Debug                | 0                            |
| Start Point Pin Primitive | DSP48E1/CLK                  |
| End Point Pin Primitive   | DSP48E1/C[0]                 |
| Start Point Pin           | tmp_product/CLK              |
| End Point Pin             | p_reg_reg/C[0]               |
+---------------------------+------------------------------+
* Bounding box calculated as % of dimensions for the target device (308, 299)


2. Logic Level Distribution
---------------------------

+-----------------+-------------+-----+-----+----+----+----+----+----+
| End Point Clock | Requirement |  0  |  1  |  2 |  3 |  4 |  5 |  6 |
+-----------------+-------------+-----+-----+----+----+----+----+----+
| ap_clk          | 10.000ns    | 344 | 214 | 46 | 12 | 24 | 16 | 10 |
+-----------------+-------------+-----+-----+----+----+----+----+----+
* Columns represent the logic levels per end point clock
** Distribution is for top worst 666 paths


3. Placer Final Level Congestion Reporting
------------------------------------------

+-----------+------+-------+------------+--------+---------------+---------------+-----+--------+------+------+------+-----+-------+-----+------------+
| Direction | Type | Level | Congestion | Window | Combined LUTs | Avg LUT Input | LUT | LUTRAM | Flop | MUXF | RAMB | DSP | CARRY | SRL | Cell Names |
+-----------+------+-------+------------+--------+---------------+---------------+-----+--------+------+------+------+-----+-------+-----+------------+
* The design has not been placed, hence congestion data is not available. The command report_design_analysis -congestion should be run only after place_design has completed.


4. SLR Net Crossing Reporting
-----------------------------

+------------+-----------------------------+
| Cell Names | Number of Nets crossing SLR |
+------------+-----------------------------+
* The current part is not an SSI device


