#Packing pin usage report
Type: io
	Input Pin Usage:
		Max: 1.00 (0.50)
		Avg: 0.85 (0.43)
		Min: 0.00 (0.00)
		Histogram:
		[        0:      0.2)  20 ( 14.7%) |********
		[      0.2:      0.4)   0 (  0.0%) |
		[      0.4:      0.6)   0 (  0.0%) |
		[      0.6:      0.8)   0 (  0.0%) |
		[      0.8:        1) 116 ( 85.3%) |***********************************************
		[        1:      1.2)   0 (  0.0%) |
		[      1.2:      1.4)   0 (  0.0%) |
		[      1.4:      1.6)   0 (  0.0%) |
		[      1.6:      1.8)   0 (  0.0%) |
		[      1.8:        2)   0 (  0.0%) |
	Output Pin Usage:
		Max: 1.00 (1.00)
		Avg: 0.15 (0.15)
		Min: 0.00 (0.00)
		Histogram:
		[        0:      0.1) 116 ( 85.3%) |***********************************************
		[      0.1:      0.2)   0 (  0.0%) |
		[      0.2:      0.3)   0 (  0.0%) |
		[      0.3:      0.4)   0 (  0.0%) |
		[      0.4:      0.5)   0 (  0.0%) |
		[      0.5:      0.6)   0 (  0.0%) |
		[      0.6:      0.7)   0 (  0.0%) |
		[      0.7:      0.8)   0 (  0.0%) |
		[      0.8:      0.9)   0 (  0.0%) |
		[      0.9:        1)  20 ( 14.7%) |********

Type: clb
	Input Pin Usage:
		Max: 33.00 (0.80)
		Avg: 24.42 (0.60)
		Min: 2.00 (0.05)
		Histogram:
		[        0:      4.1)  8 (  2.6%) |*****
		[      4.1:      8.2)  5 (  1.6%) |***
		[      8.2:       12)  3 (  1.0%) |**
		[       12:       16)  7 (  2.3%) |*****
		[       16:       20) 53 ( 17.3%) |***********************************
		[       20:       25) 67 ( 21.9%) |*********************************************
		[       25:       29) 72 ( 23.5%) |************************************************
		[       29:       33) 60 ( 19.6%) |****************************************
		[       33:       37) 31 ( 10.1%) |*********************
		[       37:       41)  0 (  0.0%) |
	Output Pin Usage:
		Max: 10.00 (1.00)
		Avg: 5.27 (0.53)
		Min: 1.00 (0.10)
		Histogram:
		[        0:        1) 27 (  8.8%) |***************************
		[        1:        2) 26 (  8.5%) |**************************
		[        2:        3) 33 ( 10.8%) |*********************************
		[        3:        4) 34 ( 11.1%) |**********************************
		[        4:        5) 47 ( 15.4%) |***********************************************
		[        5:        6) 48 ( 15.7%) |************************************************
		[        6:        7) 27 (  8.8%) |***************************
		[        7:        8) 19 (  6.2%) |*******************
		[        8:        9) 16 (  5.2%) |****************
		[        9:       10) 29 (  9.5%) |*****************************

