

================================================================
== Vitis HLS Report for 'matrix_mult'
================================================================
* Date:           Fri Feb 27 11:26:33 2026

* Version:        2024.1 (Build 5069499 on May 21 2024)
* Project:        lab2
* Solution:       solution1 (Vivado IP Flow Target)
* Product family: zynq
* Target device:  xc7z020-clg400-1


================================================================
== Performance Estimates
================================================================
+ Timing: 
    * Summary: 
    +--------+----------+----------+------------+
    |  Clock |  Target  | Estimated| Uncertainty|
    +--------+----------+----------+------------+
    |ap_clk  |  10.00 ns|  6.343 ns|     2.70 ns|
    +--------+----------+----------+------------+

+ Latency: 
    * Summary: 
    +---------+---------+-----------+-----------+------+------+-----------------------------------------------+
    |  Latency (cycles) |   Latency (absolute)  |   Interval  |                    Pipeline                   |
    |   min   |   max   |    min    |    max    |  min |  max |                      Type                     |
    +---------+---------+-----------+-----------+------+------+-----------------------------------------------+
    |     2058|     2058|  20.580 us|  20.580 us|  2048|  2048|  loop auto-rewind stp(delay=0 clock cycles(s))|
    +---------+---------+-----------+-----------+------+------+-----------------------------------------------+

    + Detail: 
        * Instance: 
        N/A

        * Loop: 
        +-----------+---------+---------+----------+-----------+-----------+------+----------+
        |           |  Latency (cycles) | Iteration|  Initiation Interval  | Trip |          |
        | Loop Name |   min   |   max   |  Latency |  achieved |   target  | Count| Pipelined|
        +-----------+---------+---------+----------+-----------+-----------+------+----------+
        |- Row_Col  |     2056|     2056|        17|          8|          1|   256|       yes|
        +-----------+---------+---------+----------+-----------+-----------+------+----------+

============================================================
+ Verbose Summary: Synthesis Manager
============================================================
InlineROM: 1
ExposeGlobal: 0
============================================================
+ Verbose Summary: CDFG Model
============================================================
IsTopModel: 1
ResetActiveHigh: 1
IsCombinational: 0
IsDatapathOnly: 0
HasWiredReturn: 1
HasMFsm: 2
HasVarLatency: 1
IsPipeline: 0
IsRtlPipelined: 0
IsInstanceOverlapped: 0
IsDontTouch: 0
HasImplIP: 0
IsGatedGlobalClock: 0

+ Individual pipeline summary: 
  * Pipeline-0: initiation interval (II) = 8, depth = 17


============================================================
+ Verbose Summary: Schedule
============================================================
* Number of FSM states : 17
* Pipeline : 1
  Pipeline-0 : II = 8, D = 17, States = { 1 2 3 4 5 6 7 8 9 10 11 12 13 14 15 16 17 }
* Dataflow Pipeline: 0

* FSM state transitions: 
1 --> 2 
2 --> 3 
3 --> 4 
4 --> 5 
5 --> 6 
6 --> 7 
7 --> 8 
8 --> 9 
9 --> 10 
10 --> 11 
11 --> 12 
12 --> 13 
13 --> 14 
14 --> 15 
15 --> 16 
16 --> 17 
17 --> 

* FSM state operations: 

State 1 <SV = 0> <Delay = 6.05>
ST_1 : Operation 20 [1/1] (0.00ns)   --->   "%indvar_flatten1 = alloca i32 1"   --->   Operation 20 'alloca' 'indvar_flatten1' <Predicate = true> <Delay = 0.00>
ST_1 : Operation 21 [1/1] (0.00ns)   --->   "%i2 = alloca i32 1"   --->   Operation 21 'alloca' 'i2' <Predicate = true> <Delay = 0.00>
ST_1 : Operation 22 [1/1] (0.00ns)   --->   "%j3 = alloca i32 1"   --->   Operation 22 'alloca' 'j3' <Predicate = true> <Delay = 0.00>
ST_1 : Operation 23 [1/1] (0.00ns)   --->   "%spectopmodule_ln4 = spectopmodule void @_ssdm_op_SpecTopModule, void @empty_1" [lab2/matrix_mult.cpp:4]   --->   Operation 23 'spectopmodule' 'spectopmodule_ln4' <Predicate = true> <Delay = 0.00>
ST_1 : Operation 24 [1/1] (0.00ns)   --->   "%specinterface_ln0 = specinterface void @_ssdm_op_SpecInterface, i8 %a, void @empty, i32 0, i32 0, void @empty_0, i32 4294967295, i32 0, void @empty_0, void @empty_0, void @empty_0, i32 0, i32 0, i32 0, i32 0, void @empty_0, void @empty_0, i32 4294967295, i32 0, i32 0"   --->   Operation 24 'specinterface' 'specinterface_ln0' <Predicate = true> <Delay = 0.00>
ST_1 : Operation 25 [1/1] (0.00ns)   --->   "%specbitsmap_ln0 = specbitsmap void @_ssdm_op_SpecBitsMap, i8 %a"   --->   Operation 25 'specbitsmap' 'specbitsmap_ln0' <Predicate = true> <Delay = 0.00>
ST_1 : Operation 26 [1/1] (0.00ns)   --->   "%specinterface_ln0 = specinterface void @_ssdm_op_SpecInterface, i8 %b, void @empty, i32 0, i32 0, void @empty_0, i32 4294967295, i32 0, void @empty_0, void @empty_0, void @empty_0, i32 0, i32 0, i32 0, i32 0, void @empty_0, void @empty_0, i32 4294967295, i32 0, i32 0"   --->   Operation 26 'specinterface' 'specinterface_ln0' <Predicate = true> <Delay = 0.00>
ST_1 : Operation 27 [1/1] (0.00ns)   --->   "%specbitsmap_ln0 = specbitsmap void @_ssdm_op_SpecBitsMap, i8 %b"   --->   Operation 27 'specbitsmap' 'specbitsmap_ln0' <Predicate = true> <Delay = 0.00>
ST_1 : Operation 28 [1/1] (0.00ns)   --->   "%specinterface_ln0 = specinterface void @_ssdm_op_SpecInterface, i32 %prod, void @empty, i32 0, i32 0, void @empty_0, i32 4294967295, i32 0, void @empty_0, void @empty_0, void @empty_0, i32 0, i32 0, i32 0, i32 0, void @empty_0, void @empty_0, i32 4294967295, i32 0, i32 0"   --->   Operation 28 'specinterface' 'specinterface_ln0' <Predicate = true> <Delay = 0.00>
ST_1 : Operation 29 [1/1] (0.00ns)   --->   "%specbitsmap_ln0 = specbitsmap void @_ssdm_op_SpecBitsMap, i32 %prod"   --->   Operation 29 'specbitsmap' 'specbitsmap_ln0' <Predicate = true> <Delay = 0.00>
ST_1 : Operation 30 [1/1] (1.58ns)   --->   "%store_ln0 = store i5 0, i5 %j3"   --->   Operation 30 'store' 'store_ln0' <Predicate = true> <Delay = 1.58>
ST_1 : Operation 31 [1/1] (1.58ns)   --->   "%store_ln0 = store i5 0, i5 %i2"   --->   Operation 31 'store' 'store_ln0' <Predicate = true> <Delay = 1.58>
ST_1 : Operation 32 [1/1] (1.58ns)   --->   "%store_ln0 = store i8 0, i8 %indvar_flatten1"   --->   Operation 32 'store' 'store_ln0' <Predicate = true> <Delay = 1.58>
ST_1 : Operation 33 [1/1] (1.58ns)   --->   "%br_ln0 = br void %for.inc27"   --->   Operation 33 'br' 'br_ln0' <Predicate = true> <Delay = 1.58>
ST_1 : Operation 34 [1/1] (0.00ns)   --->   "%icmp_ln124 = phi i1 0, void %entry, i1 %icmp_ln12, void %for.inc27" [lab2/matrix_mult.cpp:12]   --->   Operation 34 'phi' 'icmp_ln124' <Predicate = true> <Delay = 0.00>
ST_1 : Operation 35 [1/1] (0.00ns)   --->   "%j3_load = load i5 %j3" [lab2/matrix_mult.cpp:10]   --->   Operation 35 'load' 'j3_load' <Predicate = true> <Delay = 0.00>
ST_1 : Operation 36 [1/1] (1.21ns)   --->   "%select_ln10 = select i1 %icmp_ln124, i5 0, i5 %j3_load" [lab2/matrix_mult.cpp:10]   --->   Operation 36 'select' 'select_ln10' <Predicate = true> <Delay = 1.21> <CoreInst = "Sel">   --->   Core 73 'Sel' <Latency = 0> <II = 1> <Delay = 1.21> <FuncUnit> <Opcode : 'select'> <InPorts = 3> <OutPorts = 1>
ST_1 : Operation 37 [1/1] (0.00ns)   --->   "%zext_ln12 = zext i5 %select_ln10" [lab2/matrix_mult.cpp:12]   --->   Operation 37 'zext' 'zext_ln12' <Predicate = true> <Delay = 0.00>
ST_1 : Operation 38 [1/1] (0.00ns)   --->   "%b_addr = getelementptr i8 %b, i64 0, i64 %zext_ln12" [lab2/matrix_mult.cpp:16]   --->   Operation 38 'getelementptr' 'b_addr' <Predicate = true> <Delay = 0.00>
ST_1 : Operation 39 [1/1] (0.00ns)   --->   "%bit_sel = bitselect i1 @_ssdm_op_BitSelect.i1.i5.i5, i5 %select_ln10, i5 4" [lab2/matrix_mult.cpp:16]   --->   Operation 39 'bitselect' 'bit_sel' <Predicate = true> <Delay = 0.00>
ST_1 : Operation 40 [1/1] (0.00ns)   --->   "%trunc_ln16 = trunc i5 %select_ln10" [lab2/matrix_mult.cpp:16]   --->   Operation 40 'trunc' 'trunc_ln16' <Predicate = true> <Delay = 0.00>
ST_1 : Operation 41 [2/2] (3.25ns)   --->   "%b_load = load i8 %b_addr" [lab2/matrix_mult.cpp:16]   --->   Operation 41 'load' 'b_load' <Predicate = true> <Delay = 3.25> <CoreInst = "RAM">   --->   Core 81 'RAM' <Latency = 1> <II = 1> <Delay = 3.25> <Storage> <Opcode : 'load' 'store'> <Ports = 2> <Width = 8> <Depth = 256> <RAM>

State 2 <SV = 1> <Delay = 6.24>
ST_2 : Operation 42 [1/1] (0.00ns)   --->   "%i2_load = load i5 %i2" [lab2/matrix_mult.cpp:10]   --->   Operation 42 'load' 'i2_load' <Predicate = true> <Delay = 0.00>
ST_2 : Operation 43 [1/1] (1.78ns)   --->   "%add_ln10 = add i5 %i2_load, i5 1" [lab2/matrix_mult.cpp:10]   --->   Operation 43 'add' 'add_ln10' <Predicate = true> <Delay = 1.78> <CoreInst = "Adder">   --->   Core 1 'Adder' <Latency = 0> <II = 1> <Delay = 1.78> <FuncUnit> <Opcode : 'add' 'sub'> <InPorts = 2> <OutPorts = 1>
ST_2 : Operation 44 [1/1] (1.21ns)   --->   "%i = select i1 %icmp_ln124, i5 %add_ln10, i5 %i2_load" [lab2/matrix_mult.cpp:10]   --->   Operation 44 'select' 'i' <Predicate = true> <Delay = 1.21> <CoreInst = "Sel">   --->   Core 73 'Sel' <Latency = 0> <II = 1> <Delay = 1.21> <FuncUnit> <Opcode : 'select'> <InPorts = 3> <OutPorts = 1>
ST_2 : Operation 45 [1/1] (0.00ns)   --->   "%empty = trunc i5 %i" [lab2/matrix_mult.cpp:10]   --->   Operation 45 'trunc' 'empty' <Predicate = true> <Delay = 0.00>
ST_2 : Operation 46 [1/1] (0.00ns)   --->   "%tmp = bitconcatenate i8 @_ssdm_op_BitConcatenate.i8.i4.i4, i4 %empty, i4 0" [lab2/matrix_mult.cpp:10]   --->   Operation 46 'bitconcatenate' 'tmp' <Predicate = true> <Delay = 0.00>
ST_2 : Operation 47 [1/1] (0.00ns)   --->   "%tmp_cast = zext i8 %tmp" [lab2/matrix_mult.cpp:10]   --->   Operation 47 'zext' 'tmp_cast' <Predicate = true> <Delay = 0.00>
ST_2 : Operation 48 [1/1] (0.00ns)   --->   "%a_addr = getelementptr i8 %a, i64 0, i64 %tmp_cast" [lab2/matrix_mult.cpp:10]   --->   Operation 48 'getelementptr' 'a_addr' <Predicate = true> <Delay = 0.00>
ST_2 : Operation 49 [1/1] (0.00ns)   --->   "%tmp_3 = bitconcatenate i8 @_ssdm_op_BitConcatenate.i8.i4.i4, i4 %empty, i4 3" [lab2/matrix_mult.cpp:10]   --->   Operation 49 'bitconcatenate' 'tmp_3' <Predicate = true> <Delay = 0.00>
ST_2 : Operation 50 [1/1] (0.00ns)   --->   "%tmp_3_cast = zext i8 %tmp_3" [lab2/matrix_mult.cpp:10]   --->   Operation 50 'zext' 'tmp_3_cast' <Predicate = true> <Delay = 0.00>
ST_2 : Operation 51 [1/1] (0.00ns)   --->   "%a_addr_3 = getelementptr i8 %a, i64 0, i64 %tmp_3_cast" [lab2/matrix_mult.cpp:10]   --->   Operation 51 'getelementptr' 'a_addr_3' <Predicate = true> <Delay = 0.00>
ST_2 : Operation 52 [2/2] (3.25ns)   --->   "%a_load = load i8 %a_addr" [lab2/matrix_mult.cpp:10]   --->   Operation 52 'load' 'a_load' <Predicate = true> <Delay = 3.25> <CoreInst = "RAM">   --->   Core 81 'RAM' <Latency = 1> <II = 1> <Delay = 3.25> <Storage> <Opcode : 'load' 'store'> <Ports = 2> <Width = 8> <Depth = 256> <RAM>
ST_2 : Operation 53 [2/2] (3.25ns)   --->   "%a_load_3 = load i8 %a_addr_3" [lab2/matrix_mult.cpp:10]   --->   Operation 53 'load' 'a_load_3' <Predicate = true> <Delay = 3.25> <CoreInst = "RAM">   --->   Core 81 'RAM' <Latency = 1> <II = 1> <Delay = 3.25> <Storage> <Opcode : 'load' 'store'> <Ports = 2> <Width = 8> <Depth = 256> <RAM>
ST_2 : Operation 54 [1/1] (0.00ns)   --->   "%zext_ln16_48 = zext i5 %select_ln10" [lab2/matrix_mult.cpp:16]   --->   Operation 54 'zext' 'zext_ln16_48' <Predicate = true> <Delay = 0.00>
ST_2 : Operation 55 [1/1] (1.87ns)   --->   "%add_ln16_16 = add i7 %zext_ln16_48, i7 48" [lab2/matrix_mult.cpp:16]   --->   Operation 55 'add' 'add_ln16_16' <Predicate = true> <Delay = 1.87> <CoreInst = "Adder">   --->   Core 1 'Adder' <Latency = 0> <II = 1> <Delay = 1.87> <FuncUnit> <Opcode : 'add' 'sub'> <InPorts = 2> <OutPorts = 1>
ST_2 : Operation 56 [1/1] (0.00ns)   --->   "%zext_ln16_52 = zext i7 %add_ln16_16" [lab2/matrix_mult.cpp:16]   --->   Operation 56 'zext' 'zext_ln16_52' <Predicate = true> <Delay = 0.00>
ST_2 : Operation 57 [1/1] (0.00ns)   --->   "%b_addr_3 = getelementptr i8 %b, i64 0, i64 %zext_ln16_52" [lab2/matrix_mult.cpp:16]   --->   Operation 57 'getelementptr' 'b_addr_3' <Predicate = true> <Delay = 0.00>
ST_2 : Operation 58 [1/1] (1.87ns)   --->   "%add_ln16_17 = add i7 %zext_ln16_48, i7 80" [lab2/matrix_mult.cpp:16]   --->   Operation 58 'add' 'add_ln16_17' <Predicate = true> <Delay = 1.87> <CoreInst = "Adder">   --->   Core 1 'Adder' <Latency = 0> <II = 1> <Delay = 1.87> <FuncUnit> <Opcode : 'add' 'sub'> <InPorts = 2> <OutPorts = 1>
ST_2 : Operation 59 [1/1] (0.00ns)   --->   "%zext_ln16_54 = zext i7 %add_ln16_17" [lab2/matrix_mult.cpp:16]   --->   Operation 59 'zext' 'zext_ln16_54' <Predicate = true> <Delay = 0.00>
ST_2 : Operation 60 [1/1] (0.00ns)   --->   "%b_addr_5 = getelementptr i8 %b, i64 0, i64 %zext_ln16_54" [lab2/matrix_mult.cpp:16]   --->   Operation 60 'getelementptr' 'b_addr_5' <Predicate = true> <Delay = 0.00>
ST_2 : Operation 61 [1/2] (3.25ns)   --->   "%b_load = load i8 %b_addr" [lab2/matrix_mult.cpp:16]   --->   Operation 61 'load' 'b_load' <Predicate = true> <Delay = 3.25> <CoreInst = "RAM">   --->   Core 81 'RAM' <Latency = 1> <II = 1> <Delay = 3.25> <Storage> <Opcode : 'load' 'store'> <Ports = 2> <Width = 8> <Depth = 256> <RAM>
ST_2 : Operation 62 [2/2] (3.25ns)   --->   "%b_load_3 = load i8 %b_addr_3" [lab2/matrix_mult.cpp:16]   --->   Operation 62 'load' 'b_load_3' <Predicate = true> <Delay = 3.25> <CoreInst = "RAM">   --->   Core 81 'RAM' <Latency = 1> <II = 1> <Delay = 3.25> <Storage> <Opcode : 'load' 'store'> <Ports = 2> <Width = 8> <Depth = 256> <RAM>
ST_2 : Operation 63 [2/2] (3.25ns)   --->   "%b_load_5 = load i8 %b_addr_5" [lab2/matrix_mult.cpp:16]   --->   Operation 63 'load' 'b_load_5' <Predicate = true> <Delay = 3.25> <CoreInst = "RAM">   --->   Core 81 'RAM' <Latency = 1> <II = 1> <Delay = 3.25> <Storage> <Opcode : 'load' 'store'> <Ports = 2> <Width = 8> <Depth = 256> <RAM>
ST_2 : Operation 64 [1/1] (1.58ns)   --->   "%store_ln10 = store i5 %i, i5 %i2" [lab2/matrix_mult.cpp:10]   --->   Operation 64 'store' 'store_ln10' <Predicate = true> <Delay = 1.58>

State 3 <SV = 2> <Delay = 5.16>
ST_3 : Operation 65 [1/1] (0.00ns)   --->   "%tmp_5 = bitconcatenate i8 @_ssdm_op_BitConcatenate.i8.i4.i4, i4 %empty, i4 5" [lab2/matrix_mult.cpp:10]   --->   Operation 65 'bitconcatenate' 'tmp_5' <Predicate = true> <Delay = 0.00>
ST_3 : Operation 66 [1/1] (0.00ns)   --->   "%tmp_5_cast = zext i8 %tmp_5" [lab2/matrix_mult.cpp:10]   --->   Operation 66 'zext' 'tmp_5_cast' <Predicate = true> <Delay = 0.00>
ST_3 : Operation 67 [1/1] (0.00ns)   --->   "%a_addr_5 = getelementptr i8 %a, i64 0, i64 %tmp_5_cast" [lab2/matrix_mult.cpp:10]   --->   Operation 67 'getelementptr' 'a_addr_5' <Predicate = true> <Delay = 0.00>
ST_3 : Operation 68 [1/1] (0.00ns)   --->   "%tmp_7 = bitconcatenate i8 @_ssdm_op_BitConcatenate.i8.i4.i4, i4 %empty, i4 7" [lab2/matrix_mult.cpp:10]   --->   Operation 68 'bitconcatenate' 'tmp_7' <Predicate = true> <Delay = 0.00>
ST_3 : Operation 69 [1/1] (0.00ns)   --->   "%tmp_7_cast = zext i8 %tmp_7" [lab2/matrix_mult.cpp:10]   --->   Operation 69 'zext' 'tmp_7_cast' <Predicate = true> <Delay = 0.00>
ST_3 : Operation 70 [1/1] (0.00ns)   --->   "%a_addr_7 = getelementptr i8 %a, i64 0, i64 %tmp_7_cast" [lab2/matrix_mult.cpp:10]   --->   Operation 70 'getelementptr' 'a_addr_7' <Predicate = true> <Delay = 0.00>
ST_3 : Operation 71 [1/2] (3.25ns)   --->   "%a_load = load i8 %a_addr" [lab2/matrix_mult.cpp:10]   --->   Operation 71 'load' 'a_load' <Predicate = true> <Delay = 3.25> <CoreInst = "RAM">   --->   Core 81 'RAM' <Latency = 1> <II = 1> <Delay = 3.25> <Storage> <Opcode : 'load' 'store'> <Ports = 2> <Width = 8> <Depth = 256> <RAM>
ST_3 : Operation 72 [1/2] (3.25ns)   --->   "%a_load_3 = load i8 %a_addr_3" [lab2/matrix_mult.cpp:10]   --->   Operation 72 'load' 'a_load_3' <Predicate = true> <Delay = 3.25> <CoreInst = "RAM">   --->   Core 81 'RAM' <Latency = 1> <II = 1> <Delay = 3.25> <Storage> <Opcode : 'load' 'store'> <Ports = 2> <Width = 8> <Depth = 256> <RAM>
ST_3 : Operation 73 [2/2] (3.25ns)   --->   "%a_load_5 = load i8 %a_addr_5" [lab2/matrix_mult.cpp:10]   --->   Operation 73 'load' 'a_load_5' <Predicate = true> <Delay = 3.25> <CoreInst = "RAM">   --->   Core 81 'RAM' <Latency = 1> <II = 1> <Delay = 3.25> <Storage> <Opcode : 'load' 'store'> <Ports = 2> <Width = 8> <Depth = 256> <RAM>
ST_3 : Operation 74 [2/2] (3.25ns)   --->   "%a_load_7 = load i8 %a_addr_7" [lab2/matrix_mult.cpp:10]   --->   Operation 74 'load' 'a_load_7' <Predicate = true> <Delay = 3.25> <CoreInst = "RAM">   --->   Core 81 'RAM' <Latency = 1> <II = 1> <Delay = 3.25> <Storage> <Opcode : 'load' 'store'> <Ports = 2> <Width = 8> <Depth = 256> <RAM>
ST_3 : Operation 75 [1/1] (0.00ns)   --->   "%zext_ln16_47 = zext i5 %select_ln10" [lab2/matrix_mult.cpp:16]   --->   Operation 75 'zext' 'zext_ln16_47' <Predicate = true> <Delay = 0.00>
ST_3 : Operation 76 [1/1] (1.91ns)   --->   "%add_ln16_18 = add i8 %zext_ln16_47, i8 112" [lab2/matrix_mult.cpp:16]   --->   Operation 76 'add' 'add_ln16_18' <Predicate = true> <Delay = 1.91> <CoreInst = "Adder">   --->   Core 1 'Adder' <Latency = 0> <II = 1> <Delay = 1.91> <FuncUnit> <Opcode : 'add' 'sub'> <InPorts = 2> <OutPorts = 1>
ST_3 : Operation 77 [1/1] (0.00ns)   --->   "%zext_ln16_56 = zext i8 %add_ln16_18" [lab2/matrix_mult.cpp:16]   --->   Operation 77 'zext' 'zext_ln16_56' <Predicate = true> <Delay = 0.00>
ST_3 : Operation 78 [1/1] (0.00ns)   --->   "%b_addr_7 = getelementptr i8 %b, i64 0, i64 %zext_ln16_56" [lab2/matrix_mult.cpp:16]   --->   Operation 78 'getelementptr' 'b_addr_7' <Predicate = true> <Delay = 0.00>
ST_3 : Operation 79 [1/1] (1.91ns)   --->   "%add_ln16_19 = add i8 %zext_ln16_47, i8 144" [lab2/matrix_mult.cpp:16]   --->   Operation 79 'add' 'add_ln16_19' <Predicate = true> <Delay = 1.91> <CoreInst = "Adder">   --->   Core 1 'Adder' <Latency = 0> <II = 1> <Delay = 1.91> <FuncUnit> <Opcode : 'add' 'sub'> <InPorts = 2> <OutPorts = 1>
ST_3 : Operation 80 [1/1] (0.00ns)   --->   "%zext_ln16_58 = zext i8 %add_ln16_19" [lab2/matrix_mult.cpp:16]   --->   Operation 80 'zext' 'zext_ln16_58' <Predicate = true> <Delay = 0.00>
ST_3 : Operation 81 [1/1] (0.00ns)   --->   "%b_addr_9 = getelementptr i8 %b, i64 0, i64 %zext_ln16_58" [lab2/matrix_mult.cpp:16]   --->   Operation 81 'getelementptr' 'b_addr_9' <Predicate = true> <Delay = 0.00>
ST_3 : Operation 82 [1/1] (1.91ns)   --->   "%add_ln16_21 = add i8 %tmp, i8 %zext_ln16_47" [lab2/matrix_mult.cpp:16]   --->   Operation 82 'add' 'add_ln16_21' <Predicate = true> <Delay = 1.91> <CoreInst = "Adder">   --->   Core 1 'Adder' <Latency = 0> <II = 1> <Delay = 1.91> <FuncUnit> <Opcode : 'add' 'sub'> <InPorts = 2> <OutPorts = 1>
ST_3 : Operation 83 [1/2] (3.25ns)   --->   "%b_load_3 = load i8 %b_addr_3" [lab2/matrix_mult.cpp:16]   --->   Operation 83 'load' 'b_load_3' <Predicate = true> <Delay = 3.25> <CoreInst = "RAM">   --->   Core 81 'RAM' <Latency = 1> <II = 1> <Delay = 3.25> <Storage> <Opcode : 'load' 'store'> <Ports = 2> <Width = 8> <Depth = 256> <RAM>
ST_3 : Operation 84 [1/2] (3.25ns)   --->   "%b_load_5 = load i8 %b_addr_5" [lab2/matrix_mult.cpp:16]   --->   Operation 84 'load' 'b_load_5' <Predicate = true> <Delay = 3.25> <CoreInst = "RAM">   --->   Core 81 'RAM' <Latency = 1> <II = 1> <Delay = 3.25> <Storage> <Opcode : 'load' 'store'> <Ports = 2> <Width = 8> <Depth = 256> <RAM>
ST_3 : Operation 85 [2/2] (3.25ns)   --->   "%b_load_7 = load i8 %b_addr_7" [lab2/matrix_mult.cpp:16]   --->   Operation 85 'load' 'b_load_7' <Predicate = true> <Delay = 3.25> <CoreInst = "RAM">   --->   Core 81 'RAM' <Latency = 1> <II = 1> <Delay = 3.25> <Storage> <Opcode : 'load' 'store'> <Ports = 2> <Width = 8> <Depth = 256> <RAM>
ST_3 : Operation 86 [2/2] (3.25ns)   --->   "%b_load_9 = load i8 %b_addr_9" [lab2/matrix_mult.cpp:16]   --->   Operation 86 'load' 'b_load_9' <Predicate = true> <Delay = 3.25> <CoreInst = "RAM">   --->   Core 81 'RAM' <Latency = 1> <II = 1> <Delay = 3.25> <Storage> <Opcode : 'load' 'store'> <Ports = 2> <Width = 8> <Depth = 256> <RAM>

State 4 <SV = 3> <Delay = 5.16>
ST_4 : Operation 87 [1/1] (0.00ns)   --->   "%tmp_9 = bitconcatenate i8 @_ssdm_op_BitConcatenate.i8.i4.i4, i4 %empty, i4 9" [lab2/matrix_mult.cpp:10]   --->   Operation 87 'bitconcatenate' 'tmp_9' <Predicate = true> <Delay = 0.00>
ST_4 : Operation 88 [1/1] (0.00ns)   --->   "%tmp_9_cast = zext i8 %tmp_9" [lab2/matrix_mult.cpp:10]   --->   Operation 88 'zext' 'tmp_9_cast' <Predicate = true> <Delay = 0.00>
ST_4 : Operation 89 [1/1] (0.00ns)   --->   "%a_addr_9 = getelementptr i8 %a, i64 0, i64 %tmp_9_cast" [lab2/matrix_mult.cpp:10]   --->   Operation 89 'getelementptr' 'a_addr_9' <Predicate = true> <Delay = 0.00>
ST_4 : Operation 90 [1/1] (0.00ns)   --->   "%tmp_10 = bitconcatenate i8 @_ssdm_op_BitConcatenate.i8.i4.i4, i4 %empty, i4 11" [lab2/matrix_mult.cpp:10]   --->   Operation 90 'bitconcatenate' 'tmp_10' <Predicate = true> <Delay = 0.00>
ST_4 : Operation 91 [1/1] (0.00ns)   --->   "%tmp_11_cast = zext i8 %tmp_10" [lab2/matrix_mult.cpp:10]   --->   Operation 91 'zext' 'tmp_11_cast' <Predicate = true> <Delay = 0.00>
ST_4 : Operation 92 [1/1] (0.00ns)   --->   "%a_addr_11 = getelementptr i8 %a, i64 0, i64 %tmp_11_cast" [lab2/matrix_mult.cpp:10]   --->   Operation 92 'getelementptr' 'a_addr_11' <Predicate = true> <Delay = 0.00>
ST_4 : Operation 93 [1/2] (3.25ns)   --->   "%a_load_5 = load i8 %a_addr_5" [lab2/matrix_mult.cpp:10]   --->   Operation 93 'load' 'a_load_5' <Predicate = true> <Delay = 3.25> <CoreInst = "RAM">   --->   Core 81 'RAM' <Latency = 1> <II = 1> <Delay = 3.25> <Storage> <Opcode : 'load' 'store'> <Ports = 2> <Width = 8> <Depth = 256> <RAM>
ST_4 : Operation 94 [1/2] (3.25ns)   --->   "%a_load_7 = load i8 %a_addr_7" [lab2/matrix_mult.cpp:10]   --->   Operation 94 'load' 'a_load_7' <Predicate = true> <Delay = 3.25> <CoreInst = "RAM">   --->   Core 81 'RAM' <Latency = 1> <II = 1> <Delay = 3.25> <Storage> <Opcode : 'load' 'store'> <Ports = 2> <Width = 8> <Depth = 256> <RAM>
ST_4 : Operation 95 [2/2] (3.25ns)   --->   "%a_load_9 = load i8 %a_addr_9" [lab2/matrix_mult.cpp:10]   --->   Operation 95 'load' 'a_load_9' <Predicate = true> <Delay = 3.25> <CoreInst = "RAM">   --->   Core 81 'RAM' <Latency = 1> <II = 1> <Delay = 3.25> <Storage> <Opcode : 'load' 'store'> <Ports = 2> <Width = 8> <Depth = 256> <RAM>
ST_4 : Operation 96 [2/2] (3.25ns)   --->   "%a_load_11 = load i8 %a_addr_11" [lab2/matrix_mult.cpp:10]   --->   Operation 96 'load' 'a_load_11' <Predicate = true> <Delay = 3.25> <CoreInst = "RAM">   --->   Core 81 'RAM' <Latency = 1> <II = 1> <Delay = 3.25> <Storage> <Opcode : 'load' 'store'> <Ports = 2> <Width = 8> <Depth = 256> <RAM>
ST_4 : Operation 97 [1/1] (1.91ns)   --->   "%add_ln16_20 = add i8 %zext_ln16_47, i8 176" [lab2/matrix_mult.cpp:16]   --->   Operation 97 'add' 'add_ln16_20' <Predicate = true> <Delay = 1.91> <CoreInst = "Adder">   --->   Core 1 'Adder' <Latency = 0> <II = 1> <Delay = 1.91> <FuncUnit> <Opcode : 'add' 'sub'> <InPorts = 2> <OutPorts = 1>
ST_4 : Operation 98 [1/1] (0.00ns)   --->   "%zext_ln16_60 = zext i8 %add_ln16_20" [lab2/matrix_mult.cpp:16]   --->   Operation 98 'zext' 'zext_ln16_60' <Predicate = true> <Delay = 0.00>
ST_4 : Operation 99 [1/1] (0.00ns)   --->   "%b_addr_11 = getelementptr i8 %b, i64 0, i64 %zext_ln16_60" [lab2/matrix_mult.cpp:16]   --->   Operation 99 'getelementptr' 'b_addr_11' <Predicate = true> <Delay = 0.00>
ST_4 : Operation 100 [1/1] (0.00ns)   --->   "%sext_ln16_2 = sext i7 %add_ln16_17" [lab2/matrix_mult.cpp:16]   --->   Operation 100 'sext' 'sext_ln16_2' <Predicate = true> <Delay = 0.00>
ST_4 : Operation 101 [1/1] (0.00ns)   --->   "%zext_ln16_62 = zext i8 %sext_ln16_2" [lab2/matrix_mult.cpp:16]   --->   Operation 101 'zext' 'zext_ln16_62' <Predicate = true> <Delay = 0.00>
ST_4 : Operation 102 [1/1] (0.00ns)   --->   "%b_addr_13 = getelementptr i8 %b, i64 0, i64 %zext_ln16_62" [lab2/matrix_mult.cpp:16]   --->   Operation 102 'getelementptr' 'b_addr_13' <Predicate = true> <Delay = 0.00>
ST_4 : Operation 103 [1/2] (3.25ns)   --->   "%b_load_7 = load i8 %b_addr_7" [lab2/matrix_mult.cpp:16]   --->   Operation 103 'load' 'b_load_7' <Predicate = true> <Delay = 3.25> <CoreInst = "RAM">   --->   Core 81 'RAM' <Latency = 1> <II = 1> <Delay = 3.25> <Storage> <Opcode : 'load' 'store'> <Ports = 2> <Width = 8> <Depth = 256> <RAM>
ST_4 : Operation 104 [1/2] (3.25ns)   --->   "%b_load_9 = load i8 %b_addr_9" [lab2/matrix_mult.cpp:16]   --->   Operation 104 'load' 'b_load_9' <Predicate = true> <Delay = 3.25> <CoreInst = "RAM">   --->   Core 81 'RAM' <Latency = 1> <II = 1> <Delay = 3.25> <Storage> <Opcode : 'load' 'store'> <Ports = 2> <Width = 8> <Depth = 256> <RAM>
ST_4 : Operation 105 [2/2] (3.25ns)   --->   "%b_load_11 = load i8 %b_addr_11" [lab2/matrix_mult.cpp:16]   --->   Operation 105 'load' 'b_load_11' <Predicate = true> <Delay = 3.25> <CoreInst = "RAM">   --->   Core 81 'RAM' <Latency = 1> <II = 1> <Delay = 3.25> <Storage> <Opcode : 'load' 'store'> <Ports = 2> <Width = 8> <Depth = 256> <RAM>
ST_4 : Operation 106 [2/2] (3.25ns)   --->   "%b_load_13 = load i8 %b_addr_13" [lab2/matrix_mult.cpp:16]   --->   Operation 106 'load' 'b_load_13' <Predicate = true> <Delay = 3.25> <CoreInst = "RAM">   --->   Core 81 'RAM' <Latency = 1> <II = 1> <Delay = 3.25> <Storage> <Opcode : 'load' 'store'> <Ports = 2> <Width = 8> <Depth = 256> <RAM>

State 5 <SV = 4> <Delay = 3.25>
ST_5 : Operation 107 [1/1] (0.00ns)   --->   "%tmp_12 = bitconcatenate i8 @_ssdm_op_BitConcatenate.i8.i4.i4, i4 %empty, i4 13" [lab2/matrix_mult.cpp:10]   --->   Operation 107 'bitconcatenate' 'tmp_12' <Predicate = true> <Delay = 0.00>
ST_5 : Operation 108 [1/1] (0.00ns)   --->   "%tmp_13_cast = zext i8 %tmp_12" [lab2/matrix_mult.cpp:10]   --->   Operation 108 'zext' 'tmp_13_cast' <Predicate = true> <Delay = 0.00>
ST_5 : Operation 109 [1/1] (0.00ns)   --->   "%a_addr_13 = getelementptr i8 %a, i64 0, i64 %tmp_13_cast" [lab2/matrix_mult.cpp:10]   --->   Operation 109 'getelementptr' 'a_addr_13' <Predicate = true> <Delay = 0.00>
ST_5 : Operation 110 [1/1] (0.00ns)   --->   "%tmp_14 = bitconcatenate i8 @_ssdm_op_BitConcatenate.i8.i4.i4, i4 %empty, i4 15" [lab2/matrix_mult.cpp:10]   --->   Operation 110 'bitconcatenate' 'tmp_14' <Predicate = true> <Delay = 0.00>
ST_5 : Operation 111 [1/1] (0.00ns)   --->   "%tmp_15_cast = zext i8 %tmp_14" [lab2/matrix_mult.cpp:10]   --->   Operation 111 'zext' 'tmp_15_cast' <Predicate = true> <Delay = 0.00>
ST_5 : Operation 112 [1/1] (0.00ns)   --->   "%a_addr_15 = getelementptr i8 %a, i64 0, i64 %tmp_15_cast" [lab2/matrix_mult.cpp:10]   --->   Operation 112 'getelementptr' 'a_addr_15' <Predicate = true> <Delay = 0.00>
ST_5 : Operation 113 [1/2] (3.25ns)   --->   "%a_load_9 = load i8 %a_addr_9" [lab2/matrix_mult.cpp:10]   --->   Operation 113 'load' 'a_load_9' <Predicate = true> <Delay = 3.25> <CoreInst = "RAM">   --->   Core 81 'RAM' <Latency = 1> <II = 1> <Delay = 3.25> <Storage> <Opcode : 'load' 'store'> <Ports = 2> <Width = 8> <Depth = 256> <RAM>
ST_5 : Operation 114 [1/2] (3.25ns)   --->   "%a_load_11 = load i8 %a_addr_11" [lab2/matrix_mult.cpp:10]   --->   Operation 114 'load' 'a_load_11' <Predicate = true> <Delay = 3.25> <CoreInst = "RAM">   --->   Core 81 'RAM' <Latency = 1> <II = 1> <Delay = 3.25> <Storage> <Opcode : 'load' 'store'> <Ports = 2> <Width = 8> <Depth = 256> <RAM>
ST_5 : Operation 115 [2/2] (3.25ns)   --->   "%a_load_13 = load i8 %a_addr_13" [lab2/matrix_mult.cpp:10]   --->   Operation 115 'load' 'a_load_13' <Predicate = true> <Delay = 3.25> <CoreInst = "RAM">   --->   Core 81 'RAM' <Latency = 1> <II = 1> <Delay = 3.25> <Storage> <Opcode : 'load' 'store'> <Ports = 2> <Width = 8> <Depth = 256> <RAM>
ST_5 : Operation 116 [2/2] (3.25ns)   --->   "%a_load_15 = load i8 %a_addr_15" [lab2/matrix_mult.cpp:10]   --->   Operation 116 'load' 'a_load_15' <Predicate = true> <Delay = 3.25> <CoreInst = "RAM">   --->   Core 81 'RAM' <Latency = 1> <II = 1> <Delay = 3.25> <Storage> <Opcode : 'load' 'store'> <Ports = 2> <Width = 8> <Depth = 256> <RAM>
ST_5 : Operation 117 [1/1] (0.00ns)   --->   "%zext_ln16_49 = zext i5 %select_ln10" [lab2/matrix_mult.cpp:16]   --->   Operation 117 'zext' 'zext_ln16_49' <Predicate = true> <Delay = 0.00>
ST_5 : Operation 118 [1/1] (0.00ns)   --->   "%tmp_16_cast = bitconcatenate i6 @_ssdm_op_BitConcatenate.i6.i1.i5, i1 1, i5 %select_ln10" [lab2/matrix_mult.cpp:16]   --->   Operation 118 'bitconcatenate' 'tmp_16_cast' <Predicate = true> <Delay = 0.00>
ST_5 : Operation 119 [1/1] (0.00ns)   --->   "%zext_ln16_51 = zext i6 %tmp_16_cast" [lab2/matrix_mult.cpp:16]   --->   Operation 119 'zext' 'zext_ln16_51' <Predicate = true> <Delay = 0.00>
ST_5 : Operation 120 [1/1] (0.00ns)   --->   "%b_addr_2 = getelementptr i8 %b, i64 0, i64 %zext_ln16_51" [lab2/matrix_mult.cpp:16]   --->   Operation 120 'getelementptr' 'b_addr_2' <Predicate = true> <Delay = 0.00>
ST_5 : Operation 121 [1/1] (0.00ns)   --->   "%tmp_17_cast = bitconcatenate i7 @_ssdm_op_BitConcatenate.i7.i1.i6, i1 1, i6 %zext_ln16_49" [lab2/matrix_mult.cpp:16]   --->   Operation 121 'bitconcatenate' 'tmp_17_cast' <Predicate = true> <Delay = 0.00>
ST_5 : Operation 122 [1/1] (0.00ns)   --->   "%zext_ln16_53 = zext i7 %tmp_17_cast" [lab2/matrix_mult.cpp:16]   --->   Operation 122 'zext' 'zext_ln16_53' <Predicate = true> <Delay = 0.00>
ST_5 : Operation 123 [1/1] (0.00ns)   --->   "%b_addr_4 = getelementptr i8 %b, i64 0, i64 %zext_ln16_53" [lab2/matrix_mult.cpp:16]   --->   Operation 123 'getelementptr' 'b_addr_4' <Predicate = true> <Delay = 0.00>
ST_5 : Operation 124 [2/2] (3.25ns)   --->   "%b_load_2 = load i8 %b_addr_2" [lab2/matrix_mult.cpp:16]   --->   Operation 124 'load' 'b_load_2' <Predicate = true> <Delay = 3.25> <CoreInst = "RAM">   --->   Core 81 'RAM' <Latency = 1> <II = 1> <Delay = 3.25> <Storage> <Opcode : 'load' 'store'> <Ports = 2> <Width = 8> <Depth = 256> <RAM>
ST_5 : Operation 125 [2/2] (3.25ns)   --->   "%b_load_4 = load i8 %b_addr_4" [lab2/matrix_mult.cpp:16]   --->   Operation 125 'load' 'b_load_4' <Predicate = true> <Delay = 3.25> <CoreInst = "RAM">   --->   Core 81 'RAM' <Latency = 1> <II = 1> <Delay = 3.25> <Storage> <Opcode : 'load' 'store'> <Ports = 2> <Width = 8> <Depth = 256> <RAM>
ST_5 : Operation 126 [1/2] (3.25ns)   --->   "%b_load_11 = load i8 %b_addr_11" [lab2/matrix_mult.cpp:16]   --->   Operation 126 'load' 'b_load_11' <Predicate = true> <Delay = 3.25> <CoreInst = "RAM">   --->   Core 81 'RAM' <Latency = 1> <II = 1> <Delay = 3.25> <Storage> <Opcode : 'load' 'store'> <Ports = 2> <Width = 8> <Depth = 256> <RAM>
ST_5 : Operation 127 [1/2] (3.25ns)   --->   "%b_load_13 = load i8 %b_addr_13" [lab2/matrix_mult.cpp:16]   --->   Operation 127 'load' 'b_load_13' <Predicate = true> <Delay = 3.25> <CoreInst = "RAM">   --->   Core 81 'RAM' <Latency = 1> <II = 1> <Delay = 3.25> <Storage> <Opcode : 'load' 'store'> <Ports = 2> <Width = 8> <Depth = 256> <RAM>

State 6 <SV = 5> <Delay = 3.25>
ST_6 : Operation 128 [1/1] (0.00ns)   --->   "%tmp_1 = bitconcatenate i8 @_ssdm_op_BitConcatenate.i8.i4.i4, i4 %empty, i4 1" [lab2/matrix_mult.cpp:10]   --->   Operation 128 'bitconcatenate' 'tmp_1' <Predicate = true> <Delay = 0.00>
ST_6 : Operation 129 [1/1] (0.00ns)   --->   "%tmp_1_cast = zext i8 %tmp_1" [lab2/matrix_mult.cpp:10]   --->   Operation 129 'zext' 'tmp_1_cast' <Predicate = true> <Delay = 0.00>
ST_6 : Operation 130 [1/1] (0.00ns)   --->   "%a_addr_1 = getelementptr i8 %a, i64 0, i64 %tmp_1_cast" [lab2/matrix_mult.cpp:10]   --->   Operation 130 'getelementptr' 'a_addr_1' <Predicate = true> <Delay = 0.00>
ST_6 : Operation 131 [1/1] (0.00ns)   --->   "%tmp_2 = bitconcatenate i8 @_ssdm_op_BitConcatenate.i8.i4.i4, i4 %empty, i4 2" [lab2/matrix_mult.cpp:10]   --->   Operation 131 'bitconcatenate' 'tmp_2' <Predicate = true> <Delay = 0.00>
ST_6 : Operation 132 [1/1] (0.00ns)   --->   "%tmp_2_cast = zext i8 %tmp_2" [lab2/matrix_mult.cpp:10]   --->   Operation 132 'zext' 'tmp_2_cast' <Predicate = true> <Delay = 0.00>
ST_6 : Operation 133 [1/1] (0.00ns)   --->   "%a_addr_2 = getelementptr i8 %a, i64 0, i64 %tmp_2_cast" [lab2/matrix_mult.cpp:10]   --->   Operation 133 'getelementptr' 'a_addr_2' <Predicate = true> <Delay = 0.00>
ST_6 : Operation 134 [2/2] (3.25ns)   --->   "%a_load_1 = load i8 %a_addr_1" [lab2/matrix_mult.cpp:10]   --->   Operation 134 'load' 'a_load_1' <Predicate = true> <Delay = 3.25> <CoreInst = "RAM">   --->   Core 81 'RAM' <Latency = 1> <II = 1> <Delay = 3.25> <Storage> <Opcode : 'load' 'store'> <Ports = 2> <Width = 8> <Depth = 256> <RAM>
ST_6 : Operation 135 [2/2] (3.25ns)   --->   "%a_load_2 = load i8 %a_addr_2" [lab2/matrix_mult.cpp:10]   --->   Operation 135 'load' 'a_load_2' <Predicate = true> <Delay = 3.25> <CoreInst = "RAM">   --->   Core 81 'RAM' <Latency = 1> <II = 1> <Delay = 3.25> <Storage> <Opcode : 'load' 'store'> <Ports = 2> <Width = 8> <Depth = 256> <RAM>
ST_6 : Operation 136 [1/1] (0.00ns)   --->   "%conv3_i_i_3 = zext i8 %a_load_3" [lab2/matrix_mult.cpp:10]   --->   Operation 136 'zext' 'conv3_i_i_3' <Predicate = true> <Delay = 0.00>
ST_6 : Operation 137 [1/2] (3.25ns)   --->   "%a_load_13 = load i8 %a_addr_13" [lab2/matrix_mult.cpp:10]   --->   Operation 137 'load' 'a_load_13' <Predicate = true> <Delay = 3.25> <CoreInst = "RAM">   --->   Core 81 'RAM' <Latency = 1> <II = 1> <Delay = 3.25> <Storage> <Opcode : 'load' 'store'> <Ports = 2> <Width = 8> <Depth = 256> <RAM>
ST_6 : Operation 138 [1/2] (3.25ns)   --->   "%a_load_15 = load i8 %a_addr_15" [lab2/matrix_mult.cpp:10]   --->   Operation 138 'load' 'a_load_15' <Predicate = true> <Delay = 3.25> <CoreInst = "RAM">   --->   Core 81 'RAM' <Latency = 1> <II = 1> <Delay = 3.25> <Storage> <Opcode : 'load' 'store'> <Ports = 2> <Width = 8> <Depth = 256> <RAM>
ST_6 : Operation 139 [1/1] (0.00ns)   --->   "%sext_ln16 = sext i6 %tmp_16_cast" [lab2/matrix_mult.cpp:16]   --->   Operation 139 'sext' 'sext_ln16' <Predicate = true> <Delay = 0.00>
ST_6 : Operation 140 [1/1] (0.00ns)   --->   "%zext_ln16_55 = zext i7 %sext_ln16" [lab2/matrix_mult.cpp:16]   --->   Operation 140 'zext' 'zext_ln16_55' <Predicate = true> <Delay = 0.00>
ST_6 : Operation 141 [1/1] (0.00ns)   --->   "%b_addr_6 = getelementptr i8 %b, i64 0, i64 %zext_ln16_55" [lab2/matrix_mult.cpp:16]   --->   Operation 141 'getelementptr' 'b_addr_6' <Predicate = true> <Delay = 0.00>
ST_6 : Operation 142 [1/1] (0.00ns)   --->   "%tmp_19_cast = bitconcatenate i8 @_ssdm_op_BitConcatenate.i8.i1.i7, i1 1, i7 %zext_ln16_48" [lab2/matrix_mult.cpp:16]   --->   Operation 142 'bitconcatenate' 'tmp_19_cast' <Predicate = true> <Delay = 0.00>
ST_6 : Operation 143 [1/1] (0.00ns)   --->   "%zext_ln16_57 = zext i8 %tmp_19_cast" [lab2/matrix_mult.cpp:16]   --->   Operation 143 'zext' 'zext_ln16_57' <Predicate = true> <Delay = 0.00>
ST_6 : Operation 144 [1/1] (0.00ns)   --->   "%b_addr_8 = getelementptr i8 %b, i64 0, i64 %zext_ln16_57" [lab2/matrix_mult.cpp:16]   --->   Operation 144 'getelementptr' 'b_addr_8' <Predicate = true> <Delay = 0.00>
ST_6 : Operation 145 [1/2] (3.25ns)   --->   "%b_load_2 = load i8 %b_addr_2" [lab2/matrix_mult.cpp:16]   --->   Operation 145 'load' 'b_load_2' <Predicate = true> <Delay = 3.25> <CoreInst = "RAM">   --->   Core 81 'RAM' <Latency = 1> <II = 1> <Delay = 3.25> <Storage> <Opcode : 'load' 'store'> <Ports = 2> <Width = 8> <Depth = 256> <RAM>
ST_6 : Operation 146 [1/1] (0.00ns)   --->   "%zext_ln16_6 = zext i8 %b_load_3" [lab2/matrix_mult.cpp:16]   --->   Operation 146 'zext' 'zext_ln16_6' <Predicate = true> <Delay = 0.00>
ST_6 : Operation 147 [3/3] (1.05ns) (grouped into DSP with root node add_ln16_1)   --->   "%mul_ln16_3 = mul i16 %zext_ln16_6, i16 %conv3_i_i_3" [lab2/matrix_mult.cpp:16]   --->   Operation 147 'mul' 'mul_ln16_3' <Predicate = true> <Delay = 1.05> <CoreInst = "DSP48">   --->   Core 116 'DSP48' <Latency = 3> <II = 1> <Delay = 2.15> <IPBlock> <Opcode : '' 'add' 'sub' 'mul' 'select'> <InPorts = 0> <OutPorts = 1> <Sync> <CReg>
ST_6 : Operation 148 [1/2] (3.25ns)   --->   "%b_load_4 = load i8 %b_addr_4" [lab2/matrix_mult.cpp:16]   --->   Operation 148 'load' 'b_load_4' <Predicate = true> <Delay = 3.25> <CoreInst = "RAM">   --->   Core 81 'RAM' <Latency = 1> <II = 1> <Delay = 3.25> <Storage> <Opcode : 'load' 'store'> <Ports = 2> <Width = 8> <Depth = 256> <RAM>
ST_6 : Operation 149 [2/2] (3.25ns)   --->   "%b_load_6 = load i8 %b_addr_6" [lab2/matrix_mult.cpp:16]   --->   Operation 149 'load' 'b_load_6' <Predicate = true> <Delay = 3.25> <CoreInst = "RAM">   --->   Core 81 'RAM' <Latency = 1> <II = 1> <Delay = 3.25> <Storage> <Opcode : 'load' 'store'> <Ports = 2> <Width = 8> <Depth = 256> <RAM>
ST_6 : Operation 150 [2/2] (3.25ns)   --->   "%b_load_8 = load i8 %b_addr_8" [lab2/matrix_mult.cpp:16]   --->   Operation 150 'load' 'b_load_8' <Predicate = true> <Delay = 3.25> <CoreInst = "RAM">   --->   Core 81 'RAM' <Latency = 1> <II = 1> <Delay = 3.25> <Storage> <Opcode : 'load' 'store'> <Ports = 2> <Width = 8> <Depth = 256> <RAM>

State 7 <SV = 6> <Delay = 3.25>
ST_7 : Operation 151 [1/1] (0.00ns)   --->   "%tmp_4 = bitconcatenate i8 @_ssdm_op_BitConcatenate.i8.i4.i4, i4 %empty, i4 4" [lab2/matrix_mult.cpp:10]   --->   Operation 151 'bitconcatenate' 'tmp_4' <Predicate = true> <Delay = 0.00>
ST_7 : Operation 152 [1/1] (0.00ns)   --->   "%tmp_4_cast = zext i8 %tmp_4" [lab2/matrix_mult.cpp:10]   --->   Operation 152 'zext' 'tmp_4_cast' <Predicate = true> <Delay = 0.00>
ST_7 : Operation 153 [1/1] (0.00ns)   --->   "%a_addr_4 = getelementptr i8 %a, i64 0, i64 %tmp_4_cast" [lab2/matrix_mult.cpp:10]   --->   Operation 153 'getelementptr' 'a_addr_4' <Predicate = true> <Delay = 0.00>
ST_7 : Operation 154 [1/1] (0.00ns)   --->   "%tmp_6 = bitconcatenate i8 @_ssdm_op_BitConcatenate.i8.i4.i4, i4 %empty, i4 6" [lab2/matrix_mult.cpp:10]   --->   Operation 154 'bitconcatenate' 'tmp_6' <Predicate = true> <Delay = 0.00>
ST_7 : Operation 155 [1/1] (0.00ns)   --->   "%tmp_6_cast = zext i8 %tmp_6" [lab2/matrix_mult.cpp:10]   --->   Operation 155 'zext' 'tmp_6_cast' <Predicate = true> <Delay = 0.00>
ST_7 : Operation 156 [1/1] (0.00ns)   --->   "%a_addr_6 = getelementptr i8 %a, i64 0, i64 %tmp_6_cast" [lab2/matrix_mult.cpp:10]   --->   Operation 156 'getelementptr' 'a_addr_6' <Predicate = true> <Delay = 0.00>
ST_7 : Operation 157 [1/2] (3.25ns)   --->   "%a_load_1 = load i8 %a_addr_1" [lab2/matrix_mult.cpp:10]   --->   Operation 157 'load' 'a_load_1' <Predicate = true> <Delay = 3.25> <CoreInst = "RAM">   --->   Core 81 'RAM' <Latency = 1> <II = 1> <Delay = 3.25> <Storage> <Opcode : 'load' 'store'> <Ports = 2> <Width = 8> <Depth = 256> <RAM>
ST_7 : Operation 158 [1/2] (3.25ns)   --->   "%a_load_2 = load i8 %a_addr_2" [lab2/matrix_mult.cpp:10]   --->   Operation 158 'load' 'a_load_2' <Predicate = true> <Delay = 3.25> <CoreInst = "RAM">   --->   Core 81 'RAM' <Latency = 1> <II = 1> <Delay = 3.25> <Storage> <Opcode : 'load' 'store'> <Ports = 2> <Width = 8> <Depth = 256> <RAM>
ST_7 : Operation 159 [2/2] (3.25ns)   --->   "%a_load_4 = load i8 %a_addr_4" [lab2/matrix_mult.cpp:10]   --->   Operation 159 'load' 'a_load_4' <Predicate = true> <Delay = 3.25> <CoreInst = "RAM">   --->   Core 81 'RAM' <Latency = 1> <II = 1> <Delay = 3.25> <Storage> <Opcode : 'load' 'store'> <Ports = 2> <Width = 8> <Depth = 256> <RAM>
ST_7 : Operation 160 [1/1] (0.00ns)   --->   "%conv3_i_i_5 = zext i8 %a_load_5" [lab2/matrix_mult.cpp:10]   --->   Operation 160 'zext' 'conv3_i_i_5' <Predicate = true> <Delay = 0.00>
ST_7 : Operation 161 [2/2] (3.25ns)   --->   "%a_load_6 = load i8 %a_addr_6" [lab2/matrix_mult.cpp:10]   --->   Operation 161 'load' 'a_load_6' <Predicate = true> <Delay = 3.25> <CoreInst = "RAM">   --->   Core 81 'RAM' <Latency = 1> <II = 1> <Delay = 3.25> <Storage> <Opcode : 'load' 'store'> <Ports = 2> <Width = 8> <Depth = 256> <RAM>
ST_7 : Operation 162 [1/1] (0.00ns)   --->   "%tmp_20_cast = bitconcatenate i8 @_ssdm_op_BitConcatenate.i8.i3.i5, i3 5, i5 %select_ln10" [lab2/matrix_mult.cpp:16]   --->   Operation 162 'bitconcatenate' 'tmp_20_cast' <Predicate = true> <Delay = 0.00>
ST_7 : Operation 163 [1/1] (0.00ns)   --->   "%zext_ln16_59 = zext i8 %tmp_20_cast" [lab2/matrix_mult.cpp:16]   --->   Operation 163 'zext' 'zext_ln16_59' <Predicate = true> <Delay = 0.00>
ST_7 : Operation 164 [1/1] (0.00ns)   --->   "%b_addr_10 = getelementptr i8 %b, i64 0, i64 %zext_ln16_59" [lab2/matrix_mult.cpp:16]   --->   Operation 164 'getelementptr' 'b_addr_10' <Predicate = true> <Delay = 0.00>
ST_7 : Operation 165 [1/1] (0.00ns)   --->   "%sext_ln16_1 = sext i7 %tmp_17_cast" [lab2/matrix_mult.cpp:16]   --->   Operation 165 'sext' 'sext_ln16_1' <Predicate = true> <Delay = 0.00>
ST_7 : Operation 166 [1/1] (0.00ns)   --->   "%zext_ln16_61 = zext i8 %sext_ln16_1" [lab2/matrix_mult.cpp:16]   --->   Operation 166 'zext' 'zext_ln16_61' <Predicate = true> <Delay = 0.00>
ST_7 : Operation 167 [1/1] (0.00ns)   --->   "%b_addr_12 = getelementptr i8 %b, i64 0, i64 %zext_ln16_61" [lab2/matrix_mult.cpp:16]   --->   Operation 167 'getelementptr' 'b_addr_12' <Predicate = true> <Delay = 0.00>
ST_7 : Operation 168 [2/3] (1.05ns) (grouped into DSP with root node add_ln16_1)   --->   "%mul_ln16_3 = mul i16 %zext_ln16_6, i16 %conv3_i_i_3" [lab2/matrix_mult.cpp:16]   --->   Operation 168 'mul' 'mul_ln16_3' <Predicate = true> <Delay = 1.05> <CoreInst = "DSP48">   --->   Core 116 'DSP48' <Latency = 3> <II = 1> <Delay = 2.15> <IPBlock> <Opcode : '' 'add' 'sub' 'mul' 'select'> <InPorts = 0> <OutPorts = 1> <Sync> <CReg>
ST_7 : Operation 169 [1/1] (0.00ns)   --->   "%zext_ln16_10 = zext i8 %b_load_5" [lab2/matrix_mult.cpp:16]   --->   Operation 169 'zext' 'zext_ln16_10' <Predicate = true> <Delay = 0.00>
ST_7 : Operation 170 [3/3] (1.05ns) (grouped into DSP with root node add_ln16_3)   --->   "%mul_ln16_5 = mul i16 %zext_ln16_10, i16 %conv3_i_i_5" [lab2/matrix_mult.cpp:16]   --->   Operation 170 'mul' 'mul_ln16_5' <Predicate = true> <Delay = 1.05> <CoreInst = "DSP48">   --->   Core 116 'DSP48' <Latency = 3> <II = 1> <Delay = 2.15> <IPBlock> <Opcode : '' 'add' 'sub' 'mul' 'select'> <InPorts = 0> <OutPorts = 1> <Sync> <CReg>
ST_7 : Operation 171 [1/2] (3.25ns)   --->   "%b_load_6 = load i8 %b_addr_6" [lab2/matrix_mult.cpp:16]   --->   Operation 171 'load' 'b_load_6' <Predicate = true> <Delay = 3.25> <CoreInst = "RAM">   --->   Core 81 'RAM' <Latency = 1> <II = 1> <Delay = 3.25> <Storage> <Opcode : 'load' 'store'> <Ports = 2> <Width = 8> <Depth = 256> <RAM>
ST_7 : Operation 172 [1/2] (3.25ns)   --->   "%b_load_8 = load i8 %b_addr_8" [lab2/matrix_mult.cpp:16]   --->   Operation 172 'load' 'b_load_8' <Predicate = true> <Delay = 3.25> <CoreInst = "RAM">   --->   Core 81 'RAM' <Latency = 1> <II = 1> <Delay = 3.25> <Storage> <Opcode : 'load' 'store'> <Ports = 2> <Width = 8> <Depth = 256> <RAM>
ST_7 : Operation 173 [2/2] (3.25ns)   --->   "%b_load_10 = load i8 %b_addr_10" [lab2/matrix_mult.cpp:16]   --->   Operation 173 'load' 'b_load_10' <Predicate = true> <Delay = 3.25> <CoreInst = "RAM">   --->   Core 81 'RAM' <Latency = 1> <II = 1> <Delay = 3.25> <Storage> <Opcode : 'load' 'store'> <Ports = 2> <Width = 8> <Depth = 256> <RAM>
ST_7 : Operation 174 [2/2] (3.25ns)   --->   "%b_load_12 = load i8 %b_addr_12" [lab2/matrix_mult.cpp:16]   --->   Operation 174 'load' 'b_load_12' <Predicate = true> <Delay = 3.25> <CoreInst = "RAM">   --->   Core 81 'RAM' <Latency = 1> <II = 1> <Delay = 3.25> <Storage> <Opcode : 'load' 'store'> <Ports = 2> <Width = 8> <Depth = 256> <RAM>

State 8 <SV = 7> <Delay = 6.27>
ST_8 : Operation 175 [1/1] (0.00ns)   --->   "%indvar_flatten1_load = load i8 %indvar_flatten1" [lab2/matrix_mult.cpp:10]   --->   Operation 175 'load' 'indvar_flatten1_load' <Predicate = true> <Delay = 0.00>
ST_8 : Operation 176 [1/1] (0.00ns)   --->   "%tmp_8 = bitconcatenate i8 @_ssdm_op_BitConcatenate.i8.i4.i4, i4 %empty, i4 8" [lab2/matrix_mult.cpp:10]   --->   Operation 176 'bitconcatenate' 'tmp_8' <Predicate = true> <Delay = 0.00>
ST_8 : Operation 177 [1/1] (0.00ns)   --->   "%tmp_8_cast = zext i8 %tmp_8" [lab2/matrix_mult.cpp:10]   --->   Operation 177 'zext' 'tmp_8_cast' <Predicate = true> <Delay = 0.00>
ST_8 : Operation 178 [1/1] (0.00ns)   --->   "%a_addr_8 = getelementptr i8 %a, i64 0, i64 %tmp_8_cast" [lab2/matrix_mult.cpp:10]   --->   Operation 178 'getelementptr' 'a_addr_8' <Predicate = true> <Delay = 0.00>
ST_8 : Operation 179 [1/1] (0.00ns)   --->   "%tmp_s = bitconcatenate i8 @_ssdm_op_BitConcatenate.i8.i4.i4, i4 %empty, i4 10" [lab2/matrix_mult.cpp:10]   --->   Operation 179 'bitconcatenate' 'tmp_s' <Predicate = true> <Delay = 0.00>
ST_8 : Operation 180 [1/1] (0.00ns)   --->   "%tmp_10_cast = zext i8 %tmp_s" [lab2/matrix_mult.cpp:10]   --->   Operation 180 'zext' 'tmp_10_cast' <Predicate = true> <Delay = 0.00>
ST_8 : Operation 181 [1/1] (0.00ns)   --->   "%a_addr_10 = getelementptr i8 %a, i64 0, i64 %tmp_10_cast" [lab2/matrix_mult.cpp:10]   --->   Operation 181 'getelementptr' 'a_addr_10' <Predicate = true> <Delay = 0.00>
ST_8 : Operation 182 [1/1] (0.00ns)   --->   "%conv3_i_i = zext i8 %a_load" [lab2/matrix_mult.cpp:10]   --->   Operation 182 'zext' 'conv3_i_i' <Predicate = true> <Delay = 0.00>
ST_8 : Operation 183 [1/1] (0.00ns)   --->   "%conv3_i_i_2 = zext i8 %a_load_2" [lab2/matrix_mult.cpp:10]   --->   Operation 183 'zext' 'conv3_i_i_2' <Predicate = true> <Delay = 0.00>
ST_8 : Operation 184 [1/2] (3.25ns)   --->   "%a_load_4 = load i8 %a_addr_4" [lab2/matrix_mult.cpp:10]   --->   Operation 184 'load' 'a_load_4' <Predicate = true> <Delay = 3.25> <CoreInst = "RAM">   --->   Core 81 'RAM' <Latency = 1> <II = 1> <Delay = 3.25> <Storage> <Opcode : 'load' 'store'> <Ports = 2> <Width = 8> <Depth = 256> <RAM>
ST_8 : Operation 185 [1/2] (3.25ns)   --->   "%a_load_6 = load i8 %a_addr_6" [lab2/matrix_mult.cpp:10]   --->   Operation 185 'load' 'a_load_6' <Predicate = true> <Delay = 3.25> <CoreInst = "RAM">   --->   Core 81 'RAM' <Latency = 1> <II = 1> <Delay = 3.25> <Storage> <Opcode : 'load' 'store'> <Ports = 2> <Width = 8> <Depth = 256> <RAM>
ST_8 : Operation 186 [2/2] (3.25ns)   --->   "%a_load_8 = load i8 %a_addr_8" [lab2/matrix_mult.cpp:10]   --->   Operation 186 'load' 'a_load_8' <Predicate = true> <Delay = 3.25> <CoreInst = "RAM">   --->   Core 81 'RAM' <Latency = 1> <II = 1> <Delay = 3.25> <Storage> <Opcode : 'load' 'store'> <Ports = 2> <Width = 8> <Depth = 256> <RAM>
ST_8 : Operation 187 [2/2] (3.25ns)   --->   "%a_load_10 = load i8 %a_addr_10" [lab2/matrix_mult.cpp:10]   --->   Operation 187 'load' 'a_load_10' <Predicate = true> <Delay = 3.25> <CoreInst = "RAM">   --->   Core 81 'RAM' <Latency = 1> <II = 1> <Delay = 3.25> <Storage> <Opcode : 'load' 'store'> <Ports = 2> <Width = 8> <Depth = 256> <RAM>
ST_8 : Operation 188 [1/1] (1.82ns)   --->   "%add_ln16_15 = add i6 %zext_ln16_49, i6 16" [lab2/matrix_mult.cpp:16]   --->   Operation 188 'add' 'add_ln16_15' <Predicate = true> <Delay = 1.82> <CoreInst = "Adder">   --->   Core 1 'Adder' <Latency = 0> <II = 1> <Delay = 1.82> <FuncUnit> <Opcode : 'add' 'sub'> <InPorts = 2> <OutPorts = 1>
ST_8 : Operation 189 [1/1] (0.00ns)   --->   "%zext_ln16_50 = zext i6 %add_ln16_15" [lab2/matrix_mult.cpp:16]   --->   Operation 189 'zext' 'zext_ln16_50' <Predicate = true> <Delay = 0.00>
ST_8 : Operation 190 [1/1] (0.00ns)   --->   "%b_addr_1 = getelementptr i8 %b, i64 0, i64 %zext_ln16_50" [lab2/matrix_mult.cpp:16]   --->   Operation 190 'getelementptr' 'b_addr_1' <Predicate = true> <Delay = 0.00>
ST_8 : Operation 191 [1/1] (0.00ns)   --->   "%sext_ln16_3 = sext i6 %tmp_16_cast" [lab2/matrix_mult.cpp:16]   --->   Operation 191 'sext' 'sext_ln16_3' <Predicate = true> <Delay = 0.00>
ST_8 : Operation 192 [1/1] (0.00ns)   --->   "%zext_ln16_63 = zext i8 %sext_ln16_3" [lab2/matrix_mult.cpp:16]   --->   Operation 192 'zext' 'zext_ln16_63' <Predicate = true> <Delay = 0.00>
ST_8 : Operation 193 [1/1] (0.00ns)   --->   "%b_addr_14 = getelementptr i8 %b, i64 0, i64 %zext_ln16_63" [lab2/matrix_mult.cpp:16]   --->   Operation 193 'getelementptr' 'b_addr_14' <Predicate = true> <Delay = 0.00>
ST_8 : Operation 194 [1/1] (0.00ns)   --->   "%zext_ln16 = zext i8 %b_load" [lab2/matrix_mult.cpp:16]   --->   Operation 194 'zext' 'zext_ln16' <Predicate = true> <Delay = 0.00>
ST_8 : Operation 195 [3/3] (1.05ns) (grouped into DSP with root node add_ln16)   --->   "%mul_ln16 = mul i16 %zext_ln16, i16 %conv3_i_i" [lab2/matrix_mult.cpp:16]   --->   Operation 195 'mul' 'mul_ln16' <Predicate = true> <Delay = 1.05> <CoreInst = "DSP48">   --->   Core 116 'DSP48' <Latency = 3> <II = 1> <Delay = 2.15> <IPBlock> <Opcode : '' 'add' 'sub' 'mul' 'select'> <InPorts = 0> <OutPorts = 1> <Sync> <CReg>
ST_8 : Operation 196 [2/2] (3.25ns)   --->   "%b_load_1 = load i8 %b_addr_1" [lab2/matrix_mult.cpp:16]   --->   Operation 196 'load' 'b_load_1' <Predicate = true> <Delay = 3.25> <CoreInst = "RAM">   --->   Core 81 'RAM' <Latency = 1> <II = 1> <Delay = 3.25> <Storage> <Opcode : 'load' 'store'> <Ports = 2> <Width = 8> <Depth = 256> <RAM>
ST_8 : Operation 197 [1/1] (0.00ns)   --->   "%zext_ln16_4 = zext i8 %b_load_2" [lab2/matrix_mult.cpp:16]   --->   Operation 197 'zext' 'zext_ln16_4' <Predicate = true> <Delay = 0.00>
ST_8 : Operation 198 [1/1] (4.17ns)   --->   "%mul_ln16_2 = mul i16 %zext_ln16_4, i16 %conv3_i_i_2" [lab2/matrix_mult.cpp:16]   --->   Operation 198 'mul' 'mul_ln16_2' <Predicate = true> <Delay = 4.17> <CoreInst = "Multiplier">   --->   Core 3 'Multiplier' <Latency = 0> <II = 1> <Delay = 4.17> <FuncUnit> <Opcode : 'mul'> <InPorts = 2> <OutPorts = 1>
ST_8 : Operation 199 [1/1] (0.00ns)   --->   "%zext_ln16_5 = zext i16 %mul_ln16_2" [lab2/matrix_mult.cpp:16]   --->   Operation 199 'zext' 'zext_ln16_5' <Predicate = true> <Delay = 0.00>
ST_8 : Operation 200 [1/3] (0.00ns) (grouped into DSP with root node add_ln16_1)   --->   "%mul_ln16_3 = mul i16 %zext_ln16_6, i16 %conv3_i_i_3" [lab2/matrix_mult.cpp:16]   --->   Operation 200 'mul' 'mul_ln16_3' <Predicate = true> <Delay = 0.00> <CoreInst = "DSP48">   --->   Core 116 'DSP48' <Latency = 3> <II = 1> <Delay = 2.15> <IPBlock> <Opcode : '' 'add' 'sub' 'mul' 'select'> <InPorts = 0> <OutPorts = 1> <Sync> <CReg>
ST_8 : Operation 201 [1/1] (0.00ns) (grouped into DSP with root node add_ln16_1)   --->   "%zext_ln16_7 = zext i16 %mul_ln16_3" [lab2/matrix_mult.cpp:16]   --->   Operation 201 'zext' 'zext_ln16_7' <Predicate = true> <Delay = 0.00>
ST_8 : Operation 202 [2/3] (1.05ns) (grouped into DSP with root node add_ln16_3)   --->   "%mul_ln16_5 = mul i16 %zext_ln16_10, i16 %conv3_i_i_5" [lab2/matrix_mult.cpp:16]   --->   Operation 202 'mul' 'mul_ln16_5' <Predicate = true> <Delay = 1.05> <CoreInst = "DSP48">   --->   Core 116 'DSP48' <Latency = 3> <II = 1> <Delay = 2.15> <IPBlock> <Opcode : '' 'add' 'sub' 'mul' 'select'> <InPorts = 0> <OutPorts = 1> <Sync> <CReg>
ST_8 : Operation 203 [1/2] (3.25ns)   --->   "%b_load_10 = load i8 %b_addr_10" [lab2/matrix_mult.cpp:16]   --->   Operation 203 'load' 'b_load_10' <Predicate = true> <Delay = 3.25> <CoreInst = "RAM">   --->   Core 81 'RAM' <Latency = 1> <II = 1> <Delay = 3.25> <Storage> <Opcode : 'load' 'store'> <Ports = 2> <Width = 8> <Depth = 256> <RAM>
ST_8 : Operation 204 [1/2] (3.25ns)   --->   "%b_load_12 = load i8 %b_addr_12" [lab2/matrix_mult.cpp:16]   --->   Operation 204 'load' 'b_load_12' <Predicate = true> <Delay = 3.25> <CoreInst = "RAM">   --->   Core 81 'RAM' <Latency = 1> <II = 1> <Delay = 3.25> <Storage> <Opcode : 'load' 'store'> <Ports = 2> <Width = 8> <Depth = 256> <RAM>
ST_8 : Operation 205 [2/2] (3.25ns)   --->   "%b_load_14 = load i8 %b_addr_14" [lab2/matrix_mult.cpp:16]   --->   Operation 205 'load' 'b_load_14' <Predicate = true> <Delay = 3.25> <CoreInst = "RAM">   --->   Core 81 'RAM' <Latency = 1> <II = 1> <Delay = 3.25> <Storage> <Opcode : 'load' 'store'> <Ports = 2> <Width = 8> <Depth = 256> <RAM>
ST_8 : Operation 206 [2/2] (2.10ns) (root node of the DSP)   --->   "%add_ln16_1 = add i17 %zext_ln16_5, i17 %zext_ln16_7" [lab2/matrix_mult.cpp:16]   --->   Operation 206 'add' 'add_ln16_1' <Predicate = true> <Delay = 2.10> <CoreInst = "DSP48">   --->   Core 116 'DSP48' <Latency = 3> <II = 1> <Delay = 2.15> <IPBlock> <Opcode : '' 'add' 'sub' 'mul' 'select'> <InPorts = 0> <OutPorts = 1> <Sync> <CReg>
ST_8 : Operation 207 [1/1] (1.78ns)   --->   "%j = add i5 %select_ln10, i5 1" [lab2/matrix_mult.cpp:12]   --->   Operation 207 'add' 'j' <Predicate = true> <Delay = 1.78> <CoreInst = "Adder">   --->   Core 1 'Adder' <Latency = 0> <II = 1> <Delay = 1.78> <FuncUnit> <Opcode : 'add' 'sub'> <InPorts = 2> <OutPorts = 1>
ST_8 : Operation 208 [1/1] (1.91ns)   --->   "%add_ln10_1 = add i8 %indvar_flatten1_load, i8 1" [lab2/matrix_mult.cpp:10]   --->   Operation 208 'add' 'add_ln10_1' <Predicate = true> <Delay = 1.91> <CoreInst = "Adder">   --->   Core 1 'Adder' <Latency = 0> <II = 1> <Delay = 1.91> <FuncUnit> <Opcode : 'add' 'sub'> <InPorts = 2> <OutPorts = 1>
ST_8 : Operation 209 [1/1] (1.78ns)   --->   "%icmp_ln12 = icmp_eq  i5 %j, i5 16" [lab2/matrix_mult.cpp:12]   --->   Operation 209 'icmp' 'icmp_ln12' <Predicate = true> <Delay = 1.78> <CoreInst = "Cmp">   --->   Core 9 'Cmp' <Latency = 0> <II = 1> <Delay = 1.78> <FuncUnit> <Opcode : 'seteq' 'setne' 'setle' 'setge' 'setlt' 'setgt'> <InPorts = 2> <OutPorts = 1>
ST_8 : Operation 210 [1/1] (1.91ns)   --->   "%icmp_ln10 = icmp_eq  i8 %indvar_flatten1_load, i8 255" [lab2/matrix_mult.cpp:10]   --->   Operation 210 'icmp' 'icmp_ln10' <Predicate = true> <Delay = 1.91> <CoreInst = "Cmp">   --->   Core 9 'Cmp' <Latency = 0> <II = 1> <Delay = 1.91> <FuncUnit> <Opcode : 'seteq' 'setne' 'setle' 'setge' 'setlt' 'setgt'> <InPorts = 2> <OutPorts = 1>
ST_8 : Operation 211 [1/1] (1.58ns)   --->   "%store_ln12 = store i5 %j, i5 %j3" [lab2/matrix_mult.cpp:12]   --->   Operation 211 'store' 'store_ln12' <Predicate = true> <Delay = 1.58>
ST_8 : Operation 212 [1/1] (1.58ns)   --->   "%store_ln10 = store i8 %add_ln10_1, i8 %indvar_flatten1" [lab2/matrix_mult.cpp:10]   --->   Operation 212 'store' 'store_ln10' <Predicate = true> <Delay = 1.58>
ST_8 : Operation 213 [1/1] (0.00ns)   --->   "%br_ln10 = br i1 %icmp_ln10, void %for.inc27, void %for.end29" [lab2/matrix_mult.cpp:10]   --->   Operation 213 'br' 'br_ln10' <Predicate = true> <Delay = 0.00>

State 9 <SV = 8> <Delay = 6.27>
ST_9 : Operation 214 [1/1] (0.00ns)   --->   "%tmp_11 = bitconcatenate i8 @_ssdm_op_BitConcatenate.i8.i4.i4, i4 %empty, i4 12" [lab2/matrix_mult.cpp:10]   --->   Operation 214 'bitconcatenate' 'tmp_11' <Predicate = true> <Delay = 0.00>
ST_9 : Operation 215 [1/1] (0.00ns)   --->   "%tmp_12_cast = zext i8 %tmp_11" [lab2/matrix_mult.cpp:10]   --->   Operation 215 'zext' 'tmp_12_cast' <Predicate = true> <Delay = 0.00>
ST_9 : Operation 216 [1/1] (0.00ns)   --->   "%a_addr_12 = getelementptr i8 %a, i64 0, i64 %tmp_12_cast" [lab2/matrix_mult.cpp:10]   --->   Operation 216 'getelementptr' 'a_addr_12' <Predicate = true> <Delay = 0.00>
ST_9 : Operation 217 [1/1] (0.00ns)   --->   "%tmp_13 = bitconcatenate i8 @_ssdm_op_BitConcatenate.i8.i4.i4, i4 %empty, i4 14" [lab2/matrix_mult.cpp:10]   --->   Operation 217 'bitconcatenate' 'tmp_13' <Predicate = true> <Delay = 0.00>
ST_9 : Operation 218 [1/1] (0.00ns)   --->   "%tmp_14_cast = zext i8 %tmp_13" [lab2/matrix_mult.cpp:10]   --->   Operation 218 'zext' 'tmp_14_cast' <Predicate = true> <Delay = 0.00>
ST_9 : Operation 219 [1/1] (0.00ns)   --->   "%a_addr_14 = getelementptr i8 %a, i64 0, i64 %tmp_14_cast" [lab2/matrix_mult.cpp:10]   --->   Operation 219 'getelementptr' 'a_addr_14' <Predicate = true> <Delay = 0.00>
ST_9 : Operation 220 [1/1] (0.00ns)   --->   "%conv3_i_i_4 = zext i8 %a_load_4" [lab2/matrix_mult.cpp:10]   --->   Operation 220 'zext' 'conv3_i_i_4' <Predicate = true> <Delay = 0.00>
ST_9 : Operation 221 [1/1] (0.00ns)   --->   "%conv3_i_i_7 = zext i8 %a_load_7" [lab2/matrix_mult.cpp:10]   --->   Operation 221 'zext' 'conv3_i_i_7' <Predicate = true> <Delay = 0.00>
ST_9 : Operation 222 [1/2] (3.25ns)   --->   "%a_load_8 = load i8 %a_addr_8" [lab2/matrix_mult.cpp:10]   --->   Operation 222 'load' 'a_load_8' <Predicate = true> <Delay = 3.25> <CoreInst = "RAM">   --->   Core 81 'RAM' <Latency = 1> <II = 1> <Delay = 3.25> <Storage> <Opcode : 'load' 'store'> <Ports = 2> <Width = 8> <Depth = 256> <RAM>
ST_9 : Operation 223 [1/2] (3.25ns)   --->   "%a_load_10 = load i8 %a_addr_10" [lab2/matrix_mult.cpp:10]   --->   Operation 223 'load' 'a_load_10' <Predicate = true> <Delay = 3.25> <CoreInst = "RAM">   --->   Core 81 'RAM' <Latency = 1> <II = 1> <Delay = 3.25> <Storage> <Opcode : 'load' 'store'> <Ports = 2> <Width = 8> <Depth = 256> <RAM>
ST_9 : Operation 224 [2/2] (3.25ns)   --->   "%a_load_12 = load i8 %a_addr_12" [lab2/matrix_mult.cpp:10]   --->   Operation 224 'load' 'a_load_12' <Predicate = true> <Delay = 3.25> <CoreInst = "RAM">   --->   Core 81 'RAM' <Latency = 1> <II = 1> <Delay = 3.25> <Storage> <Opcode : 'load' 'store'> <Ports = 2> <Width = 8> <Depth = 256> <RAM>
ST_9 : Operation 225 [2/2] (3.25ns)   --->   "%a_load_14 = load i8 %a_addr_14" [lab2/matrix_mult.cpp:10]   --->   Operation 225 'load' 'a_load_14' <Predicate = true> <Delay = 3.25> <CoreInst = "RAM">   --->   Core 81 'RAM' <Latency = 1> <II = 1> <Delay = 3.25> <Storage> <Opcode : 'load' 'store'> <Ports = 2> <Width = 8> <Depth = 256> <RAM>
ST_9 : Operation 226 [1/1] (0.97ns)   --->   "%xor_ln16 = xor i1 %bit_sel, i1 1" [lab2/matrix_mult.cpp:16]   --->   Operation 226 'xor' 'xor_ln16' <Predicate = true> <Delay = 0.97> <CoreInst = "LogicGate">   --->   Core 74 'LogicGate' <Latency = 0> <II = 1> <Delay = 0.97> <FuncUnit> <Opcode : 'and' 'or' 'xor'> <InPorts = 2> <OutPorts = 1>
ST_9 : Operation 227 [1/1] (0.00ns)   --->   "%add_ln16_s = bitconcatenate i5 @_ssdm_op_BitConcatenate.i5.i1.i4, i1 %xor_ln16, i4 %trunc_ln16" [lab2/matrix_mult.cpp:16]   --->   Operation 227 'bitconcatenate' 'add_ln16_s' <Predicate = true> <Delay = 0.00>
ST_9 : Operation 228 [1/1] (0.00ns)   --->   "%sext_ln16_4 = sext i5 %add_ln16_s" [lab2/matrix_mult.cpp:16]   --->   Operation 228 'sext' 'sext_ln16_4' <Predicate = true> <Delay = 0.00>
ST_9 : Operation 229 [1/1] (0.00ns)   --->   "%zext_ln16_64 = zext i8 %sext_ln16_4" [lab2/matrix_mult.cpp:16]   --->   Operation 229 'zext' 'zext_ln16_64' <Predicate = true> <Delay = 0.00>
ST_9 : Operation 230 [1/1] (0.00ns)   --->   "%b_addr_15 = getelementptr i8 %b, i64 0, i64 %zext_ln16_64" [lab2/matrix_mult.cpp:16]   --->   Operation 230 'getelementptr' 'b_addr_15' <Predicate = true> <Delay = 0.00>
ST_9 : Operation 231 [2/3] (1.05ns) (grouped into DSP with root node add_ln16)   --->   "%mul_ln16 = mul i16 %zext_ln16, i16 %conv3_i_i" [lab2/matrix_mult.cpp:16]   --->   Operation 231 'mul' 'mul_ln16' <Predicate = true> <Delay = 1.05> <CoreInst = "DSP48">   --->   Core 116 'DSP48' <Latency = 3> <II = 1> <Delay = 2.15> <IPBlock> <Opcode : '' 'add' 'sub' 'mul' 'select'> <InPorts = 0> <OutPorts = 1> <Sync> <CReg>
ST_9 : Operation 232 [1/2] (3.25ns)   --->   "%b_load_1 = load i8 %b_addr_1" [lab2/matrix_mult.cpp:16]   --->   Operation 232 'load' 'b_load_1' <Predicate = true> <Delay = 3.25> <CoreInst = "RAM">   --->   Core 81 'RAM' <Latency = 1> <II = 1> <Delay = 3.25> <Storage> <Opcode : 'load' 'store'> <Ports = 2> <Width = 8> <Depth = 256> <RAM>
ST_9 : Operation 233 [1/1] (0.00ns)   --->   "%zext_ln16_8 = zext i8 %b_load_4" [lab2/matrix_mult.cpp:16]   --->   Operation 233 'zext' 'zext_ln16_8' <Predicate = true> <Delay = 0.00>
ST_9 : Operation 234 [1/1] (4.17ns)   --->   "%mul_ln16_4 = mul i16 %zext_ln16_8, i16 %conv3_i_i_4" [lab2/matrix_mult.cpp:16]   --->   Operation 234 'mul' 'mul_ln16_4' <Predicate = true> <Delay = 4.17> <CoreInst = "Multiplier">   --->   Core 3 'Multiplier' <Latency = 0> <II = 1> <Delay = 4.17> <FuncUnit> <Opcode : 'mul'> <InPorts = 2> <OutPorts = 1>
ST_9 : Operation 235 [1/1] (0.00ns)   --->   "%zext_ln16_9 = zext i16 %mul_ln16_4" [lab2/matrix_mult.cpp:16]   --->   Operation 235 'zext' 'zext_ln16_9' <Predicate = true> <Delay = 0.00>
ST_9 : Operation 236 [1/3] (0.00ns) (grouped into DSP with root node add_ln16_3)   --->   "%mul_ln16_5 = mul i16 %zext_ln16_10, i16 %conv3_i_i_5" [lab2/matrix_mult.cpp:16]   --->   Operation 236 'mul' 'mul_ln16_5' <Predicate = true> <Delay = 0.00> <CoreInst = "DSP48">   --->   Core 116 'DSP48' <Latency = 3> <II = 1> <Delay = 2.15> <IPBlock> <Opcode : '' 'add' 'sub' 'mul' 'select'> <InPorts = 0> <OutPorts = 1> <Sync> <CReg>
ST_9 : Operation 237 [1/1] (0.00ns) (grouped into DSP with root node add_ln16_3)   --->   "%zext_ln16_11 = zext i16 %mul_ln16_5" [lab2/matrix_mult.cpp:16]   --->   Operation 237 'zext' 'zext_ln16_11' <Predicate = true> <Delay = 0.00>
ST_9 : Operation 238 [1/1] (0.00ns)   --->   "%zext_ln16_14 = zext i8 %b_load_7" [lab2/matrix_mult.cpp:16]   --->   Operation 238 'zext' 'zext_ln16_14' <Predicate = true> <Delay = 0.00>
ST_9 : Operation 239 [3/3] (1.05ns) (grouped into DSP with root node add_ln16_4)   --->   "%mul_ln16_7 = mul i16 %zext_ln16_14, i16 %conv3_i_i_7" [lab2/matrix_mult.cpp:16]   --->   Operation 239 'mul' 'mul_ln16_7' <Predicate = true> <Delay = 1.05> <CoreInst = "DSP48">   --->   Core 116 'DSP48' <Latency = 3> <II = 1> <Delay = 2.15> <IPBlock> <Opcode : '' 'add' 'sub' 'mul' 'select'> <InPorts = 0> <OutPorts = 1> <Sync> <CReg>
ST_9 : Operation 240 [1/2] (3.25ns)   --->   "%b_load_14 = load i8 %b_addr_14" [lab2/matrix_mult.cpp:16]   --->   Operation 240 'load' 'b_load_14' <Predicate = true> <Delay = 3.25> <CoreInst = "RAM">   --->   Core 81 'RAM' <Latency = 1> <II = 1> <Delay = 3.25> <Storage> <Opcode : 'load' 'store'> <Ports = 2> <Width = 8> <Depth = 256> <RAM>
ST_9 : Operation 241 [2/2] (3.25ns)   --->   "%b_load_15 = load i8 %b_addr_15" [lab2/matrix_mult.cpp:16]   --->   Operation 241 'load' 'b_load_15' <Predicate = true> <Delay = 3.25> <CoreInst = "RAM">   --->   Core 81 'RAM' <Latency = 1> <II = 1> <Delay = 3.25> <Storage> <Opcode : 'load' 'store'> <Ports = 2> <Width = 8> <Depth = 256> <RAM>
ST_9 : Operation 242 [1/2] (2.10ns) (root node of the DSP)   --->   "%add_ln16_1 = add i17 %zext_ln16_5, i17 %zext_ln16_7" [lab2/matrix_mult.cpp:16]   --->   Operation 242 'add' 'add_ln16_1' <Predicate = true> <Delay = 2.10> <CoreInst = "DSP48">   --->   Core 116 'DSP48' <Latency = 3> <II = 1> <Delay = 2.15> <IPBlock> <Opcode : '' 'add' 'sub' 'mul' 'select'> <InPorts = 0> <OutPorts = 1> <Sync> <CReg>
ST_9 : Operation 243 [2/2] (2.10ns) (root node of the DSP)   --->   "%add_ln16_3 = add i17 %zext_ln16_9, i17 %zext_ln16_11" [lab2/matrix_mult.cpp:16]   --->   Operation 243 'add' 'add_ln16_3' <Predicate = true> <Delay = 2.10> <CoreInst = "DSP48">   --->   Core 116 'DSP48' <Latency = 3> <II = 1> <Delay = 2.15> <IPBlock> <Opcode : '' 'add' 'sub' 'mul' 'select'> <InPorts = 0> <OutPorts = 1> <Sync> <CReg>

State 10 <SV = 9> <Delay = 6.27>
ST_10 : Operation 244 [1/1] (0.00ns)   --->   "%conv3_i_i_1 = zext i8 %a_load_1" [lab2/matrix_mult.cpp:10]   --->   Operation 244 'zext' 'conv3_i_i_1' <Predicate = true> <Delay = 0.00>
ST_10 : Operation 245 [1/1] (0.00ns)   --->   "%conv3_i_i_9 = zext i8 %a_load_9" [lab2/matrix_mult.cpp:10]   --->   Operation 245 'zext' 'conv3_i_i_9' <Predicate = true> <Delay = 0.00>
ST_10 : Operation 246 [1/2] (3.25ns)   --->   "%a_load_12 = load i8 %a_addr_12" [lab2/matrix_mult.cpp:10]   --->   Operation 246 'load' 'a_load_12' <Predicate = true> <Delay = 3.25> <CoreInst = "RAM">   --->   Core 81 'RAM' <Latency = 1> <II = 1> <Delay = 3.25> <Storage> <Opcode : 'load' 'store'> <Ports = 2> <Width = 8> <Depth = 256> <RAM>
ST_10 : Operation 247 [1/2] (3.25ns)   --->   "%a_load_14 = load i8 %a_addr_14" [lab2/matrix_mult.cpp:10]   --->   Operation 247 'load' 'a_load_14' <Predicate = true> <Delay = 3.25> <CoreInst = "RAM">   --->   Core 81 'RAM' <Latency = 1> <II = 1> <Delay = 3.25> <Storage> <Opcode : 'load' 'store'> <Ports = 2> <Width = 8> <Depth = 256> <RAM>
ST_10 : Operation 248 [1/3] (0.00ns) (grouped into DSP with root node add_ln16)   --->   "%mul_ln16 = mul i16 %zext_ln16, i16 %conv3_i_i" [lab2/matrix_mult.cpp:16]   --->   Operation 248 'mul' 'mul_ln16' <Predicate = true> <Delay = 0.00> <CoreInst = "DSP48">   --->   Core 116 'DSP48' <Latency = 3> <II = 1> <Delay = 2.15> <IPBlock> <Opcode : '' 'add' 'sub' 'mul' 'select'> <InPorts = 0> <OutPorts = 1> <Sync> <CReg>
ST_10 : Operation 249 [1/1] (0.00ns) (grouped into DSP with root node add_ln16)   --->   "%zext_ln16_1 = zext i16 %mul_ln16" [lab2/matrix_mult.cpp:16]   --->   Operation 249 'zext' 'zext_ln16_1' <Predicate = true> <Delay = 0.00>
ST_10 : Operation 250 [1/1] (0.00ns)   --->   "%zext_ln16_2 = zext i8 %b_load_1" [lab2/matrix_mult.cpp:16]   --->   Operation 250 'zext' 'zext_ln16_2' <Predicate = true> <Delay = 0.00>
ST_10 : Operation 251 [1/1] (4.17ns)   --->   "%mul_ln16_1 = mul i16 %zext_ln16_2, i16 %conv3_i_i_1" [lab2/matrix_mult.cpp:16]   --->   Operation 251 'mul' 'mul_ln16_1' <Predicate = true> <Delay = 4.17> <CoreInst = "Multiplier">   --->   Core 3 'Multiplier' <Latency = 0> <II = 1> <Delay = 4.17> <FuncUnit> <Opcode : 'mul'> <InPorts = 2> <OutPorts = 1>
ST_10 : Operation 252 [1/1] (0.00ns)   --->   "%zext_ln16_3 = zext i16 %mul_ln16_1" [lab2/matrix_mult.cpp:16]   --->   Operation 252 'zext' 'zext_ln16_3' <Predicate = true> <Delay = 0.00>
ST_10 : Operation 253 [2/3] (1.05ns) (grouped into DSP with root node add_ln16_4)   --->   "%mul_ln16_7 = mul i16 %zext_ln16_14, i16 %conv3_i_i_7" [lab2/matrix_mult.cpp:16]   --->   Operation 253 'mul' 'mul_ln16_7' <Predicate = true> <Delay = 1.05> <CoreInst = "DSP48">   --->   Core 116 'DSP48' <Latency = 3> <II = 1> <Delay = 2.15> <IPBlock> <Opcode : '' 'add' 'sub' 'mul' 'select'> <InPorts = 0> <OutPorts = 1> <Sync> <CReg>
ST_10 : Operation 254 [1/1] (0.00ns)   --->   "%zext_ln16_18 = zext i8 %b_load_9" [lab2/matrix_mult.cpp:16]   --->   Operation 254 'zext' 'zext_ln16_18' <Predicate = true> <Delay = 0.00>
ST_10 : Operation 255 [3/3] (1.05ns) (grouped into DSP with root node add_ln16_7)   --->   "%mul_ln16_9 = mul i16 %zext_ln16_18, i16 %conv3_i_i_9" [lab2/matrix_mult.cpp:16]   --->   Operation 255 'mul' 'mul_ln16_9' <Predicate = true> <Delay = 1.05> <CoreInst = "DSP48">   --->   Core 116 'DSP48' <Latency = 3> <II = 1> <Delay = 2.15> <IPBlock> <Opcode : '' 'add' 'sub' 'mul' 'select'> <InPorts = 0> <OutPorts = 1> <Sync> <CReg>
ST_10 : Operation 256 [1/2] (3.25ns)   --->   "%b_load_15 = load i8 %b_addr_15" [lab2/matrix_mult.cpp:16]   --->   Operation 256 'load' 'b_load_15' <Predicate = true> <Delay = 3.25> <CoreInst = "RAM">   --->   Core 81 'RAM' <Latency = 1> <II = 1> <Delay = 3.25> <Storage> <Opcode : 'load' 'store'> <Ports = 2> <Width = 8> <Depth = 256> <RAM>
ST_10 : Operation 257 [2/2] (2.10ns) (root node of the DSP)   --->   "%add_ln16 = add i17 %zext_ln16_3, i17 %zext_ln16_1" [lab2/matrix_mult.cpp:16]   --->   Operation 257 'add' 'add_ln16' <Predicate = true> <Delay = 2.10> <CoreInst = "DSP48">   --->   Core 116 'DSP48' <Latency = 3> <II = 1> <Delay = 2.15> <IPBlock> <Opcode : '' 'add' 'sub' 'mul' 'select'> <InPorts = 0> <OutPorts = 1> <Sync> <CReg>
ST_10 : Operation 258 [1/2] (2.10ns) (root node of the DSP)   --->   "%add_ln16_3 = add i17 %zext_ln16_9, i17 %zext_ln16_11" [lab2/matrix_mult.cpp:16]   --->   Operation 258 'add' 'add_ln16_3' <Predicate = true> <Delay = 2.10> <CoreInst = "DSP48">   --->   Core 116 'DSP48' <Latency = 3> <II = 1> <Delay = 2.15> <IPBlock> <Opcode : '' 'add' 'sub' 'mul' 'select'> <InPorts = 0> <OutPorts = 1> <Sync> <CReg>

State 11 <SV = 10> <Delay = 6.27>
ST_11 : Operation 259 [1/1] (0.00ns)   --->   "%conv3_i_i_6 = zext i8 %a_load_6" [lab2/matrix_mult.cpp:10]   --->   Operation 259 'zext' 'conv3_i_i_6' <Predicate = true> <Delay = 0.00>
ST_11 : Operation 260 [1/1] (0.00ns)   --->   "%conv3_i_i_11 = zext i8 %a_load_11" [lab2/matrix_mult.cpp:10]   --->   Operation 260 'zext' 'conv3_i_i_11' <Predicate = true> <Delay = 0.00>
ST_11 : Operation 261 [1/1] (0.00ns)   --->   "%zext_ln16_12 = zext i8 %b_load_6" [lab2/matrix_mult.cpp:16]   --->   Operation 261 'zext' 'zext_ln16_12' <Predicate = true> <Delay = 0.00>
ST_11 : Operation 262 [1/1] (4.17ns)   --->   "%mul_ln16_6 = mul i16 %zext_ln16_12, i16 %conv3_i_i_6" [lab2/matrix_mult.cpp:16]   --->   Operation 262 'mul' 'mul_ln16_6' <Predicate = true> <Delay = 4.17> <CoreInst = "Multiplier">   --->   Core 3 'Multiplier' <Latency = 0> <II = 1> <Delay = 4.17> <FuncUnit> <Opcode : 'mul'> <InPorts = 2> <OutPorts = 1>
ST_11 : Operation 263 [1/1] (0.00ns)   --->   "%zext_ln16_13 = zext i16 %mul_ln16_6" [lab2/matrix_mult.cpp:16]   --->   Operation 263 'zext' 'zext_ln16_13' <Predicate = true> <Delay = 0.00>
ST_11 : Operation 264 [1/3] (0.00ns) (grouped into DSP with root node add_ln16_4)   --->   "%mul_ln16_7 = mul i16 %zext_ln16_14, i16 %conv3_i_i_7" [lab2/matrix_mult.cpp:16]   --->   Operation 264 'mul' 'mul_ln16_7' <Predicate = true> <Delay = 0.00> <CoreInst = "DSP48">   --->   Core 116 'DSP48' <Latency = 3> <II = 1> <Delay = 2.15> <IPBlock> <Opcode : '' 'add' 'sub' 'mul' 'select'> <InPorts = 0> <OutPorts = 1> <Sync> <CReg>
ST_11 : Operation 265 [1/1] (0.00ns) (grouped into DSP with root node add_ln16_4)   --->   "%zext_ln16_15 = zext i16 %mul_ln16_7" [lab2/matrix_mult.cpp:16]   --->   Operation 265 'zext' 'zext_ln16_15' <Predicate = true> <Delay = 0.00>
ST_11 : Operation 266 [2/3] (1.05ns) (grouped into DSP with root node add_ln16_7)   --->   "%mul_ln16_9 = mul i16 %zext_ln16_18, i16 %conv3_i_i_9" [lab2/matrix_mult.cpp:16]   --->   Operation 266 'mul' 'mul_ln16_9' <Predicate = true> <Delay = 1.05> <CoreInst = "DSP48">   --->   Core 116 'DSP48' <Latency = 3> <II = 1> <Delay = 2.15> <IPBlock> <Opcode : '' 'add' 'sub' 'mul' 'select'> <InPorts = 0> <OutPorts = 1> <Sync> <CReg>
ST_11 : Operation 267 [1/1] (0.00ns)   --->   "%zext_ln16_22 = zext i8 %b_load_11" [lab2/matrix_mult.cpp:16]   --->   Operation 267 'zext' 'zext_ln16_22' <Predicate = true> <Delay = 0.00>
ST_11 : Operation 268 [3/3] (1.05ns) (grouped into DSP with root node add_ln16_8)   --->   "%mul_ln16_11 = mul i16 %zext_ln16_22, i16 %conv3_i_i_11" [lab2/matrix_mult.cpp:16]   --->   Operation 268 'mul' 'mul_ln16_11' <Predicate = true> <Delay = 1.05> <CoreInst = "DSP48">   --->   Core 116 'DSP48' <Latency = 3> <II = 1> <Delay = 2.15> <IPBlock> <Opcode : '' 'add' 'sub' 'mul' 'select'> <InPorts = 0> <OutPorts = 1> <Sync> <CReg>
ST_11 : Operation 269 [1/2] (2.10ns) (root node of the DSP)   --->   "%add_ln16 = add i17 %zext_ln16_3, i17 %zext_ln16_1" [lab2/matrix_mult.cpp:16]   --->   Operation 269 'add' 'add_ln16' <Predicate = true> <Delay = 2.10> <CoreInst = "DSP48">   --->   Core 116 'DSP48' <Latency = 3> <II = 1> <Delay = 2.15> <IPBlock> <Opcode : '' 'add' 'sub' 'mul' 'select'> <InPorts = 0> <OutPorts = 1> <Sync> <CReg>
ST_11 : Operation 270 [1/1] (0.00ns)   --->   "%zext_ln16_32 = zext i17 %add_ln16" [lab2/matrix_mult.cpp:16]   --->   Operation 270 'zext' 'zext_ln16_32' <Predicate = true> <Delay = 0.00>
ST_11 : Operation 271 [1/1] (0.00ns)   --->   "%zext_ln16_33 = zext i17 %add_ln16_1" [lab2/matrix_mult.cpp:16]   --->   Operation 271 'zext' 'zext_ln16_33' <Predicate = true> <Delay = 0.00>
ST_11 : Operation 272 [1/1] (2.10ns)   --->   "%add_ln16_2 = add i18 %zext_ln16_33, i18 %zext_ln16_32" [lab2/matrix_mult.cpp:16]   --->   Operation 272 'add' 'add_ln16_2' <Predicate = true> <Delay = 2.10> <CoreInst = "Adder">   --->   Core 1 'Adder' <Latency = 0> <II = 1> <Delay = 2.10> <FuncUnit> <Opcode : 'add' 'sub'> <InPorts = 2> <OutPorts = 1>
ST_11 : Operation 273 [2/2] (2.10ns) (root node of the DSP)   --->   "%add_ln16_4 = add i17 %zext_ln16_13, i17 %zext_ln16_15" [lab2/matrix_mult.cpp:16]   --->   Operation 273 'add' 'add_ln16_4' <Predicate = true> <Delay = 2.10> <CoreInst = "DSP48">   --->   Core 116 'DSP48' <Latency = 3> <II = 1> <Delay = 2.15> <IPBlock> <Opcode : '' 'add' 'sub' 'mul' 'select'> <InPorts = 0> <OutPorts = 1> <Sync> <CReg>

State 12 <SV = 11> <Delay = 6.34>
ST_12 : Operation 274 [1/1] (0.00ns)   --->   "%conv3_i_i_8 = zext i8 %a_load_8" [lab2/matrix_mult.cpp:10]   --->   Operation 274 'zext' 'conv3_i_i_8' <Predicate = true> <Delay = 0.00>
ST_12 : Operation 275 [1/1] (0.00ns)   --->   "%conv3_i_i_13 = zext i8 %a_load_13" [lab2/matrix_mult.cpp:10]   --->   Operation 275 'zext' 'conv3_i_i_13' <Predicate = true> <Delay = 0.00>
ST_12 : Operation 276 [1/1] (0.00ns)   --->   "%zext_ln16_16 = zext i8 %b_load_8" [lab2/matrix_mult.cpp:16]   --->   Operation 276 'zext' 'zext_ln16_16' <Predicate = true> <Delay = 0.00>
ST_12 : Operation 277 [1/1] (4.17ns)   --->   "%mul_ln16_8 = mul i16 %zext_ln16_16, i16 %conv3_i_i_8" [lab2/matrix_mult.cpp:16]   --->   Operation 277 'mul' 'mul_ln16_8' <Predicate = true> <Delay = 4.17> <CoreInst = "Multiplier">   --->   Core 3 'Multiplier' <Latency = 0> <II = 1> <Delay = 4.17> <FuncUnit> <Opcode : 'mul'> <InPorts = 2> <OutPorts = 1>
ST_12 : Operation 278 [1/1] (0.00ns)   --->   "%zext_ln16_17 = zext i16 %mul_ln16_8" [lab2/matrix_mult.cpp:16]   --->   Operation 278 'zext' 'zext_ln16_17' <Predicate = true> <Delay = 0.00>
ST_12 : Operation 279 [1/3] (0.00ns) (grouped into DSP with root node add_ln16_7)   --->   "%mul_ln16_9 = mul i16 %zext_ln16_18, i16 %conv3_i_i_9" [lab2/matrix_mult.cpp:16]   --->   Operation 279 'mul' 'mul_ln16_9' <Predicate = true> <Delay = 0.00> <CoreInst = "DSP48">   --->   Core 116 'DSP48' <Latency = 3> <II = 1> <Delay = 2.15> <IPBlock> <Opcode : '' 'add' 'sub' 'mul' 'select'> <InPorts = 0> <OutPorts = 1> <Sync> <CReg>
ST_12 : Operation 280 [1/1] (0.00ns) (grouped into DSP with root node add_ln16_7)   --->   "%zext_ln16_19 = zext i16 %mul_ln16_9" [lab2/matrix_mult.cpp:16]   --->   Operation 280 'zext' 'zext_ln16_19' <Predicate = true> <Delay = 0.00>
ST_12 : Operation 281 [2/3] (1.05ns) (grouped into DSP with root node add_ln16_8)   --->   "%mul_ln16_11 = mul i16 %zext_ln16_22, i16 %conv3_i_i_11" [lab2/matrix_mult.cpp:16]   --->   Operation 281 'mul' 'mul_ln16_11' <Predicate = true> <Delay = 1.05> <CoreInst = "DSP48">   --->   Core 116 'DSP48' <Latency = 3> <II = 1> <Delay = 2.15> <IPBlock> <Opcode : '' 'add' 'sub' 'mul' 'select'> <InPorts = 0> <OutPorts = 1> <Sync> <CReg>
ST_12 : Operation 282 [1/1] (0.00ns)   --->   "%zext_ln16_26 = zext i8 %b_load_13" [lab2/matrix_mult.cpp:16]   --->   Operation 282 'zext' 'zext_ln16_26' <Predicate = true> <Delay = 0.00>
ST_12 : Operation 283 [3/3] (1.05ns) (grouped into DSP with root node add_ln16_10)   --->   "%mul_ln16_13 = mul i16 %zext_ln16_26, i16 %conv3_i_i_13" [lab2/matrix_mult.cpp:16]   --->   Operation 283 'mul' 'mul_ln16_13' <Predicate = true> <Delay = 1.05> <CoreInst = "DSP48">   --->   Core 116 'DSP48' <Latency = 3> <II = 1> <Delay = 2.15> <IPBlock> <Opcode : '' 'add' 'sub' 'mul' 'select'> <InPorts = 0> <OutPorts = 1> <Sync> <CReg>
ST_12 : Operation 284 [1/1] (0.00ns)   --->   "%zext_ln16_34 = zext i18 %add_ln16_2" [lab2/matrix_mult.cpp:16]   --->   Operation 284 'zext' 'zext_ln16_34' <Predicate = true> <Delay = 0.00>
ST_12 : Operation 285 [1/1] (0.00ns)   --->   "%zext_ln16_35 = zext i17 %add_ln16_3" [lab2/matrix_mult.cpp:16]   --->   Operation 285 'zext' 'zext_ln16_35' <Predicate = true> <Delay = 0.00>
ST_12 : Operation 286 [1/2] (2.10ns) (root node of the DSP)   --->   "%add_ln16_4 = add i17 %zext_ln16_13, i17 %zext_ln16_15" [lab2/matrix_mult.cpp:16]   --->   Operation 286 'add' 'add_ln16_4' <Predicate = true> <Delay = 2.10> <CoreInst = "DSP48">   --->   Core 116 'DSP48' <Latency = 3> <II = 1> <Delay = 2.15> <IPBlock> <Opcode : '' 'add' 'sub' 'mul' 'select'> <InPorts = 0> <OutPorts = 1> <Sync> <CReg>
ST_12 : Operation 287 [1/1] (0.00ns)   --->   "%zext_ln16_36 = zext i17 %add_ln16_4" [lab2/matrix_mult.cpp:16]   --->   Operation 287 'zext' 'zext_ln16_36' <Predicate = true> <Delay = 0.00>
ST_12 : Operation 288 [1/1] (2.10ns)   --->   "%add_ln16_5 = add i18 %zext_ln16_36, i18 %zext_ln16_35" [lab2/matrix_mult.cpp:16]   --->   Operation 288 'add' 'add_ln16_5' <Predicate = true> <Delay = 2.10> <CoreInst = "Adder">   --->   Core 1 'Adder' <Latency = 0> <II = 1> <Delay = 2.10> <FuncUnit> <Opcode : 'add' 'sub'> <InPorts = 2> <OutPorts = 1>
ST_12 : Operation 289 [1/1] (0.00ns)   --->   "%zext_ln16_37 = zext i18 %add_ln16_5" [lab2/matrix_mult.cpp:16]   --->   Operation 289 'zext' 'zext_ln16_37' <Predicate = true> <Delay = 0.00>
ST_12 : Operation 290 [1/1] (2.13ns)   --->   "%add_ln16_6 = add i19 %zext_ln16_37, i19 %zext_ln16_34" [lab2/matrix_mult.cpp:16]   --->   Operation 290 'add' 'add_ln16_6' <Predicate = true> <Delay = 2.13> <CoreInst = "Adder">   --->   Core 1 'Adder' <Latency = 0> <II = 1> <Delay = 2.13> <FuncUnit> <Opcode : 'add' 'sub'> <InPorts = 2> <OutPorts = 1>
ST_12 : Operation 291 [2/2] (2.10ns) (root node of the DSP)   --->   "%add_ln16_7 = add i17 %zext_ln16_17, i17 %zext_ln16_19" [lab2/matrix_mult.cpp:16]   --->   Operation 291 'add' 'add_ln16_7' <Predicate = true> <Delay = 2.10> <CoreInst = "DSP48">   --->   Core 116 'DSP48' <Latency = 3> <II = 1> <Delay = 2.15> <IPBlock> <Opcode : '' 'add' 'sub' 'mul' 'select'> <InPorts = 0> <OutPorts = 1> <Sync> <CReg>

State 13 <SV = 12> <Delay = 6.27>
ST_13 : Operation 292 [1/1] (0.00ns)   --->   "%conv3_i_i_10 = zext i8 %a_load_10" [lab2/matrix_mult.cpp:10]   --->   Operation 292 'zext' 'conv3_i_i_10' <Predicate = true> <Delay = 0.00>
ST_13 : Operation 293 [1/1] (0.00ns)   --->   "%conv3_i_i_15 = zext i8 %a_load_15" [lab2/matrix_mult.cpp:10]   --->   Operation 293 'zext' 'conv3_i_i_15' <Predicate = true> <Delay = 0.00>
ST_13 : Operation 294 [1/1] (0.00ns)   --->   "%zext_ln16_20 = zext i8 %b_load_10" [lab2/matrix_mult.cpp:16]   --->   Operation 294 'zext' 'zext_ln16_20' <Predicate = true> <Delay = 0.00>
ST_13 : Operation 295 [1/1] (4.17ns)   --->   "%mul_ln16_10 = mul i16 %zext_ln16_20, i16 %conv3_i_i_10" [lab2/matrix_mult.cpp:16]   --->   Operation 295 'mul' 'mul_ln16_10' <Predicate = true> <Delay = 4.17> <CoreInst = "Multiplier">   --->   Core 3 'Multiplier' <Latency = 0> <II = 1> <Delay = 4.17> <FuncUnit> <Opcode : 'mul'> <InPorts = 2> <OutPorts = 1>
ST_13 : Operation 296 [1/1] (0.00ns)   --->   "%zext_ln16_21 = zext i16 %mul_ln16_10" [lab2/matrix_mult.cpp:16]   --->   Operation 296 'zext' 'zext_ln16_21' <Predicate = true> <Delay = 0.00>
ST_13 : Operation 297 [1/3] (0.00ns) (grouped into DSP with root node add_ln16_8)   --->   "%mul_ln16_11 = mul i16 %zext_ln16_22, i16 %conv3_i_i_11" [lab2/matrix_mult.cpp:16]   --->   Operation 297 'mul' 'mul_ln16_11' <Predicate = true> <Delay = 0.00> <CoreInst = "DSP48">   --->   Core 116 'DSP48' <Latency = 3> <II = 1> <Delay = 2.15> <IPBlock> <Opcode : '' 'add' 'sub' 'mul' 'select'> <InPorts = 0> <OutPorts = 1> <Sync> <CReg>
ST_13 : Operation 298 [1/1] (0.00ns) (grouped into DSP with root node add_ln16_8)   --->   "%zext_ln16_23 = zext i16 %mul_ln16_11" [lab2/matrix_mult.cpp:16]   --->   Operation 298 'zext' 'zext_ln16_23' <Predicate = true> <Delay = 0.00>
ST_13 : Operation 299 [2/3] (1.05ns) (grouped into DSP with root node add_ln16_10)   --->   "%mul_ln16_13 = mul i16 %zext_ln16_26, i16 %conv3_i_i_13" [lab2/matrix_mult.cpp:16]   --->   Operation 299 'mul' 'mul_ln16_13' <Predicate = true> <Delay = 1.05> <CoreInst = "DSP48">   --->   Core 116 'DSP48' <Latency = 3> <II = 1> <Delay = 2.15> <IPBlock> <Opcode : '' 'add' 'sub' 'mul' 'select'> <InPorts = 0> <OutPorts = 1> <Sync> <CReg>
ST_13 : Operation 300 [1/1] (0.00ns)   --->   "%zext_ln16_30 = zext i8 %b_load_15" [lab2/matrix_mult.cpp:16]   --->   Operation 300 'zext' 'zext_ln16_30' <Predicate = true> <Delay = 0.00>
ST_13 : Operation 301 [3/3] (1.05ns) (grouped into DSP with root node add_ln16_11)   --->   "%mul_ln16_15 = mul i16 %zext_ln16_30, i16 %conv3_i_i_15" [lab2/matrix_mult.cpp:16]   --->   Operation 301 'mul' 'mul_ln16_15' <Predicate = true> <Delay = 1.05> <CoreInst = "DSP48">   --->   Core 116 'DSP48' <Latency = 3> <II = 1> <Delay = 2.15> <IPBlock> <Opcode : '' 'add' 'sub' 'mul' 'select'> <InPorts = 0> <OutPorts = 1> <Sync> <CReg>
ST_13 : Operation 302 [1/2] (2.10ns) (root node of the DSP)   --->   "%add_ln16_7 = add i17 %zext_ln16_17, i17 %zext_ln16_19" [lab2/matrix_mult.cpp:16]   --->   Operation 302 'add' 'add_ln16_7' <Predicate = true> <Delay = 2.10> <CoreInst = "DSP48">   --->   Core 116 'DSP48' <Latency = 3> <II = 1> <Delay = 2.15> <IPBlock> <Opcode : '' 'add' 'sub' 'mul' 'select'> <InPorts = 0> <OutPorts = 1> <Sync> <CReg>
ST_13 : Operation 303 [2/2] (2.10ns) (root node of the DSP)   --->   "%add_ln16_8 = add i17 %zext_ln16_21, i17 %zext_ln16_23" [lab2/matrix_mult.cpp:16]   --->   Operation 303 'add' 'add_ln16_8' <Predicate = true> <Delay = 2.10> <CoreInst = "DSP48">   --->   Core 116 'DSP48' <Latency = 3> <II = 1> <Delay = 2.15> <IPBlock> <Opcode : '' 'add' 'sub' 'mul' 'select'> <InPorts = 0> <OutPorts = 1> <Sync> <CReg>

State 14 <SV = 13> <Delay = 6.27>
ST_14 : Operation 304 [1/1] (0.00ns)   --->   "%conv3_i_i_12 = zext i8 %a_load_12" [lab2/matrix_mult.cpp:10]   --->   Operation 304 'zext' 'conv3_i_i_12' <Predicate = true> <Delay = 0.00>
ST_14 : Operation 305 [1/1] (0.00ns)   --->   "%zext_ln16_24 = zext i8 %b_load_12" [lab2/matrix_mult.cpp:16]   --->   Operation 305 'zext' 'zext_ln16_24' <Predicate = true> <Delay = 0.00>
ST_14 : Operation 306 [1/1] (4.17ns)   --->   "%mul_ln16_12 = mul i16 %zext_ln16_24, i16 %conv3_i_i_12" [lab2/matrix_mult.cpp:16]   --->   Operation 306 'mul' 'mul_ln16_12' <Predicate = true> <Delay = 4.17> <CoreInst = "Multiplier">   --->   Core 3 'Multiplier' <Latency = 0> <II = 1> <Delay = 4.17> <FuncUnit> <Opcode : 'mul'> <InPorts = 2> <OutPorts = 1>
ST_14 : Operation 307 [1/1] (0.00ns)   --->   "%zext_ln16_25 = zext i16 %mul_ln16_12" [lab2/matrix_mult.cpp:16]   --->   Operation 307 'zext' 'zext_ln16_25' <Predicate = true> <Delay = 0.00>
ST_14 : Operation 308 [1/3] (0.00ns) (grouped into DSP with root node add_ln16_10)   --->   "%mul_ln16_13 = mul i16 %zext_ln16_26, i16 %conv3_i_i_13" [lab2/matrix_mult.cpp:16]   --->   Operation 308 'mul' 'mul_ln16_13' <Predicate = true> <Delay = 0.00> <CoreInst = "DSP48">   --->   Core 116 'DSP48' <Latency = 3> <II = 1> <Delay = 2.15> <IPBlock> <Opcode : '' 'add' 'sub' 'mul' 'select'> <InPorts = 0> <OutPorts = 1> <Sync> <CReg>
ST_14 : Operation 309 [1/1] (0.00ns) (grouped into DSP with root node add_ln16_10)   --->   "%zext_ln16_27 = zext i16 %mul_ln16_13" [lab2/matrix_mult.cpp:16]   --->   Operation 309 'zext' 'zext_ln16_27' <Predicate = true> <Delay = 0.00>
ST_14 : Operation 310 [2/3] (1.05ns) (grouped into DSP with root node add_ln16_11)   --->   "%mul_ln16_15 = mul i16 %zext_ln16_30, i16 %conv3_i_i_15" [lab2/matrix_mult.cpp:16]   --->   Operation 310 'mul' 'mul_ln16_15' <Predicate = true> <Delay = 1.05> <CoreInst = "DSP48">   --->   Core 116 'DSP48' <Latency = 3> <II = 1> <Delay = 2.15> <IPBlock> <Opcode : '' 'add' 'sub' 'mul' 'select'> <InPorts = 0> <OutPorts = 1> <Sync> <CReg>
ST_14 : Operation 311 [1/1] (0.00ns)   --->   "%zext_ln16_39 = zext i17 %add_ln16_7" [lab2/matrix_mult.cpp:16]   --->   Operation 311 'zext' 'zext_ln16_39' <Predicate = true> <Delay = 0.00>
ST_14 : Operation 312 [1/2] (2.10ns) (root node of the DSP)   --->   "%add_ln16_8 = add i17 %zext_ln16_21, i17 %zext_ln16_23" [lab2/matrix_mult.cpp:16]   --->   Operation 312 'add' 'add_ln16_8' <Predicate = true> <Delay = 2.10> <CoreInst = "DSP48">   --->   Core 116 'DSP48' <Latency = 3> <II = 1> <Delay = 2.15> <IPBlock> <Opcode : '' 'add' 'sub' 'mul' 'select'> <InPorts = 0> <OutPorts = 1> <Sync> <CReg>
ST_14 : Operation 313 [1/1] (0.00ns)   --->   "%zext_ln16_40 = zext i17 %add_ln16_8" [lab2/matrix_mult.cpp:16]   --->   Operation 313 'zext' 'zext_ln16_40' <Predicate = true> <Delay = 0.00>
ST_14 : Operation 314 [1/1] (2.10ns)   --->   "%add_ln16_9 = add i18 %zext_ln16_40, i18 %zext_ln16_39" [lab2/matrix_mult.cpp:16]   --->   Operation 314 'add' 'add_ln16_9' <Predicate = true> <Delay = 2.10> <CoreInst = "Adder">   --->   Core 1 'Adder' <Latency = 0> <II = 1> <Delay = 2.10> <FuncUnit> <Opcode : 'add' 'sub'> <InPorts = 2> <OutPorts = 1>
ST_14 : Operation 315 [2/2] (2.10ns) (root node of the DSP)   --->   "%add_ln16_10 = add i17 %zext_ln16_25, i17 %zext_ln16_27" [lab2/matrix_mult.cpp:16]   --->   Operation 315 'add' 'add_ln16_10' <Predicate = true> <Delay = 2.10> <CoreInst = "DSP48">   --->   Core 116 'DSP48' <Latency = 3> <II = 1> <Delay = 2.15> <IPBlock> <Opcode : '' 'add' 'sub' 'mul' 'select'> <InPorts = 0> <OutPorts = 1> <Sync> <CReg>

State 15 <SV = 14> <Delay = 6.27>
ST_15 : Operation 316 [1/1] (0.00ns)   --->   "%conv3_i_i_14 = zext i8 %a_load_14" [lab2/matrix_mult.cpp:10]   --->   Operation 316 'zext' 'conv3_i_i_14' <Predicate = true> <Delay = 0.00>
ST_15 : Operation 317 [1/1] (0.00ns)   --->   "%zext_ln16_28 = zext i8 %b_load_14" [lab2/matrix_mult.cpp:16]   --->   Operation 317 'zext' 'zext_ln16_28' <Predicate = true> <Delay = 0.00>
ST_15 : Operation 318 [1/1] (4.17ns)   --->   "%mul_ln16_14 = mul i16 %zext_ln16_28, i16 %conv3_i_i_14" [lab2/matrix_mult.cpp:16]   --->   Operation 318 'mul' 'mul_ln16_14' <Predicate = true> <Delay = 4.17> <CoreInst = "Multiplier">   --->   Core 3 'Multiplier' <Latency = 0> <II = 1> <Delay = 4.17> <FuncUnit> <Opcode : 'mul'> <InPorts = 2> <OutPorts = 1>
ST_15 : Operation 319 [1/1] (0.00ns)   --->   "%zext_ln16_29 = zext i16 %mul_ln16_14" [lab2/matrix_mult.cpp:16]   --->   Operation 319 'zext' 'zext_ln16_29' <Predicate = true> <Delay = 0.00>
ST_15 : Operation 320 [1/3] (0.00ns) (grouped into DSP with root node add_ln16_11)   --->   "%mul_ln16_15 = mul i16 %zext_ln16_30, i16 %conv3_i_i_15" [lab2/matrix_mult.cpp:16]   --->   Operation 320 'mul' 'mul_ln16_15' <Predicate = true> <Delay = 0.00> <CoreInst = "DSP48">   --->   Core 116 'DSP48' <Latency = 3> <II = 1> <Delay = 2.15> <IPBlock> <Opcode : '' 'add' 'sub' 'mul' 'select'> <InPorts = 0> <OutPorts = 1> <Sync> <CReg>
ST_15 : Operation 321 [1/1] (0.00ns) (grouped into DSP with root node add_ln16_11)   --->   "%zext_ln16_31 = zext i16 %mul_ln16_15" [lab2/matrix_mult.cpp:16]   --->   Operation 321 'zext' 'zext_ln16_31' <Predicate = true> <Delay = 0.00>
ST_15 : Operation 322 [1/2] (2.10ns) (root node of the DSP)   --->   "%add_ln16_10 = add i17 %zext_ln16_25, i17 %zext_ln16_27" [lab2/matrix_mult.cpp:16]   --->   Operation 322 'add' 'add_ln16_10' <Predicate = true> <Delay = 2.10> <CoreInst = "DSP48">   --->   Core 116 'DSP48' <Latency = 3> <II = 1> <Delay = 2.15> <IPBlock> <Opcode : '' 'add' 'sub' 'mul' 'select'> <InPorts = 0> <OutPorts = 1> <Sync> <CReg>
ST_15 : Operation 323 [2/2] (2.10ns) (root node of the DSP)   --->   "%add_ln16_11 = add i17 %zext_ln16_29, i17 %zext_ln16_31" [lab2/matrix_mult.cpp:16]   --->   Operation 323 'add' 'add_ln16_11' <Predicate = true> <Delay = 2.10> <CoreInst = "DSP48">   --->   Core 116 'DSP48' <Latency = 3> <II = 1> <Delay = 2.15> <IPBlock> <Opcode : '' 'add' 'sub' 'mul' 'select'> <InPorts = 0> <OutPorts = 1> <Sync> <CReg>

State 16 <SV = 15> <Delay = 6.34>
ST_16 : Operation 324 [1/1] (0.00ns)   --->   "%zext_ln16_41 = zext i18 %add_ln16_9" [lab2/matrix_mult.cpp:16]   --->   Operation 324 'zext' 'zext_ln16_41' <Predicate = true> <Delay = 0.00>
ST_16 : Operation 325 [1/1] (0.00ns)   --->   "%zext_ln16_42 = zext i17 %add_ln16_10" [lab2/matrix_mult.cpp:16]   --->   Operation 325 'zext' 'zext_ln16_42' <Predicate = true> <Delay = 0.00>
ST_16 : Operation 326 [1/2] (2.10ns) (root node of the DSP)   --->   "%add_ln16_11 = add i17 %zext_ln16_29, i17 %zext_ln16_31" [lab2/matrix_mult.cpp:16]   --->   Operation 326 'add' 'add_ln16_11' <Predicate = true> <Delay = 2.10> <CoreInst = "DSP48">   --->   Core 116 'DSP48' <Latency = 3> <II = 1> <Delay = 2.15> <IPBlock> <Opcode : '' 'add' 'sub' 'mul' 'select'> <InPorts = 0> <OutPorts = 1> <Sync> <CReg>
ST_16 : Operation 327 [1/1] (0.00ns)   --->   "%zext_ln16_43 = zext i17 %add_ln16_11" [lab2/matrix_mult.cpp:16]   --->   Operation 327 'zext' 'zext_ln16_43' <Predicate = true> <Delay = 0.00>
ST_16 : Operation 328 [1/1] (2.10ns)   --->   "%add_ln16_12 = add i18 %zext_ln16_43, i18 %zext_ln16_42" [lab2/matrix_mult.cpp:16]   --->   Operation 328 'add' 'add_ln16_12' <Predicate = true> <Delay = 2.10> <CoreInst = "Adder">   --->   Core 1 'Adder' <Latency = 0> <II = 1> <Delay = 2.10> <FuncUnit> <Opcode : 'add' 'sub'> <InPorts = 2> <OutPorts = 1>
ST_16 : Operation 329 [1/1] (0.00ns)   --->   "%zext_ln16_44 = zext i18 %add_ln16_12" [lab2/matrix_mult.cpp:16]   --->   Operation 329 'zext' 'zext_ln16_44' <Predicate = true> <Delay = 0.00>
ST_16 : Operation 330 [1/1] (2.13ns)   --->   "%add_ln16_13 = add i19 %zext_ln16_44, i19 %zext_ln16_41" [lab2/matrix_mult.cpp:16]   --->   Operation 330 'add' 'add_ln16_13' <Predicate = true> <Delay = 2.13> <CoreInst = "Adder">   --->   Core 1 'Adder' <Latency = 0> <II = 1> <Delay = 2.13> <FuncUnit> <Opcode : 'add' 'sub'> <InPorts = 2> <OutPorts = 1>

State 17 <SV = 16> <Delay = 5.42>
ST_17 : Operation 331 [1/1] (0.00ns)   --->   "%specloopname_ln0 = specloopname void @_ssdm_op_SpecLoopName, void @Row_Col_str"   --->   Operation 331 'specloopname' 'specloopname_ln0' <Predicate = true> <Delay = 0.00>
ST_17 : Operation 332 [1/1] (0.00ns)   --->   "%speclooptripcount_ln0 = speclooptripcount void @_ssdm_op_SpecLoopTripCount, i64 256, i64 256, i64 256"   --->   Operation 332 'speclooptripcount' 'speclooptripcount_ln0' <Predicate = true> <Delay = 0.00>
ST_17 : Operation 333 [1/1] (0.00ns)   --->   "%zext_ln16_65 = zext i8 %add_ln16_21" [lab2/matrix_mult.cpp:16]   --->   Operation 333 'zext' 'zext_ln16_65' <Predicate = true> <Delay = 0.00>
ST_17 : Operation 334 [1/1] (0.00ns)   --->   "%prod_addr = getelementptr i32 %prod, i64 0, i64 %zext_ln16_65" [lab2/matrix_mult.cpp:16]   --->   Operation 334 'getelementptr' 'prod_addr' <Predicate = true> <Delay = 0.00>
ST_17 : Operation 335 [1/1] (0.00ns)   --->   "%specpipeline_ln12 = specpipeline void @_ssdm_op_SpecPipeline, i32 4294967295, i32 0, i32 0, i32 0, void @empty_0" [lab2/matrix_mult.cpp:12]   --->   Operation 335 'specpipeline' 'specpipeline_ln12' <Predicate = true> <Delay = 0.00>
ST_17 : Operation 336 [1/1] (0.00ns)   --->   "%zext_ln16_38 = zext i19 %add_ln16_6" [lab2/matrix_mult.cpp:16]   --->   Operation 336 'zext' 'zext_ln16_38' <Predicate = true> <Delay = 0.00>
ST_17 : Operation 337 [1/1] (0.00ns)   --->   "%zext_ln16_45 = zext i19 %add_ln16_13" [lab2/matrix_mult.cpp:16]   --->   Operation 337 'zext' 'zext_ln16_45' <Predicate = true> <Delay = 0.00>
ST_17 : Operation 338 [1/1] (2.16ns)   --->   "%add_ln16_14 = add i20 %zext_ln16_45, i20 %zext_ln16_38" [lab2/matrix_mult.cpp:16]   --->   Operation 338 'add' 'add_ln16_14' <Predicate = true> <Delay = 2.16> <CoreInst = "Adder">   --->   Core 1 'Adder' <Latency = 0> <II = 1> <Delay = 2.16> <FuncUnit> <Opcode : 'add' 'sub'> <InPorts = 2> <OutPorts = 1>
ST_17 : Operation 339 [1/1] (0.00ns)   --->   "%zext_ln16_46 = zext i20 %add_ln16_14" [lab2/matrix_mult.cpp:16]   --->   Operation 339 'zext' 'zext_ln16_46' <Predicate = true> <Delay = 0.00>
ST_17 : Operation 340 [1/1] (3.25ns)   --->   "%store_ln16 = store i32 %zext_ln16_46, i8 %prod_addr" [lab2/matrix_mult.cpp:16]   --->   Operation 340 'store' 'store_ln16' <Predicate = true> <Delay = 3.25> <CoreInst = "RAM">   --->   Core 81 'RAM' <Latency = 1> <II = 1> <Delay = 3.25> <Storage> <Opcode : 'load' 'store'> <Ports = 2> <Width = 32> <Depth = 256> <RAM>
ST_17 : Operation 341 [1/1] (1.58ns)   --->   "%ret_ln21 = ret" [lab2/matrix_mult.cpp:21]   --->   Operation 341 'ret' 'ret_ln21' <Predicate = (icmp_ln10)> <Delay = 1.58>


============================================================
+ Verbose Summary: Timing violations
============================================================
Target clock period: 10.000ns, clock uncertainty: 2.700ns.

 <State 1>: 6.057ns
The critical path consists of the following:
	'store' operation 0 bit ('store_ln0') of constant 0 on local variable 'j3' [14]  (1.588 ns)
	'load' operation 5 bit ('j3_load', lab2/matrix_mult.cpp:10) on local variable 'j3' [22]  (0.000 ns)
	'select' operation 5 bit ('select_ln10', lab2/matrix_mult.cpp:10) [26]  (1.215 ns)
	'getelementptr' operation 8 bit ('b_addr', lab2/matrix_mult.cpp:16) [113]  (0.000 ns)
	'load' operation 8 bit ('b_load', lab2/matrix_mult.cpp:16) on array 'b' [167]  (3.254 ns)

 <State 2>: 6.249ns
The critical path consists of the following:
	'load' operation 5 bit ('i2_load', lab2/matrix_mult.cpp:10) on local variable 'i2' [21]  (0.000 ns)
	'add' operation 5 bit ('add_ln10', lab2/matrix_mult.cpp:10) [23]  (1.780 ns)
	'select' operation 5 bit ('i', lab2/matrix_mult.cpp:10) [27]  (1.215 ns)
	'getelementptr' operation 8 bit ('a_addr', lab2/matrix_mult.cpp:10) [31]  (0.000 ns)
	'load' operation 8 bit ('a_load', lab2/matrix_mult.cpp:10) on array 'a' [77]  (3.254 ns)

 <State 3>: 5.169ns
The critical path consists of the following:
	'add' operation 8 bit ('add_ln16_18', lab2/matrix_mult.cpp:16) [132]  (1.915 ns)
	'getelementptr' operation 8 bit ('b_addr_7', lab2/matrix_mult.cpp:16) [134]  (0.000 ns)
	'load' operation 8 bit ('b_load_7', lab2/matrix_mult.cpp:16) on array 'b' [195]  (3.254 ns)

 <State 4>: 5.169ns
The critical path consists of the following:
	'add' operation 8 bit ('add_ln16_20', lab2/matrix_mult.cpp:16) [144]  (1.915 ns)
	'getelementptr' operation 8 bit ('b_addr_11', lab2/matrix_mult.cpp:16) [146]  (0.000 ns)
	'load' operation 8 bit ('b_load_11', lab2/matrix_mult.cpp:16) on array 'b' [211]  (3.254 ns)

 <State 5>: 3.254ns
The critical path consists of the following:
	'load' operation 8 bit ('a_load_9', lab2/matrix_mult.cpp:10) on array 'a' [95]  (3.254 ns)

 <State 6>: 3.254ns
The critical path consists of the following:
	'getelementptr' operation 8 bit ('a_addr_1', lab2/matrix_mult.cpp:10) [34]  (0.000 ns)
	'load' operation 8 bit ('a_load_1', lab2/matrix_mult.cpp:10) on array 'a' [79]  (3.254 ns)

 <State 7>: 3.254ns
The critical path consists of the following:
	'load' operation 8 bit ('a_load_1', lab2/matrix_mult.cpp:10) on array 'a' [79]  (3.254 ns)

 <State 8>: 6.270ns
The critical path consists of the following:
	'mul' operation 16 bit ('mul_ln16_2', lab2/matrix_mult.cpp:16) [177]  (4.170 ns)
	'add' operation 17 bit of DSP[233] ('add_ln16_1', lab2/matrix_mult.cpp:16) [233]  (2.100 ns)

 <State 9>: 6.270ns
The critical path consists of the following:
	'mul' operation 16 bit ('mul_ln16_4', lab2/matrix_mult.cpp:16) [185]  (4.170 ns)
	'add' operation 17 bit of DSP[237] ('add_ln16_3', lab2/matrix_mult.cpp:16) [237]  (2.100 ns)

 <State 10>: 6.270ns
The critical path consists of the following:
	'mul' operation 16 bit ('mul_ln16_1', lab2/matrix_mult.cpp:16) [173]  (4.170 ns)
	'add' operation 17 bit of DSP[231] ('add_ln16', lab2/matrix_mult.cpp:16) [231]  (2.100 ns)

 <State 11>: 6.270ns
The critical path consists of the following:
	'mul' operation 16 bit ('mul_ln16_6', lab2/matrix_mult.cpp:16) [193]  (4.170 ns)
	'add' operation 17 bit of DSP[239] ('add_ln16_4', lab2/matrix_mult.cpp:16) [239]  (2.100 ns)

 <State 12>: 6.343ns
The critical path consists of the following:
	'add' operation 17 bit of DSP[239] ('add_ln16_4', lab2/matrix_mult.cpp:16) [239]  (2.100 ns)
	'add' operation 18 bit ('add_ln16_5', lab2/matrix_mult.cpp:16) [241]  (2.107 ns)
	'add' operation 19 bit ('add_ln16_6', lab2/matrix_mult.cpp:16) [243]  (2.136 ns)

 <State 13>: 6.270ns
The critical path consists of the following:
	'mul' operation 16 bit ('mul_ln16_10', lab2/matrix_mult.cpp:16) [209]  (4.170 ns)
	'add' operation 17 bit of DSP[247] ('add_ln16_8', lab2/matrix_mult.cpp:16) [247]  (2.100 ns)

 <State 14>: 6.270ns
The critical path consists of the following:
	'mul' operation 16 bit ('mul_ln16_12', lab2/matrix_mult.cpp:16) [217]  (4.170 ns)
	'add' operation 17 bit of DSP[251] ('add_ln16_10', lab2/matrix_mult.cpp:16) [251]  (2.100 ns)

 <State 15>: 6.270ns
The critical path consists of the following:
	'mul' operation 16 bit ('mul_ln16_14', lab2/matrix_mult.cpp:16) [225]  (4.170 ns)
	'add' operation 17 bit of DSP[253] ('add_ln16_11', lab2/matrix_mult.cpp:16) [253]  (2.100 ns)

 <State 16>: 6.343ns
The critical path consists of the following:
	'add' operation 17 bit of DSP[253] ('add_ln16_11', lab2/matrix_mult.cpp:16) [253]  (2.100 ns)
	'add' operation 18 bit ('add_ln16_12', lab2/matrix_mult.cpp:16) [255]  (2.107 ns)
	'add' operation 19 bit ('add_ln16_13', lab2/matrix_mult.cpp:16) [257]  (2.136 ns)

 <State 17>: 5.420ns
The critical path consists of the following:
	'add' operation 20 bit ('add_ln16_14', lab2/matrix_mult.cpp:16) [259]  (2.166 ns)
	'store' operation 0 bit ('store_ln16', lab2/matrix_mult.cpp:16) of variable 'zext_ln16_46', lab2/matrix_mult.cpp:16 on array 'prod' [261]  (3.254 ns)


============================================================
+ Verbose Summary: Binding
============================================================
N/A
* FSMD analyzer results:
  - Output states:
 - Input state : 
  - Chain level:
	State 1
	State 2
	State 3
	State 4
	State 5
	State 6
	State 7
	State 8
	State 9
	State 10
	State 11
	State 12
	State 13
	State 14
	State 15
	State 16
	State 17


============================================================
+ Verbose Summary: Datapath Resource usage 
============================================================
N/A
