

================================================================
== Synthesis Summary Report of 'matrix_mult'
================================================================
+ General Information: 
    * Date:           Fri Feb 27 11:26:33 2026
    * Version:        2024.1 (Build 5069499 on May 21 2024)
    * Project:        lab2
    * Solution:       solution1 (Vivado IP Flow Target)
    * Product family: zynq
    * Target device:  xc7z020-clg400-1
    

+ Performance & Resource Estimates: 
    
    PS: '+' for module; 'o' for loop; '*' for dataflow
    +---------------+------+------+---------+-----------+----------+---------+------+----------+------+--------+-----------+-----------+-----+
    |    Modules    | Issue|      | Latency |  Latency  | Iteration|         | Trip |          |      |        |           |           |     |
    |    & Loops    | Type | Slack| (cycles)|    (ns)   |  Latency | Interval| Count| Pipelined| BRAM |   DSP  |     FF    |    LUT    | URAM|
    +---------------+------+------+---------+-----------+----------+---------+------+----------+------+--------+-----------+-----------+-----+
    |+ matrix_mult  |    II|  0.96|     2058|  2.058e+04|         -|     2048|     -|    rewind|     -|  8 (3%)|  428 (~0%)|  1074 (2%)|    -|
    | o Row_Col     |    II|  7.30|     2056|  2.056e+04|        17|        8|   256|       yes|     -|       -|          -|          -|    -|
    +---------------+------+------+---------+-----------+----------+---------+------+----------+------+--------+-----------+-----------+-----+


================================================================
== HW Interfaces
================================================================
* AP_MEMORY
+---------------+-----------+----------+
| Port          | Direction | Bitwidth |
+---------------+-----------+----------+
| a_address0    | out       | 8        |
| a_address1    | out       | 8        |
| a_q0          | in        | 8        |
| a_q1          | in        | 8        |
| b_address0    | out       | 8        |
| b_address1    | out       | 8        |
| b_q0          | in        | 8        |
| b_q1          | in        | 8        |
| prod_address0 | out       | 8        |
| prod_d0       | out       | 32       |
+---------------+-----------+----------+

* TOP LEVEL CONTROL
+-----------+------------+-----------------------------------+
| Interface | Type       | Ports                             |
+-----------+------------+-----------------------------------+
| ap_clk    | clock      | ap_clk                            |
| ap_rst    | reset      | ap_rst                            |
| ap_ctrl   | ap_ctrl_hs | ap_done ap_idle ap_ready ap_start |
+-----------+------------+-----------------------------------+


================================================================
== SW I/O Information
================================================================
* Top Function Arguments
+----------+-----------+--------------+
| Argument | Direction | Datatype     |
+----------+-----------+--------------+
| a        | in        | ap_uint<8>*  |
| b        | in        | ap_uint<8>*  |
| prod     | out       | ap_uint<32>* |
+----------+-----------+--------------+

* SW-to-HW Mapping
+----------+---------------+---------+----------+
| Argument | HW Interface  | HW Type | HW Usage |
+----------+---------------+---------+----------+
| a        | a_address0    | port    | offset   |
| a        | a_ce0         | port    |          |
| a        | a_q0          | port    |          |
| a        | a_address1    | port    | offset   |
| a        | a_ce1         | port    |          |
| a        | a_q1          | port    |          |
| b        | b_address0    | port    | offset   |
| b        | b_ce0         | port    |          |
| b        | b_q0          | port    |          |
| b        | b_address1    | port    | offset   |
| b        | b_ce1         | port    |          |
| b        | b_q1          | port    |          |
| prod     | prod_address0 | port    | offset   |
| prod     | prod_ce0      | port    |          |
| prod     | prod_we0      | port    |          |
| prod     | prod_d0       | port    |          |
+----------+---------------+---------+----------+


================================================================
== Bind Op Report
================================================================
+--------------------------------------+-----+--------+--------------+--------+-----------+---------+
| Name                                 | DSP | Pragma | Variable     | Op     | Impl      | Latency |
+--------------------------------------+-----+--------+--------------+--------+-----------+---------+
| + matrix_mult                        | 8   |        |              |        |           |         |
|   add_ln10_fu_506_p2                 |     |        | add_ln10     | add    | fabric    | 0       |
|   select_ln10_fu_478_p3              |     |        | select_ln10  | select | auto_sel  | 0       |
|   i_fu_512_p3                        |     |        | i            | select | auto_sel  | 0       |
|   add_ln16_15_fu_867_p2              |     |        | add_ln16_15  | add    | fabric    | 0       |
|   add_ln16_16_fu_553_p2              |     |        | add_ln16_16  | add    | fabric    | 0       |
|   add_ln16_17_fu_564_p2              |     |        | add_ln16_17  | add    | fabric    | 0       |
|   add_ln16_18_fu_607_p2              |     |        | add_ln16_18  | add    | fabric    | 0       |
|   add_ln16_19_fu_618_p2              |     |        | add_ln16_19  | add    | fabric    | 0       |
|   add_ln16_20_fu_658_p2              |     |        | add_ln16_20  | add    | fabric    | 0       |
|   xor_ln16_fu_968_p2                 |     |        | xor_ln16     | xor    | auto      | 0       |
|   add_ln16_21_fu_629_p2              |     |        | add_ln16_21  | add    | fabric    | 0       |
|   mac_muladd_8ns_8ns_16ns_17_4_1_U11 | 1   |        | mul_ln16     | mul    | dsp_slice | 3       |
|   mac_muladd_8ns_8ns_16ns_17_4_1_U11 | 1   |        | zext_ln16_1  | zext   | dsp_slice | 3       |
|   mul_8ns_8ns_16_1_1_U3              |     |        | mul_ln16_1   | mul    | auto      | 0       |
|   mul_8ns_8ns_16_1_1_U1              |     |        | mul_ln16_2   | mul    | auto      | 0       |
|   mac_muladd_8ns_8ns_16ns_17_4_1_U9  | 1   |        | mul_ln16_3   | mul    | dsp_slice | 3       |
|   mac_muladd_8ns_8ns_16ns_17_4_1_U9  | 1   |        | zext_ln16_7  | zext   | dsp_slice | 3       |
|   mul_8ns_8ns_16_1_1_U2              |     |        | mul_ln16_4   | mul    | auto      | 0       |
|   mac_muladd_8ns_8ns_16ns_17_4_1_U10 | 1   |        | mul_ln16_5   | mul    | dsp_slice | 3       |
|   mac_muladd_8ns_8ns_16ns_17_4_1_U10 | 1   |        | zext_ln16_11 | zext   | dsp_slice | 3       |
|   mul_8ns_8ns_16_1_1_U4              |     |        | mul_ln16_6   | mul    | auto      | 0       |
|   mac_muladd_8ns_8ns_16ns_17_4_1_U12 | 1   |        | mul_ln16_7   | mul    | dsp_slice | 3       |
|   mac_muladd_8ns_8ns_16ns_17_4_1_U12 | 1   |        | zext_ln16_15 | zext   | dsp_slice | 3       |
|   mul_8ns_8ns_16_1_1_U5              |     |        | mul_ln16_8   | mul    | auto      | 0       |
|   mac_muladd_8ns_8ns_16ns_17_4_1_U13 | 1   |        | mul_ln16_9   | mul    | dsp_slice | 3       |
|   mac_muladd_8ns_8ns_16ns_17_4_1_U13 | 1   |        | zext_ln16_19 | zext   | dsp_slice | 3       |
|   mul_8ns_8ns_16_1_1_U6              |     |        | mul_ln16_10  | mul    | auto      | 0       |
|   mac_muladd_8ns_8ns_16ns_17_4_1_U14 | 1   |        | mul_ln16_11  | mul    | dsp_slice | 3       |
|   mac_muladd_8ns_8ns_16ns_17_4_1_U14 | 1   |        | zext_ln16_23 | zext   | dsp_slice | 3       |
|   mul_8ns_8ns_16_1_1_U7              |     |        | mul_ln16_12  | mul    | auto      | 0       |
|   mac_muladd_8ns_8ns_16ns_17_4_1_U15 | 1   |        | mul_ln16_13  | mul    | dsp_slice | 3       |
|   mac_muladd_8ns_8ns_16ns_17_4_1_U15 | 1   |        | zext_ln16_27 | zext   | dsp_slice | 3       |
|   mul_8ns_8ns_16_1_1_U8              |     |        | mul_ln16_14  | mul    | auto      | 0       |
|   mac_muladd_8ns_8ns_16ns_17_4_1_U16 | 1   |        | mul_ln16_15  | mul    | dsp_slice | 3       |
|   mac_muladd_8ns_8ns_16ns_17_4_1_U16 | 1   |        | zext_ln16_31 | zext   | dsp_slice | 3       |
|   mac_muladd_8ns_8ns_16ns_17_4_1_U11 | 1   |        | add_ln16     | add    | dsp_slice | 3       |
|   mac_muladd_8ns_8ns_16ns_17_4_1_U9  | 1   |        | add_ln16_1   | add    | dsp_slice | 3       |
|   add_ln16_2_fu_1060_p2              |     |        | add_ln16_2   | add    | fabric    | 0       |
|   mac_muladd_8ns_8ns_16ns_17_4_1_U10 | 1   |        | add_ln16_3   | add    | dsp_slice | 3       |
|   mac_muladd_8ns_8ns_16ns_17_4_1_U12 | 1   |        | add_ln16_4   | add    | dsp_slice | 3       |
|   add_ln16_5_fu_1098_p2              |     |        | add_ln16_5   | add    | fabric    | 0       |
|   add_ln16_6_fu_1108_p2              |     |        | add_ln16_6   | add    | fabric    | 0       |
|   mac_muladd_8ns_8ns_16ns_17_4_1_U13 | 1   |        | add_ln16_7   | add    | dsp_slice | 3       |
|   mac_muladd_8ns_8ns_16ns_17_4_1_U14 | 1   |        | add_ln16_8   | add    | dsp_slice | 3       |
|   add_ln16_9_fu_1159_p2              |     |        | add_ln16_9   | add    | fabric    | 0       |
|   mac_muladd_8ns_8ns_16ns_17_4_1_U15 | 1   |        | add_ln16_10  | add    | dsp_slice | 3       |
|   mac_muladd_8ns_8ns_16ns_17_4_1_U16 | 1   |        | add_ln16_11  | add    | dsp_slice | 3       |
|   add_ln16_12_fu_1190_p2             |     |        | add_ln16_12  | add    | fabric    | 0       |
|   add_ln16_13_fu_1200_p2             |     |        | add_ln16_13  | add    | fabric    | 0       |
|   add_ln16_14_fu_1216_p2             |     |        | add_ln16_14  | add    | fabric    | 0       |
|   j_fu_903_p2                        |     |        | j            | add    | fabric    | 0       |
|   add_ln10_1_fu_908_p2               |     |        | add_ln10_1   | add    | fabric    | 0       |
|   icmp_ln12_fu_914_p2                |     |        | icmp_ln12    | seteq  | auto      | 0       |
|   icmp_ln10_fu_920_p2                |     |        | icmp_ln10    | seteq  | auto      | 0       |
+--------------------------------------+-----+--------+--------------+--------+-----------+---------+


================================================================
== Storage Report
================================================================
  No bind storage info in design

================================================================
== Pragma Report
================================================================
  No pragmas found

