

================================================================
== Vitis HLS Report for 'matrix_mult'
================================================================
* Date:           Fri Feb 27 11:26:33 2026

* Version:        2024.1 (Build 5069499 on May 21 2024)
* Project:        lab2
* Solution:       solution1 (Vivado IP Flow Target)
* Product family: zynq
* Target device:  xc7z020-clg400-1


================================================================
== Performance Estimates
================================================================
+ Timing: 
    * Summary: 
    +--------+----------+----------+------------+
    |  Clock |  Target  | Estimated| Uncertainty|
    +--------+----------+----------+------------+
    |ap_clk  |  10.00 ns|  6.343 ns|     2.70 ns|
    +--------+----------+----------+------------+

+ Latency: 
    * Summary: 
    +---------+---------+-----------+-----------+------+------+-----------------------------------------------+
    |  Latency (cycles) |   Latency (absolute)  |   Interval  |                    Pipeline                   |
    |   min   |   max   |    min    |    max    |  min |  max |                      Type                     |
    +---------+---------+-----------+-----------+------+------+-----------------------------------------------+
    |     2058|     2058|  20.580 us|  20.580 us|  2048|  2048|  loop auto-rewind stp(delay=0 clock cycles(s))|
    +---------+---------+-----------+-----------+------+------+-----------------------------------------------+

    + Detail: 
        * Instance: 
        N/A

        * Loop: 
        +-----------+---------+---------+----------+-----------+-----------+------+----------+
        |           |  Latency (cycles) | Iteration|  Initiation Interval  | Trip |          |
        | Loop Name |   min   |   max   |  Latency |  achieved |   target  | Count| Pipelined|
        +-----------+---------+---------+----------+-----------+-----------+------+----------+
        |- Row_Col  |     2056|     2056|        17|          8|          1|   256|       yes|
        +-----------+---------+---------+----------+-----------+-----------+------+----------+



================================================================
== Utilization Estimates
================================================================
* Summary: 
+-----------------+---------+-----+--------+-------+-----+
|       Name      | BRAM_18K| DSP |   FF   |  LUT  | URAM|
+-----------------+---------+-----+--------+-------+-----+
|DSP              |        -|    8|       -|      -|    -|
|Expression       |        -|    -|       0|    371|    -|
|FIFO             |        -|    -|       -|      -|    -|
|Instance         |        -|    0|       0|    328|    -|
|Memory           |        -|    -|       -|      -|    -|
|Multiplexer      |        -|    -|       0|    375|    -|
|Register         |        -|    -|     428|      -|    -|
+-----------------+---------+-----+--------+-------+-----+
|Total            |        0|    8|     428|   1074|    0|
+-----------------+---------+-----+--------+-------+-----+
|Available        |      280|  220|  106400|  53200|    0|
+-----------------+---------+-----+--------+-------+-----+
|Utilization (%)  |        0|    3|      ~0|      2|    0|
+-----------------+---------+-----+--------+-------+-----+

+ Detail: 
    * Instance: 
    +-----------------------+--------------------+---------+----+---+----+-----+
    |        Instance       |       Module       | BRAM_18K| DSP| FF| LUT| URAM|
    +-----------------------+--------------------+---------+----+---+----+-----+
    |mul_8ns_8ns_16_1_1_U1  |mul_8ns_8ns_16_1_1  |        0|   0|  0|  41|    0|
    |mul_8ns_8ns_16_1_1_U2  |mul_8ns_8ns_16_1_1  |        0|   0|  0|  41|    0|
    |mul_8ns_8ns_16_1_1_U3  |mul_8ns_8ns_16_1_1  |        0|   0|  0|  41|    0|
    |mul_8ns_8ns_16_1_1_U4  |mul_8ns_8ns_16_1_1  |        0|   0|  0|  41|    0|
    |mul_8ns_8ns_16_1_1_U5  |mul_8ns_8ns_16_1_1  |        0|   0|  0|  41|    0|
    |mul_8ns_8ns_16_1_1_U6  |mul_8ns_8ns_16_1_1  |        0|   0|  0|  41|    0|
    |mul_8ns_8ns_16_1_1_U7  |mul_8ns_8ns_16_1_1  |        0|   0|  0|  41|    0|
    |mul_8ns_8ns_16_1_1_U8  |mul_8ns_8ns_16_1_1  |        0|   0|  0|  41|    0|
    +-----------------------+--------------------+---------+----+---+----+-----+
    |Total                  |                    |        0|   0|  0| 328|    0|
    +-----------------------+--------------------+---------+----+---+----+-----+

    * DSP: 
    +------------------------------------+--------------------------------+--------------+
    |              Instance              |             Module             |  Expression  |
    +------------------------------------+--------------------------------+--------------+
    |mac_muladd_8ns_8ns_16ns_17_4_1_U9   |mac_muladd_8ns_8ns_16ns_17_4_1  |  i0 + i1 * i2|
    |mac_muladd_8ns_8ns_16ns_17_4_1_U10  |mac_muladd_8ns_8ns_16ns_17_4_1  |  i0 + i1 * i2|
    |mac_muladd_8ns_8ns_16ns_17_4_1_U11  |mac_muladd_8ns_8ns_16ns_17_4_1  |  i0 + i1 * i2|
    |mac_muladd_8ns_8ns_16ns_17_4_1_U12  |mac_muladd_8ns_8ns_16ns_17_4_1  |  i0 + i1 * i2|
    |mac_muladd_8ns_8ns_16ns_17_4_1_U13  |mac_muladd_8ns_8ns_16ns_17_4_1  |  i0 + i1 * i2|
    |mac_muladd_8ns_8ns_16ns_17_4_1_U14  |mac_muladd_8ns_8ns_16ns_17_4_1  |  i0 + i1 * i2|
    |mac_muladd_8ns_8ns_16ns_17_4_1_U15  |mac_muladd_8ns_8ns_16ns_17_4_1  |  i0 + i1 * i2|
    |mac_muladd_8ns_8ns_16ns_17_4_1_U16  |mac_muladd_8ns_8ns_16ns_17_4_1  |  i0 + i1 * i2|
    +------------------------------------+--------------------------------+--------------+

    * Memory: 
    N/A

    * FIFO: 
    N/A

    * Expression: 
    +------------------------+----------+----+---+----+------------+------------+
    |      Variable Name     | Operation| DSP| FF| LUT| Bitwidth P0| Bitwidth P1|
    +------------------------+----------+----+---+----+------------+------------+
    |add_ln10_1_fu_908_p2    |         +|   0|  0|  15|           8|           1|
    |add_ln10_fu_506_p2      |         +|   0|  0|  13|           5|           1|
    |add_ln16_12_fu_1190_p2  |         +|   0|  0|  25|          18|          18|
    |add_ln16_13_fu_1200_p2  |         +|   0|  0|  26|          19|          19|
    |add_ln16_14_fu_1216_p2  |         +|   0|  0|  27|          20|          20|
    |add_ln16_15_fu_867_p2   |         +|   0|  0|  14|           6|           5|
    |add_ln16_16_fu_553_p2   |         +|   0|  0|  14|           7|           6|
    |add_ln16_17_fu_564_p2   |         +|   0|  0|  14|           7|           7|
    |add_ln16_18_fu_607_p2   |         +|   0|  0|  15|           8|           7|
    |add_ln16_19_fu_618_p2   |         +|   0|  0|  15|           8|           8|
    |add_ln16_20_fu_658_p2   |         +|   0|  0|  15|           8|           8|
    |add_ln16_21_fu_629_p2   |         +|   0|  0|  15|           8|           8|
    |add_ln16_2_fu_1060_p2   |         +|   0|  0|  25|          18|          18|
    |add_ln16_5_fu_1098_p2   |         +|   0|  0|  25|          18|          18|
    |add_ln16_6_fu_1108_p2   |         +|   0|  0|  26|          19|          19|
    |add_ln16_9_fu_1159_p2   |         +|   0|  0|  25|          18|          18|
    |j_fu_903_p2             |         +|   0|  0|  13|           5|           1|
    |ap_condition_1225       |       and|   0|  0|   2|           1|           1|
    |ap_condition_1237       |       and|   0|  0|   2|           1|           1|
    |ap_condition_1242       |       and|   0|  0|   2|           1|           1|
    |icmp_ln10_fu_920_p2     |      icmp|   0|  0|  15|           8|           2|
    |icmp_ln12_fu_914_p2     |      icmp|   0|  0|  14|           5|           6|
    |i_fu_512_p3             |    select|   0|  0|   5|           1|           5|
    |select_ln10_fu_478_p3   |    select|   0|  0|   5|           1|           1|
    |ap_enable_pp0           |       xor|   0|  0|   2|           1|           2|
    |xor_ln16_fu_968_p2      |       xor|   0|  0|   2|           1|           2|
    +------------------------+----------+----+---+----+------------+------------+
    |Total                   |          |   0|  0| 371|         220|         203|
    +------------------------+----------+----+---+----+------------+------------+

    * Multiplexer: 
    +-------------------------------------+----+-----------+-----+-----------+
    |                 Name                | LUT| Input Size| Bits| Total Bits|
    +-------------------------------------+----+-----------+-----+-----------+
    |a_address0_local                     |  48|          9|    8|         72|
    |a_address1_local                     |  48|          9|    8|         72|
    |ap_NS_fsm                            |  48|          9|    1|          9|
    |ap_done_int                          |   9|          2|    1|          2|
    |ap_enable_reg_pp0_iter0              |   9|          2|    1|          2|
    |ap_enable_reg_pp0_iter2              |   9|          2|    1|          2|
    |ap_loop_exit_ready_pp0_iter1_reg     |   9|          2|    1|          2|
    |ap_loop_exit_ready_pp0_iter2_reg     |   9|          2|    1|          2|
    |ap_phi_mux_icmp_ln124_phi_fu_416_p4  |   9|          2|    1|          2|
    |ap_sig_allocacmp_j3_load             |   9|          2|    5|         10|
    |b_address0_local                     |  48|          9|    8|         72|
    |b_address1_local                     |  48|          9|    8|         72|
    |i2_fu_118                            |   9|          2|    5|         10|
    |icmp_ln124_reg_413                   |   9|          2|    1|          2|
    |indvar_flatten1_fu_114               |   9|          2|    8|         16|
    |j3_fu_122                            |   9|          2|    5|         10|
    |reg_432                              |   9|          2|    8|         16|
    |reg_441                              |   9|          2|    8|         16|
    |reg_446                              |   9|          2|    8|         16|
    |reg_451                              |   9|          2|    8|         16|
    +-------------------------------------+----+-----------+-----+-----------+
    |Total                                | 375|         75|   95|        421|
    +-------------------------------------+----+-----------+-----+-----------+

    * Register: 
    +------------------------------------+----+----+-----+-----------+
    |                Name                | FF | LUT| Bits| Const Bits|
    +------------------------------------+----+----+-----+-----------+
    |a_load_10_reg_1654                  |   8|   0|    8|          0|
    |a_load_11_reg_1469                  |   8|   0|    8|          0|
    |a_load_12_reg_1689                  |   8|   0|    8|          0|
    |a_load_13_reg_1525                  |   8|   0|    8|          0|
    |a_load_14_reg_1694                  |   8|   0|    8|          0|
    |a_load_15_reg_1530                  |   8|   0|    8|          0|
    |a_load_9_reg_1464                   |   8|   0|    8|          0|
    |add_ln16_10_reg_1789                |  17|   0|   17|          0|
    |add_ln16_13_reg_1794                |  19|   0|   19|          0|
    |add_ln16_17_reg_1384                |   7|   0|    7|          0|
    |add_ln16_1_reg_1679                 |  17|   0|   17|          0|
    |add_ln16_21_reg_1419                |   8|   0|    8|          0|
    |add_ln16_21_reg_1419_pp0_iter1_reg  |   8|   0|    8|          0|
    |add_ln16_2_reg_1729                 |  18|   0|   18|          0|
    |add_ln16_3_reg_1709                 |  17|   0|   17|          0|
    |add_ln16_6_reg_1749                 |  19|   0|   19|          0|
    |add_ln16_7_reg_1769                 |  17|   0|   17|          0|
    |add_ln16_9_reg_1779                 |  18|   0|   18|          0|
    |ap_CS_fsm                           |   8|   0|    8|          0|
    |ap_done_reg                         |   1|   0|    1|          0|
    |ap_enable_reg_pp0_iter0_reg         |   1|   0|    1|          0|
    |ap_enable_reg_pp0_iter1             |   1|   0|    1|          0|
    |ap_enable_reg_pp0_iter2             |   1|   0|    1|          0|
    |ap_loop_exit_ready_pp0_iter1_reg    |   1|   0|    1|          0|
    |ap_loop_exit_ready_pp0_iter2_reg    |   1|   0|    1|          0|
    |b_load_10_reg_1620                  |   8|   0|    8|          0|
    |b_load_11_reg_1500                  |   8|   0|    8|          0|
    |b_load_12_reg_1625                  |   8|   0|    8|          0|
    |b_load_13_reg_1505                  |   8|   0|    8|          0|
    |b_load_14_reg_1674                  |   8|   0|    8|          0|
    |b_load_7_reg_1444                   |   8|   0|    8|          0|
    |b_load_8_reg_1580                   |   8|   0|    8|          0|
    |b_load_9_reg_1449                   |   8|   0|    8|          0|
    |bit_sel_reg_1331                    |   1|   0|    1|          0|
    |empty_reg_1341                      |   4|   0|    4|          0|
    |i2_fu_118                           |   5|   0|    5|          0|
    |icmp_ln10_reg_1635                  |   1|   0|    1|          0|
    |icmp_ln10_reg_1635_pp0_iter1_reg    |   1|   0|    1|          0|
    |icmp_ln124_reg_413                  |   1|   0|    1|          0|
    |icmp_ln12_reg_1630                  |   1|   0|    1|          0|
    |indvar_flatten1_fu_114              |   8|   0|    8|          0|
    |j3_fu_122                           |   5|   0|    5|          0|
    |reg_424                             |   8|   0|    8|          0|
    |reg_428                             |   8|   0|    8|          0|
    |reg_432                             |   8|   0|    8|          0|
    |reg_437                             |   8|   0|    8|          0|
    |reg_441                             |   8|   0|    8|          0|
    |reg_446                             |   8|   0|    8|          0|
    |reg_451                             |   8|   0|    8|          0|
    |reg_456                             |   8|   0|    8|          0|
    |select_ln10_reg_1316                |   5|   0|    5|          0|
    |tmp_16_cast_reg_1479                |   5|   0|    6|          1|
    |tmp_17_cast_reg_1490                |   5|   0|    7|          2|
    |tmp_reg_1359                        |   4|   0|    8|          4|
    |trunc_ln16_reg_1336                 |   4|   0|    4|          0|
    |zext_ln16_47_reg_1404               |   5|   0|    8|          3|
    |zext_ln16_48_reg_1374               |   5|   0|    7|          2|
    |zext_ln16_49_reg_1474               |   5|   0|    6|          1|
    +------------------------------------+----+----+-----+-----------+
    |Total                               | 428|   0|  441|         13|
    +------------------------------------+----+----+-----+-----------+



================================================================
== Interface
================================================================
* Summary: 
+---------------+-----+-----+------------+--------------+--------------+
|   RTL Ports   | Dir | Bits|  Protocol  | Source Object|    C Type    |
+---------------+-----+-----+------------+--------------+--------------+
|ap_clk         |   in|    1|  ap_ctrl_hs|   matrix_mult|  return value|
|ap_rst         |   in|    1|  ap_ctrl_hs|   matrix_mult|  return value|
|ap_start       |   in|    1|  ap_ctrl_hs|   matrix_mult|  return value|
|ap_done        |  out|    1|  ap_ctrl_hs|   matrix_mult|  return value|
|ap_idle        |  out|    1|  ap_ctrl_hs|   matrix_mult|  return value|
|ap_ready       |  out|    1|  ap_ctrl_hs|   matrix_mult|  return value|
|a_address0     |  out|    8|   ap_memory|             a|         array|
|a_ce0          |  out|    1|   ap_memory|             a|         array|
|a_q0           |   in|    8|   ap_memory|             a|         array|
|a_address1     |  out|    8|   ap_memory|             a|         array|
|a_ce1          |  out|    1|   ap_memory|             a|         array|
|a_q1           |   in|    8|   ap_memory|             a|         array|
|b_address0     |  out|    8|   ap_memory|             b|         array|
|b_ce0          |  out|    1|   ap_memory|             b|         array|
|b_q0           |   in|    8|   ap_memory|             b|         array|
|b_address1     |  out|    8|   ap_memory|             b|         array|
|b_ce1          |  out|    1|   ap_memory|             b|         array|
|b_q1           |   in|    8|   ap_memory|             b|         array|
|prod_address0  |  out|    8|   ap_memory|          prod|         array|
|prod_ce0       |  out|    1|   ap_memory|          prod|         array|
|prod_we0       |  out|    1|   ap_memory|          prod|         array|
|prod_d0        |  out|   32|   ap_memory|          prod|         array|
+---------------+-----+-----+------------+--------------+--------------+

