================================================================
== Vivado RTL Synthesis Results
================================================================
+ General Information:
    * Date:            Fri Feb 27 11:31:52 MST 2026
    * Version:         2024.1 (Build 5069499 on May 21 2024)
    * Project:         lab2
    * Solution:        solution1 (Vivado IP Flow Target)
    * Product family:  zynq
    * Target device:   xc7z020-clg400-1


================================================================
== Run Constraints & Options
================================================================
+ Design Constraints & Options:
    * RTL Synthesis target clock:  10 ns
    * C-Synthesis target clock:    10 ns
    * C-Synthesis uncertainty:     27%

+ RTL Synthesis Options:
    * config_export -vivado_synth_strategy:     default
    * config_export -vivado_synth_design_args:  -directive sdx_optimization_effort_high

+ Reporting Options:
    * config_export -vivado_report_level:      2
    * config_export -vivado_max_timing_paths:  10


================================================================
== RTL Synthesis Resource Summary
================================================================
LUT:              223
FF:               214
DSP:              16
BRAM:             0
URAM:             0
SRL:              0


================================================================
== RTL Synthesis Timing Summary
================================================================
* Timing was met
+----------------+-------------+
| Timing         | Period (ns) |
+----------------+-------------+
| Target         | 10.000      |
| Post-Synthesis | 6.594       |
+----------------+-------------+


================================================================
== RTL Synthesis Resources
================================================================
+--------------------------------------+-----+-----+-----+------+------+-----+--------+------+---------+----------+--------+
| Name                                 | LUT | FF  | DSP | BRAM | URAM | SRL | Pragma | Impl | Latency | Variable | Source |
+--------------------------------------+-----+-----+-----+------+------+-----+--------+------+---------+----------+--------+
| inst                                 | 223 | 214 | 16  |      |      |     |        |      |         |          |        |
|   (inst)                             | 82  | 213 |     |      |      |     |        |      |         |          |        |
|   flow_control_loop_pipe_U           | 25  | 1   |     |      |      |     |        |      |         |          |        |
|   mac_muladd_8ns_8ns_16ns_17_4_1_U10 |     |     | 1   |      |      |     |        |      |         |          |        |
|   mac_muladd_8ns_8ns_16ns_17_4_1_U11 | 19  |     | 1   |      |      |     |        |      |         |          |        |
|   mac_muladd_8ns_8ns_16ns_17_4_1_U12 | 18  |     | 1   |      |      |     |        |      |         |          |        |
|   mac_muladd_8ns_8ns_16ns_17_4_1_U13 | 1   |     | 1   |      |      |     |        |      |         |          |        |
|   mac_muladd_8ns_8ns_16ns_17_4_1_U14 | 18  |     | 1   |      |      |     |        |      |         |          |        |
|   mac_muladd_8ns_8ns_16ns_17_4_1_U15 |     |     | 1   |      |      |     |        |      |         |          |        |
|   mac_muladd_8ns_8ns_16ns_17_4_1_U16 | 20  |     | 1   |      |      |     |        |      |         |          |        |
|   mac_muladd_8ns_8ns_16ns_17_4_1_U9  | 9   |     | 1   |      |      |     |        |      |         |          |        |
|   mul_8ns_8ns_16_1_1_U1              |     |     | 1   |      |      |     |        |      |         |          |        |
|   mul_8ns_8ns_16_1_1_U2              |     |     | 1   |      |      |     |        |      |         |          |        |
|   mul_8ns_8ns_16_1_1_U3              |     |     | 1   |      |      |     |        |      |         |          |        |
|   mul_8ns_8ns_16_1_1_U4              | 19  |     | 1   |      |      |     |        |      |         |          |        |
|   mul_8ns_8ns_16_1_1_U5              | 10  |     | 1   |      |      |     |        |      |         |          |        |
|   mul_8ns_8ns_16_1_1_U6              |     |     | 1   |      |      |     |        |      |         |          |        |
|   mul_8ns_8ns_16_1_1_U7              |     |     | 1   |      |      |     |        |      |         |          |        |
|   mul_8ns_8ns_16_1_1_U8              | 2   |     | 1   |      |      |     |        |      |         |          |        |
+--------------------------------------+-----+-----+-----+------+------+-----+--------+------+---------+----------+--------+


================================================================
== RTL Synthesis Fail Fast
================================================================
+-----------------------------------------------------------+-----------+--------+--------+
| Criteria                                                  | Guideline | Actual | Status |
+-----------------------------------------------------------+-----------+--------+--------+
| LUT                                                       | 70%       | 0.42%  | OK     |
| FD                                                        | 50%       | 0.20%  | OK     |
| LUTRAM+SRL                                                | 25%       | 0.00%  | OK     |
| MUXF7                                                     | 15%       | 0.00%  | OK     |
| DSP                                                       | 80%       | 7.27%  | OK     |
| RAMB/FIFO                                                 | 80%       | 0.00%  | OK     |
| DSP+RAMB+URAM (Avg)                                       | 70%       | 7.27%  | OK     |
| BUFGCE* + BUFGCTRL                                        | 24        | 0      | OK     |
| DONT_TOUCH (cells/nets)                                   | 0         | 0      | OK     |
| MARK_DEBUG (nets)                                         | 0         | 0      | OK     |
| Control Sets                                              | 998       | 15     | OK     |
| Average Fanout for modules > 100k cells                   | 4         | 1.99   | OK     |
| Max Average Fanout for modules > 100k cells               | 4         | 0      | OK     |
| Non-FD high fanout nets > 10k loads                       | 0         | 0      | OK     |
+-----------------------------------------------------------+-----------+--------+--------+
| TIMING-6 (No common primary clock between related clocks) | 0         | 0      | OK     |
| TIMING-7 (No common node between related clocks)          | 0         | 0      | OK     |
| TIMING-8 (No common period between related clocks)        | 0         | 0      | OK     |
| TIMING-14 (LUT on the clock tree)                         | 0         | 0      | OK     |
| TIMING-35 (No common node in paths with the same clock)   | 0         | 0      | OK     |
+-----------------------------------------------------------+-----------+--------+--------+
| Number of paths above max LUT budgeting (0.575ns)         | 0         | 0      | OK     |
| Number of paths above max Net budgeting (0.403ns)         | 0         | 0      | OK     |
+-----------------------------------------------------------+-----------+--------+--------+


================================================================
== RTL Synthesis Timing Paths
================================================================
* Timing was met
+-------+-------+---------------------------------------+---------------------------------------------------------------------------------------------------------+--------------+------------+----------------+----------------+--------------+
| Path  | SLACK | STARTPOINT PIN                        | ENDPOINT PIN                                                                                            | LOGIC LEVELS | MAX FANOUT | DATAPATH DELAY | DATAPATH LOGIC | DATAPATH NET |
|       |       |                                       |                                                                                                         |              |            |                |          DELAY |        DELAY |
+-------+-------+---------------------------------------+---------------------------------------------------------------------------------------------------------+--------------+------------+----------------+----------------+--------------+
| Path1 | 3.406 | mul_8ns_8ns_16_1_1_U2/tmp_product/CLK | mac_muladd_8ns_8ns_16ns_17_4_1_U10/matrix_mult_mac_muladd_8ns_8ns_16ns_17_4_1_DSP48_0_U/p_reg_reg/C[0]  |            0 |          1 |          4.809 |          4.009 |        0.800 |
| Path2 | 3.406 | mul_8ns_8ns_16_1_1_U2/tmp_product/CLK | mac_muladd_8ns_8ns_16ns_17_4_1_U10/matrix_mult_mac_muladd_8ns_8ns_16ns_17_4_1_DSP48_0_U/p_reg_reg/C[10] |            0 |          1 |          4.809 |          4.009 |        0.800 |
| Path3 | 3.406 | mul_8ns_8ns_16_1_1_U2/tmp_product/CLK | mac_muladd_8ns_8ns_16ns_17_4_1_U10/matrix_mult_mac_muladd_8ns_8ns_16ns_17_4_1_DSP48_0_U/p_reg_reg/C[11] |            0 |          1 |          4.809 |          4.009 |        0.800 |
| Path4 | 3.406 | mul_8ns_8ns_16_1_1_U2/tmp_product/CLK | mac_muladd_8ns_8ns_16ns_17_4_1_U10/matrix_mult_mac_muladd_8ns_8ns_16ns_17_4_1_DSP48_0_U/p_reg_reg/C[12] |            0 |          1 |          4.809 |          4.009 |        0.800 |
| Path5 | 3.406 | mul_8ns_8ns_16_1_1_U2/tmp_product/CLK | mac_muladd_8ns_8ns_16ns_17_4_1_U10/matrix_mult_mac_muladd_8ns_8ns_16ns_17_4_1_DSP48_0_U/p_reg_reg/C[13] |            0 |          1 |          4.809 |          4.009 |        0.800 |
+-------+-------+---------------------------------------+---------------------------------------------------------------------------------------------------------+--------------+------------+----------------+----------------+--------------+

    +---------------------------------------------------------------------------------------------------+------------------+
    | Path1 Cells                                                                                       | Primitive Type   |
    +---------------------------------------------------------------------------------------------------+------------------+
    | mul_8ns_8ns_16_1_1_U2/tmp_product                                                                 | MULT.dsp.DSP48E1 |
    | mac_muladd_8ns_8ns_16ns_17_4_1_U10/matrix_mult_mac_muladd_8ns_8ns_16ns_17_4_1_DSP48_0_U/p_reg_reg | MULT.dsp.DSP48E1 |
    | mul_8ns_8ns_16_1_1_U2/tmp_product                                                                 | MULT.dsp.DSP48E1 |
    | mac_muladd_8ns_8ns_16ns_17_4_1_U10/matrix_mult_mac_muladd_8ns_8ns_16ns_17_4_1_DSP48_0_U/p_reg_reg | MULT.dsp.DSP48E1 |
    | mul_8ns_8ns_16_1_1_U2/tmp_product                                                                 | MULT.dsp.DSP48E1 |
    | mac_muladd_8ns_8ns_16ns_17_4_1_U10/matrix_mult_mac_muladd_8ns_8ns_16ns_17_4_1_DSP48_0_U/p_reg_reg | MULT.dsp.DSP48E1 |
    | mul_8ns_8ns_16_1_1_U2/tmp_product                                                                 | MULT.dsp.DSP48E1 |
    | mac_muladd_8ns_8ns_16ns_17_4_1_U10/matrix_mult_mac_muladd_8ns_8ns_16ns_17_4_1_DSP48_0_U/p_reg_reg | MULT.dsp.DSP48E1 |
    | mul_8ns_8ns_16_1_1_U2/tmp_product                                                                 | MULT.dsp.DSP48E1 |
    | mac_muladd_8ns_8ns_16ns_17_4_1_U10/matrix_mult_mac_muladd_8ns_8ns_16ns_17_4_1_DSP48_0_U/p_reg_reg | MULT.dsp.DSP48E1 |
    +---------------------------------------------------------------------------------------------------+------------------+

    +---------------------------------------------------------------------------------------------------+------------------+
    | Path2 Cells                                                                                       | Primitive Type   |
    +---------------------------------------------------------------------------------------------------+------------------+
    | mul_8ns_8ns_16_1_1_U2/tmp_product                                                                 | MULT.dsp.DSP48E1 |
    | mac_muladd_8ns_8ns_16ns_17_4_1_U10/matrix_mult_mac_muladd_8ns_8ns_16ns_17_4_1_DSP48_0_U/p_reg_reg | MULT.dsp.DSP48E1 |
    | mul_8ns_8ns_16_1_1_U2/tmp_product                                                                 | MULT.dsp.DSP48E1 |
    | mac_muladd_8ns_8ns_16ns_17_4_1_U10/matrix_mult_mac_muladd_8ns_8ns_16ns_17_4_1_DSP48_0_U/p_reg_reg | MULT.dsp.DSP48E1 |
    | mul_8ns_8ns_16_1_1_U2/tmp_product                                                                 | MULT.dsp.DSP48E1 |
    | mac_muladd_8ns_8ns_16ns_17_4_1_U10/matrix_mult_mac_muladd_8ns_8ns_16ns_17_4_1_DSP48_0_U/p_reg_reg | MULT.dsp.DSP48E1 |
    | mul_8ns_8ns_16_1_1_U2/tmp_product                                                                 | MULT.dsp.DSP48E1 |
    | mac_muladd_8ns_8ns_16ns_17_4_1_U10/matrix_mult_mac_muladd_8ns_8ns_16ns_17_4_1_DSP48_0_U/p_reg_reg | MULT.dsp.DSP48E1 |
    | mul_8ns_8ns_16_1_1_U2/tmp_product                                                                 | MULT.dsp.DSP48E1 |
    | mac_muladd_8ns_8ns_16ns_17_4_1_U10/matrix_mult_mac_muladd_8ns_8ns_16ns_17_4_1_DSP48_0_U/p_reg_reg | MULT.dsp.DSP48E1 |
    +---------------------------------------------------------------------------------------------------+------------------+

    +---------------------------------------------------------------------------------------------------+------------------+
    | Path3 Cells                                                                                       | Primitive Type   |
    +---------------------------------------------------------------------------------------------------+------------------+
    | mul_8ns_8ns_16_1_1_U2/tmp_product                                                                 | MULT.dsp.DSP48E1 |
    | mac_muladd_8ns_8ns_16ns_17_4_1_U10/matrix_mult_mac_muladd_8ns_8ns_16ns_17_4_1_DSP48_0_U/p_reg_reg | MULT.dsp.DSP48E1 |
    | mul_8ns_8ns_16_1_1_U2/tmp_product                                                                 | MULT.dsp.DSP48E1 |
    | mac_muladd_8ns_8ns_16ns_17_4_1_U10/matrix_mult_mac_muladd_8ns_8ns_16ns_17_4_1_DSP48_0_U/p_reg_reg | MULT.dsp.DSP48E1 |
    | mul_8ns_8ns_16_1_1_U2/tmp_product                                                                 | MULT.dsp.DSP48E1 |
    | mac_muladd_8ns_8ns_16ns_17_4_1_U10/matrix_mult_mac_muladd_8ns_8ns_16ns_17_4_1_DSP48_0_U/p_reg_reg | MULT.dsp.DSP48E1 |
    | mul_8ns_8ns_16_1_1_U2/tmp_product                                                                 | MULT.dsp.DSP48E1 |
    | mac_muladd_8ns_8ns_16ns_17_4_1_U10/matrix_mult_mac_muladd_8ns_8ns_16ns_17_4_1_DSP48_0_U/p_reg_reg | MULT.dsp.DSP48E1 |
    | mul_8ns_8ns_16_1_1_U2/tmp_product                                                                 | MULT.dsp.DSP48E1 |
    | mac_muladd_8ns_8ns_16ns_17_4_1_U10/matrix_mult_mac_muladd_8ns_8ns_16ns_17_4_1_DSP48_0_U/p_reg_reg | MULT.dsp.DSP48E1 |
    +---------------------------------------------------------------------------------------------------+------------------+

    +---------------------------------------------------------------------------------------------------+------------------+
    | Path4 Cells                                                                                       | Primitive Type   |
    +---------------------------------------------------------------------------------------------------+------------------+
    | mul_8ns_8ns_16_1_1_U2/tmp_product                                                                 | MULT.dsp.DSP48E1 |
    | mac_muladd_8ns_8ns_16ns_17_4_1_U10/matrix_mult_mac_muladd_8ns_8ns_16ns_17_4_1_DSP48_0_U/p_reg_reg | MULT.dsp.DSP48E1 |
    | mul_8ns_8ns_16_1_1_U2/tmp_product                                                                 | MULT.dsp.DSP48E1 |
    | mac_muladd_8ns_8ns_16ns_17_4_1_U10/matrix_mult_mac_muladd_8ns_8ns_16ns_17_4_1_DSP48_0_U/p_reg_reg | MULT.dsp.DSP48E1 |
    | mul_8ns_8ns_16_1_1_U2/tmp_product                                                                 | MULT.dsp.DSP48E1 |
    | mac_muladd_8ns_8ns_16ns_17_4_1_U10/matrix_mult_mac_muladd_8ns_8ns_16ns_17_4_1_DSP48_0_U/p_reg_reg | MULT.dsp.DSP48E1 |
    | mul_8ns_8ns_16_1_1_U2/tmp_product                                                                 | MULT.dsp.DSP48E1 |
    | mac_muladd_8ns_8ns_16ns_17_4_1_U10/matrix_mult_mac_muladd_8ns_8ns_16ns_17_4_1_DSP48_0_U/p_reg_reg | MULT.dsp.DSP48E1 |
    | mul_8ns_8ns_16_1_1_U2/tmp_product                                                                 | MULT.dsp.DSP48E1 |
    | mac_muladd_8ns_8ns_16ns_17_4_1_U10/matrix_mult_mac_muladd_8ns_8ns_16ns_17_4_1_DSP48_0_U/p_reg_reg | MULT.dsp.DSP48E1 |
    +---------------------------------------------------------------------------------------------------+------------------+

    +---------------------------------------------------------------------------------------------------+------------------+
    | Path5 Cells                                                                                       | Primitive Type   |
    +---------------------------------------------------------------------------------------------------+------------------+
    | mul_8ns_8ns_16_1_1_U2/tmp_product                                                                 | MULT.dsp.DSP48E1 |
    | mac_muladd_8ns_8ns_16ns_17_4_1_U10/matrix_mult_mac_muladd_8ns_8ns_16ns_17_4_1_DSP48_0_U/p_reg_reg | MULT.dsp.DSP48E1 |
    | mul_8ns_8ns_16_1_1_U2/tmp_product                                                                 | MULT.dsp.DSP48E1 |
    | mac_muladd_8ns_8ns_16ns_17_4_1_U10/matrix_mult_mac_muladd_8ns_8ns_16ns_17_4_1_DSP48_0_U/p_reg_reg | MULT.dsp.DSP48E1 |
    | mul_8ns_8ns_16_1_1_U2/tmp_product                                                                 | MULT.dsp.DSP48E1 |
    | mac_muladd_8ns_8ns_16ns_17_4_1_U10/matrix_mult_mac_muladd_8ns_8ns_16ns_17_4_1_DSP48_0_U/p_reg_reg | MULT.dsp.DSP48E1 |
    | mul_8ns_8ns_16_1_1_U2/tmp_product                                                                 | MULT.dsp.DSP48E1 |
    | mac_muladd_8ns_8ns_16ns_17_4_1_U10/matrix_mult_mac_muladd_8ns_8ns_16ns_17_4_1_DSP48_0_U/p_reg_reg | MULT.dsp.DSP48E1 |
    | mul_8ns_8ns_16_1_1_U2/tmp_product                                                                 | MULT.dsp.DSP48E1 |
    | mac_muladd_8ns_8ns_16ns_17_4_1_U10/matrix_mult_mac_muladd_8ns_8ns_16ns_17_4_1_DSP48_0_U/p_reg_reg | MULT.dsp.DSP48E1 |
    +---------------------------------------------------------------------------------------------------+------------------+


================================================================
== RTL Synthesis Vivado Reports
================================================================
+--------------------------+--------------------------------------------------------------------+
| Report Type              | Report Location                                                    |
+--------------------------+--------------------------------------------------------------------+
| design_analysis          | impl/verilog/report/matrix_mult_design_analysis_synth.rpt          |
| failfast                 | impl/verilog/report/matrix_mult_failfast_synth.rpt                 |
| timing                   | impl/verilog/report/matrix_mult_timing_synth.rpt                   |
| timing_paths             | impl/verilog/report/matrix_mult_timing_paths_synth.rpt             |
| utilization              | impl/verilog/report/matrix_mult_utilization_synth.rpt              |
| utilization_hierarchical | impl/verilog/report/matrix_mult_utilization_hierarchical_synth.rpt |
+--------------------------+--------------------------------------------------------------------+


